03-09 20:41:07.190  2992  3615 I bluetooth: system/gd/hci/le_advertising_manager.cc:1868 on_set_advertising_set_random_address_complete: update random address for advertising set 1 : xx:xx:xx:xx:f1:13
03-09 20:41:07.197  2992  3676 E BtGatt.AdvertiseManager: [GSIM LOG]: gsimLogHandler, msg: MESSAGE_ADV_SET_START, appName: com.google.android.gms, id: 1, isLegacy: true
03-09 20:41:07.199 31075 31075 D BluetoothLeAdvertiser: onAdvertisingSetStarted(1, -10, 0)
03-09 20:41:07.199 31075 31075 I NearbyMediums: [InstantOnLostManager] Start instant onLost extended advertising, hashes = [ 0x27 0xbd 0x8b 0x3b ].
03-09 20:41:07.199 31075  1537 I NearbyMediums: Successfully stopped BLE advertising for service NearbySharing
03-09 20:41:07.203 31075  1537 D BluetoothServerSocket: BluetoothServerSocket:close() called. mChannel=-1
03-09 20:41:07.204 31075  1537 D BluetoothSocket: close() this: XX:XX:XX:XX:00:00, channel: 7, mSocketIS: android.net.LocalSocketImpl$SocketInputStream@93e5d7e, mSocketOS: android.net.LocalSocketImpl$SocketOutputStream@d7e62df, mSocket: android.net.LocalSocket@86a3b2c impl:android.net.LocalSocketImpl@34ac9f5 fd:java.io.FileDescriptor@8ded38a, mSocketState: LISTENING
03-09 20:41:07.206 31075  1493 I NearbySharing: Loading certificates with visibility SELF_SHARE
03-09 20:41:07.206 31075  1537 I NearbyMediums: Stopped accepting Bluetooth Classic connections for NearbySharing.
03-09 20:41:07.207 31075 31026 D BluetoothServerSocket: BluetoothServerSocket:close() called. mChannel=-1
03-09 20:41:07.207 31075 31026 D BluetoothSocket: close() this: XX:XX:XX:XX:00:00, channel: 7, mSocketIS: android.net.LocalSocketImpl$SocketInputStream@93e5d7e, mSocketOS: android.net.LocalSocketImpl$SocketOutputStream@d7e62df, mSocket: null, mSocketState: CLOSED
03-09 20:41:07.208 31075  1493 I NearbySharing: Saving the private certificate to file nearby_sharing_private_certificate_file_for_self.
03-09 20:41:07.209  2025  2574 I serviceDiscovery: [MdnsAdvertiser] Removing service with ID 2108
03-09 20:41:07.210  2025  3526 I WifiService: releaseMulticastLock uid=10236 lockTag=nearby-connections-147587320
03-09 20:41:07.210  2992  3741 I bt_btif_sock_rfcomm: system/btif/src/btif_sock_rfc.cc:557 cleanup_rfc_slot: disconnected from RFCOMM socket connections for device: 00:00:00:00:00:00, scn: 7, app_uid: 10236, slot_id: 613, socket_id: 0
03-09 20:41:07.210  2992  3741 I bt_bta_dm: system/bta/dm/bta_dm_act.cc:1333 bta_dm_set_eir: Generating extended inquiry response packet EIR
03-09 20:41:07.212 31075  1537 I Nearby  : (REDACTED) NsdManagerCompat released multicast lock %d.
03-09 20:41:07.212 31075  1537 I NearbyMediums: Stopped Wifi LAN advertising.
03-09 20:41:07.213 31075  1537 I NearbyMediums: Stopped listening for incoming Wifi Lan connections.
03-09 20:41:07.214 31075  1537 I NearbyMediums: Can't stop accepting WiFi connections because it was never started.
03-09 20:41:07.215  2992  3609 I bt_port_api: system/stack/rfcomm/port_api.cc:353 RFCOMM_RemoveServer: handle=20
03-09 20:41:07.215 31075  1537 I NearbyMediums: Can't stop NFC advertising because it was never started.
03-09 20:41:07.215 31075 31038 E NearbyMediums: MEDIUM_ERROR [SYSTEM][WIFI_LAN][START_LISTENING_INCOMING_CONNECTION][ACCEPT_CONNECTION_FAILED][SOCKET_CLOSED], service-id=NearbySharing
03-09 20:41:07.215 31075 31038 E NearbyMediums: Extra Sensitive/PII message : Socket closed
03-09 20:41:07.216 31075  1537 I NearbyMediums: Skipping stop accepting connections: we are not currently accepting WebRTC connections for NearbySharing.
03-09 20:41:07.218 31075  1537 I NearbyMediums: [WifiNetworkV2] WifiStatusChangedCallback unregistered for NearbySharing (wifiStatusChangedCallbacks.size:0)
03-09 20:41:07.230 31075  1493 I NearbySharing: Network state changed: NetworkState(isRestricted=false, isOnline=true, isCongested=false, isMetered=false, isWifiConnected=true)
03-09 20:41:07.232 31075  1493 I NearbySharing: Network state changed: NetworkState(isRestricted=false, isOnline=true, isCongested=false, isMetered=false, isWifiConnected=true)
03-09 20:41:07.232 31075  1537 I Nearby  : (REDACTED) Successfully shutdown executor %s.
03-09 20:41:07.236 31075 31094 I NearbyConnections: ClientProxy(0p:com.google.android.gms.nearby.sharing) allow WebRtc to use mobile data.
03-09 20:41:07.236 31075  1537 I NearbyMediums: Stopped BLE scanning, service-id=NearbyConnections.TxAdvertisement
03-09 20:41:07.236 31075 31094 I NearbyConnections: Client 70416044 requested advertising to start.
03-09 20:41:07.236 31075  1537 I NearbyConnections: [InstantConnectionPcpMgr] In invalidateTxAdvertisementScanning(by stopAdvertising) tx advertisement scanning skipped or stopped for endpointId:B7K1 serviceId:NearbySharing isScreenUnlocked:true isAdvertising:false powerLevel:BALANCED isTxScanning:true
03-09 20:41:07.237 31075  1545 I NearbyConnections: 70416044 0p:com.google.android.gms.nearby.sharing startAdvertising in nc mode.
03-09 20:41:07.237 31075  1537 I Nearby  : (REDACTED) Note nearby client %s for operation %s
03-09 20:41:07.255  2992  3637 I ScanController: onScanResult to scannerId: 1- eventType=0x1b, addressType=0, address=XX:XX:XX:XX:E1:51, primaryPhy=1, secondaryPhy=0, advertisingSid=0xff, txPower=127, rssi=-87, periodicAdvInt=0x0
03-09 20:41:07.255 31075  1537 I NearbyConnections: Instant Connection Security key rotated.
03-09 20:41:07.256 31075  1537 I NearbyConnections: Scheduled invalidation of the HPKE key alarm (delayMillis:8000) for client 70416044
03-09 20:41:07.257 31075  1537 I NearbyConnections: Get local endpoint id from random generation ZLR5 (last:null) for client 70416044
03-09 20:41:07.258 31075  1537 I NearbyMediums: Started BLE scanning, service-id=NearbyConnections.TxAdvertisement, is-extended-advert=true, power-level=2, scan-mode=3
03-09 20:41:07.263 31075  1537 I NearbyConnections: [InstantConnectionPcpMgr] In invalidateTxAdvertisementScanning(by pre_startAdvertising) tx advertisement scanning successfully started for enpointId:ZLR5 serviceId:NearbySharing isScreenUnlocked:true powerLevel:BALANCED
03-09 20:41:07.263 31075  1537 I NearbyConnections: [PcpManager] In startAdvertising() advertisingMediums:[WIFI_DIRECT, WIFI_HOTSPOT, WIFI_AWARE, WIFI_LAN, BLE] upgradeMediums:[USB, WIFI_LAN, WIFI_AWARE, WIFI_DIRECT, WIFI_HOTSPOT, WEB_RTC, BLE_L2CAP, BLUETOOTH, BLE, NFC] listener:244379072
03-09 20:41:07.263 31075  1537 I NearbyConnections: Get local endpoint id from the existing localEndpointId:ZLR5 (last:null) for client 70416044(0p:com.google.android.gms.nearby.sharing)
03-09 20:41:07.267 31075  1537 I NearbyMediums: [DeviceCapabilities] Get wifi usable channels from cache for mode WFD_GC (tryToRefreshCache:false channels:[2412..2472, 5180..5320, 5500..5720, 5745..5825])
03-09 20:41:07.269 31075  1537 I NearbyMediums: [DeviceCapabilities] Get wifi usable channels from cache for mode WFD_GO (tryToRefreshCache:false channels:[2412..2472, 5180..5240, 5745..5825])
03-09 20:41:07.271 31075  1537 I NearbyMediums: [DeviceCapabilities] Get wifi usable channels from cache for mode STA (tryToRefreshCache:false channels:[2412..2472, 5180..5320, 5500..5720, 5745..5825])
03-09 20:41:07.272 31075  1537 I NearbyMediums: [DeviceCapabilities] Get wifi usable channels from cache for mode AWARE (tryToRefreshCache:false channels:[2412..2472, 5180..5320, 5500..5720, 5745..5825])
03-09 20:41:07.273 31075  1537 I NearbyConnections: In generateRxInstantConnectionAdvBytes() advertisingMediums:[WIFI_DIRECT, WIFI_HOTSPOT, WIFI_AWARE, WIFI_LAN, BLE] capabilitiesSize:4 apFreq:5240 wfdGcUsableOrAvailableChs:[2412..2472, 5180..5320, 5500..5720, 5745..5825] wfdGoUsableOrAvailableChs:[2412..2472, 5180..5240, 5745..5825] hsStaUsableOrAvailableChs:[2412..2472, 5180..5320, 5500..5720, 5745..5825] awareUsableOrAvailableChs:[2412..2472, 5180..5320, 5500..5720, 5745..5825] rxAdvertisement(size:57):A0:17:77:A6:EE:0F:6C:F4:63:D3:32:CB:79:0D:B9:09:E9:88:D9:9C:2B:11:C9:5B:1A:9E:88:5A:CE:A2:28:1E:53:3B:84:15:05:7F:00:00:84:15:06:61:00:00:84:15:04:7F:00:00:83:15:01:14:78
03-09 20:41:07.280 31075  1537 D BluetoothSocket: bindListen(): mPort=-1, mType=1
03-09 20:41:07.285  2992 26056 I BluetoothSocketManagerBinder: createSocketChannel: type=1, serviceName=NearbySharing, uuid=a82efa21-ae5c-3dde-9bbc-f16da7b16c5a, port=-1, from uid/pid=10236/31075
03-09 20:41:07.285  2992 26056 I bt_btif_sock: system/btif/src/btif_sock.cc:182 btsock_listen: Attempting listen for socket connections for device: 00:00:00:00:00:00, type: 1, channel: -1, app_uid: 10236, data_path: 0, hub_id: 0, endpoint_id: 0, max_rx_packet_size: 0
03-09 20:41:07.286  2992 26056 I bt_btif_sock_rfcomm: system/btif/src/btif_sock_rfc.cc:414 btsock_rfc_listen: Adding listening socket service_name: NearbySharing - channel: -1
03-09 20:41:07.287  2992  3609 I bt_btif_sock_rfcomm: system/btif/src/btif_sock_rfc.cc:1024 jv_dm_cback: handling event:BTA_JV_GET_SCN_EVT, slot_id:614
03-09 20:41:07.287  2992  3609 I bt_btif_sock_rfcomm: system/btif/src/btif_sock_rfc.cc:1024 jv_dm_cback: handling event:BTA_JV_CREATE_RECORD_EVT, slot_id:614
03-09 20:41:07.288 31075  1537 I NearbyMediums: Started accepting Bluetooth Classic connections for NearbySharing.
03-09 20:41:07.289  2992  3609 I bt_bta_dm: system/bta/dm/bta_dm_act.cc:1333 bta_dm_set_eir: Generating extended inquiry response packet EIR
03-09 20:41:07.289  2992  3609 W rfcomm_port_utils: system/stack/rfcomm/port_utils.cc:289 port_find_mcb: not found, bd_addr:ff:ff:ff:ff:ff:ff
03-09 20:41:07.289  2992  3609 I bt_port_api: system/stack/rfcomm/port_api.cc:226 RFCOMM_CreateConnectionWithSecurity: bd_addr=ff:ff:ff:ff:ff:ff, scn=7, is_server=true, mtu=990, uuid=0x0, dlci=14, signal_state=0xb, p_port=0x707ac960d8
03-09 20:41:07.289  2992  3609 I bt_btif_sock_rfcomm: system/btif/src/btif_sock_rfc.cc:976 rfcomm_cback: handling BTA_JV_RFCOMM_START_EVT, slot_id:614
03-09 20:41:07.289  2992  3609 I bt_btif_sock_rfcomm: system/btif/src/btif_sock_rfc.cc:664 on_srv_rfc_listen_started: listening for RFCOMM socket connections for device: 00:00:00:00:00:00, scn: 7, app_uid: 10236, id: 614
03-09 20:41:07.293 31075  1537 D BluetoothAdapter: isLeEnabled(): ON
03-09 20:41:07.293  2992  3637 I ScanController: onScanResult to scannerId: 1- eventType=0x1b, addressType=0, address=XX:XX:XX:XX:E1:51, primaryPhy=1, secondaryPhy=0, advertisingSid=0xff, txPower=127, rssi=-87, periodicAdvInt=0x0
03-09 20:41:07.294 31075 31026 D BluetoothSocket: accept(), timeout (ms):-1
03-09 20:41:07.301  2992  3676 I bt_shim_advertiser: system/main/shim/le_advertising_manager.cc:155 StartAdvertisingSet: in shim layer
03-09 20:41:07.301  2992  3676 I bt_shim_advertiser: system/main/shim/le_advertising_manager.cc:174 StartAdvertisingSet: create advertising set, client_id:255, reg_id:-2250
03-09 20:41:07.301  2992  3615 W bluetooth: system/gd/hci/le_advertising_manager.cc:431 allocate_advertiser: advertiser_id=2
03-09 20:41:07.301  2992  3615 W bluetooth: system/gd/hci/le_advertising_manager.cc:643 create_extended_advertiser_with_id: advertiser_id=2
03-09 20:41:07.301  2992  3615 I bluetooth: system/gd/hci/le_advertising_manager.cc:722 create_extended_advertiser_with_id: Scheduling address rotation for advertiser_id=2
03-09 20:41:07.301  2992  3615 I bluetooth: system/gd/hci/le_address_manager.cc:581 GetNextPrivateAddressIntervalRange: client=advertising_set_2, nonwake=8m31s, wake=13m47s
03-09 20:41:07.301  2992  3615 I bluetooth: system/gd/hci/le_advertising_manager.cc:1307 enable_advertiser: advertiser_id=2
03-09 20:41:07.304  2992  3615 I bluetooth: system/gd/hci/le_advertising_manager.cc:1868 on_set_advertising_set_random_address_complete: update random address for advertising set 2 : xx:xx:xx:xx:71:3e
03-09 20:41:07.305  2992  3676 E BtGatt.AdvertiseManager: [GSIM LOG]: gsimLogHandler, msg: MESSAGE_ADV_SET_START, appName: com.google.android.gms, id: 2, isLegacy: false
03-09 20:41:07.306 31075  1493 D BluetoothLeAdvertiser: onAdvertisingSetStarted(2, -2, 0)
03-09 20:41:07.306 31075  1537 I NearbyMediums: Started BLE extended advertising. Regular Advertised : false, Fast Advertised : true, AdvertisingSetting : BleAdvertisingSetting{powerLevel= BALANCED_POWER, isConnectable= false, isPrivateGatt= true}.
03-09 20:41:07.307 31075  1537 D BluetoothAdapter: isLeEnabled(): ON
03-09 20:41:07.310  2992  3676 I bt_shim_advertiser: system/main/shim/le_advertising_manager.cc:155 StartAdvertisingSet: in shim layer
03-09 20:41:07.310  2992  3676 I bt_shim_advertiser: system/main/shim/le_advertising_manager.cc:174 StartAdvertisingSet: create advertising set, client_id:255, reg_id:-2251
03-09 20:41:07.310  2992  3615 W bluetooth: system/gd/hci/le_advertising_manager.cc:431 allocate_advertiser: advertiser_id=3
03-09 20:41:07.310  2992  3615 W bluetooth: system/gd/hci/le_advertising_manager.cc:643 create_extended_advertiser_with_id: advertiser_id=3
03-09 20:41:07.310  2992  3615 I bluetooth: system/gd/hci/le_advertising_manager.cc:722 create_extended_advertiser_with_id: Scheduling address rotation for advertiser_id=3
03-09 20:41:07.311  2992  3615 I bluetooth: system/gd/hci/le_address_manager.cc:581 GetNextPrivateAddressIntervalRange: client=advertising_set_3, nonwake=8m41s, wake=14m49s
03-09 20:41:07.311  2992  3615 I bluetooth: system/gd/hci/le_advertising_manager.cc:1307 enable_advertiser: advertiser_id=3
03-09 20:41:07.317  2992  3615 I bluetooth: system/gd/hci/le_advertising_manager.cc:1868 on_set_advertising_set_random_address_complete: update random address for advertising set 3 : xx:xx:xx:xx:62:09
03-09 20:41:07.322  2992  3676 E BtGatt.AdvertiseManager: [GSIM LOG]: gsimLogHandler, msg: MESSAGE_ADV_SET_START, appName: com.google.android.gms, id: 3, isLegacy: true
03-09 20:41:07.324 31075  1493 D BluetoothLeAdvertiser: onAdvertisingSetStarted(3, -2, 0)
03-09 20:41:07.325 31075  1537 I NearbyMediums: Started BLE Legacy advertising. Regular Header Advertised : false, Fast Advertised : true, AdvertisingSettings : BleAdvertisingSetting{powerLevel= BALANCED_POWER, isConnectable= false, isPrivateGatt= true}, isAcceptingConnection : false
03-09 20:41:07.325 31075  1537 I NearbyMediums: Successfully started BLE advertising of size 23 for service NearbySharing, deviceToken : [ 0xc5 0xfd ].
03-09 20:41:07.328 31075  1537 I NearbyMediums: Successfully bound ServerSocket for service NearbySharing to the stable port 53601.
03-09 20:41:07.328 31075  1537 I NearbyMediums: Successfully started listening for incoming Wifi Lan connections.
03-09 20:41:07.339  2025  4908 I WifiService: acquireMulticastLock uid=10236 lockTag=nearby-connections-264458870
03-09 20:41:07.341 31075  1537 I Nearby  : (REDACTED) NsdManagerCompat acquired multicast lock %d.
03-09 20:41:07.341  2732  2732 I wpa_supplicant: wpa_driver_nl80211_driver_cmd: wlan0 recv cmd RXFILTER-STOP
03-09 20:41:07.342  2732  2732 I wpa_supplicant: wpa_driver_nl80211_driver_cmd: wlan0 recv cmd RXFILTER-ADD 2
03-09 20:41:07.343  2025  2574 I serviceDiscovery: [MdnsAdvertiser] Adding service name: I1pMUjX8n14AAA, type: _FC9F5ED42C8A._tcp, subtypes: , hostAddresses: , hostname: null, port: 53601, network: null, expirationTime: null, txtRecord: {f=5240, n=Mi44u4-87L1uHIvk4sdFZxU, IPv4=192.168.1.104} with ID 2123 and subtypes {} advertisingOptions MdnsAdvertisingOptions{ }
03-09 20:41:07.343  2732  2732 I wpa_supplicant: wpa_driver_nl80211_driver_cmd: wlan0 recv cmd RXFILTER-START
03-09 20:41:07.397  2992  3637 I ScanController: onScanResult to scannerId: 1- eventType=0x1b, addressType=0, address=XX:XX:XX:XX:E1:51, primaryPhy=1, secondaryPhy=0, advertisingSid=0xff, txPower=127, rssi=-80, periodicAdvInt=0x0
03-09 20:41:07.399  2992  3637 I ScanController: onScanResult to scannerId: 5- eventType=0x10, addressType=1, address=XX:XX:XX:XX:96:C9, primaryPhy=1, secondaryPhy=0, advertisingSid=0xff, txPower=127, rssi=-84, periodicAdvInt=0x0
03-09 20:41:07.399 11336 11366 I BCMGR[11.2.04.4]: BeaconMainController] onReceive - [1 : bad rssi][2 : bad rssi][3 : bad rssi][4 : bad rssi][5 : bad rssi][6 : bad rssi][7 : bad rssi][8 : bad rssi][9 : bad rssi][10 : bad rssi]
03-09 20:41:07.456  2992  3637 I ScanController: onScanResult to scannerId: 1- eventType=0x1b, addressType=0, address=XX:XX:XX:XX:E1:51, primaryPhy=1, secondaryPhy=0, advertisingSid=0xff, txPower=127, rssi=-97, periodicAdvInt=0x0
03-09 20:41:07.694  1680  1792 D AALLightSensor: oldLux=0 [SA:-1 LA:-1] newLux=1 (oriLux: 1)
03-09 20:41:07.694  1680  1792 D AALService: [CRTC_115] onALIChanged: 0 -> 1
03-09 20:41:07.694  1680  1792 D AALService: onALIChanged skip ali evnet since dre off
03-09 20:41:07.787  2990  3732 D SatelliteController: isInCarrierRoamingNbIotNtn: satellite is disabled
03-09 20:41:07.793  3436  3436 I EPDG -- SIM0 [SMARTCELLULAR]: onSignalStrengthsChanged: SignalStrength:{mCdma=Invalid,mGsm=Invalid,mWcdma=Invalid,mTdscdma=Invalid,mLte=CellSignalStrengthLte: rssi=-103 rsrp=-102 rsrq=-11 rssnr=7 cqiTableIndex=2147483647 cqi=2147483647 ta=2147483647 level=3 parametersUseForLevel=0,mNr=Invalid,SignalBarInfo{ lteLevel=2 },rat=14,primary=CellSignalStrengthLte}
03-09 20:41:07.794  3436  4398 I EPDG -- SIM0 [SMARTCELLULAR]: lastLteRSRP is -102 currentLteRSRP is -102 lastLteRSRQ is -11 currentLteRSRQ is -11 lastLteSNR is 6 currentLteSNR is 7
03-09 20:41:07.853  1680  1792 D AALService: [CRTC_115] onALIChanged: 1 -> 0
03-09 20:41:07.854  1680  1792 D AALService: onALIChanged skip ali evnet since dre off
03-09 20:41:08.045  1546  1546 I libPerfCtl: xgfGetCmd ioctl_valid:-2
03-09 20:41:08.107  2025  2574 I serviceDiscovery: [MdnsAdvertiser.wlan0] Probing finished for service 2123
03-09 20:41:08.117 31075  1537 I NearbyMediums: Successfully advertised I1pMUjX8n14AAA on serviceID NearbySharing over Wifi LAN.
03-09 20:41:08.117 31075 31118 I NearbyMediums: WIFI_LAN registered service name:I1pMUjX8n14AAA type:null at ip:null port:0
03-09 20:41:08.127 31075  1537 I NearbyMediums: [WifiNetworkV2] WifiStatusChangedCallback registered for NearbySharing (wifiStatusChangedCallbacks.size:1)
03-09 20:41:08.128 31075  1537 I NearbyConnections: Get local endpoint id from the existing localEndpointId:ZLR5 (last:null) for client 70416044(0p:com.google.android.gms.nearby.sharing)
03-09 20:41:08.129 31075  1537 I NearbySharing: [broadcast provider] advertising started.
03-09 20:41:08.129 31075  1537 I NearbySharing: [broadcast controller] started.
03-09 20:41:08.129 31075  1537 I NearbySharing: [ReceiveManager] started.
03-09 20:41:08.130 31075  1537 I NearbySharing: NearbySharing Internal event ReceiveManagerStart(mode=2, isEveryoneMode=false, dataUsage=2, useQrCode=false, success=true)
03-09 20:41:08.130 31075 31038 I NearbySharing: [ClearcutLog] ADVERTISE_DEVICE_PRESENCE_START sessionId=0 flowId=5658595137341785379 sessionStatus: 1, visibility: 4
03-09 20:41:08.171  1451  1500 I libPerfCtl: xgfGetFPS pid:-1 fps:0
03-09 20:41:08.171  1451  1500 I libPerfCtl: xgfGetFPS ioctl_valid:-2
03-09 20:41:08.185  2025  2315 D InputReader: Btn_touch(6): value=1 when=347331.686678
03-09 20:41:08.190  2025  2315 I InputReader: Touch event's action is 0x0 (id=4, t=0) [pCnt=1, s=0.3309 ] when=347331.686678
03-09 20:41:08.203  2025  2314 I InputDispatcher: Delivering touch to (2746): action: 0x4, f=0x0, d=0, '2cd5969', t=1 
03-09 20:41:08.203  1496  1554 I VSyncReactor: Current= 90, Period= 90, hwcPeriod= 90
03-09 20:41:08.205  2025  2314 I InputDispatcher: Delivering touch to (3172): action: 0x0, f=0x0, d=0, 'cc22dc8', t=1 
03-09 20:41:08.207  2025  2314 D PowerManagerService: [api] userActivityFromNative : touch displayId=0 eventTime=347331686
03-09 20:41:08.207  3172  3172 I VRI[LauncherActivity]@bb0181d: ViewPostIme pointer 0
03-09 20:41:08.209  3172  3172 I HoneySpace.IconHoney: call activeLaunch 3900
03-09 20:41:08.209  2025  2314 D PowerManagerService: UserActivityStateListenerState: 1
03-09 20:41:08.210  2025  2314 D PowerManagerService: UserActivityState : 4 -> 1 groupId=0
03-09 20:41:08.210  2025  3526 I Pageboost: start alp : com.presenceprotocol.app.client
03-09 20:41:08.211  2025  2314 D PowerManagerService: displayReady: false groupId=0
03-09 20:41:08.211  3172  3172 I HoneySpace.AppscreenContainerView: findActiveTouchController ev = 0
03-09 20:41:08.212  2025  2073 I GestureDetector: obtain mCurrentDownEvent. id: 129139487 caller: com.android.server.wm.SystemGesturesPointerEventListener.onPointerEvent:17 com.android.server.wm.PointerEventDispatcher.onInputEvent:51 android.view.InputEventReceiver.dispatchInputEvent:392 
03-09 20:41:08.212  2025  3526 W ContextImpl: Calling a method in the system process without a qualified user: android.app.ContextImpl.startActivity:1189 com.android.server.am.ActivityManagerService.doActiveLaunch:101 android.app.IActivityManager$Stub.onTransact:5083 com.android.server.am.ActivityManagerService.onTransact:425 android.os.Binder.execTransactInternal:1462 
03-09 20:41:08.212  2025  2135 D DisplayPowerController[0]: animateScreenStateChange: target=ON, mIsEnabled=true
03-09 20:41:08.212  3172  3172 I HoneySpace.AppscreenHomeTouchController: onControllerInterceptTouchEvent ev = 0
03-09 20:41:08.213  3172  3172 I HoneySpace.AppscreenHomeTouchController: canIntercept = true
03-09 20:41:08.213  2025  2073 I GestureDetector: obtain mCurrentDownEvent. id: 129139487 caller: com.android.server.wm.SystemPerformancePointerEventListener.onPointerEvent:13 com.android.server.wm.PointerEventDispatcher.onInputEvent:51 android.view.InputEventReceiver.dispatchInputEvent:392 
03-09 20:41:08.215  2025  3526 D ActivityTaskManager: startActivityAsUser: callingPid=2025, callingUid=1000, caller=com.android.server.wm.ActivityTaskManagerService.startActivity:123 android.app.Instrumentation.execStartActivity:2010 android.app.ContextImpl.startActivity:1207 com.android.server.am.ActivityManagerService.doActiveLaunch:101 android.app.IActivityManager$Stub.onTransact:5083 com.android.server.am.ActivityManagerService.onTransact:425 android.os.Binder.execTransactInternal:1462 
03-09 20:41:08.215  3172  3172 I HoneySpace.ApplistFastRecyclerView: resetTouchState
03-09 20:41:08.215  2025  2073 I GestureDetector: obtain mCurrentMotionEventRaw. action: 2 id: 839321590
03-09 20:41:08.215  2025  2073 I GestureDetector: obtain mCurrentMotionEventRaw. action: 2 id: 839321590
03-09 20:41:08.215  3172  3172 I HoneySpace.ApplistFastRecyclerView: dispatchTouchEvent() event.action=0
03-09 20:41:08.215  3172  3172 I HoneySpace.ApplistFastRecyclerView: processDownMotionEvent, index = 0, id = 0
03-09 20:41:08.215  4847  4847 I SemDvfsHyPerManager: acquire hyper - TATouchBoost/4847@21, type = -999
03-09 20:41:08.215  3172  3172 I HoneySpace.ApplistFastRecyclerView: initTouchPoint, index = 0, id = 0
03-09 20:41:08.216  4847  4847 I SemDvfsHyPerManager: acquire hyper - TaskTurbo/4847@22, type = -999
03-09 20:41:08.216  2025  2747 I Pageboost: alp for : com.presenceprotocol.app.client , 0
03-09 20:41:08.216  2025  3526 D ActivityTaskManager: request preloading for newly launching app
03-09 20:41:08.216  2025  2025 I MdnieScenarioControlService: action  :  com.samsung.server.PowerManagerService.action.USER_ACTIVITY
03-09 20:41:08.217  2025  3526 I ActivityTaskManager: starting ActiveLaunch
03-09 20:41:08.217  2025  3526 D ActivityManager: starting Active launch
03-09 20:41:08.217  1448  1505 I HYPER-HAL: [RequestManager.cpp]acquire(): Acquired ID : 11851167  [4847 / 21]    HINT :      list : [TABoost / 55] [TIMEOUT / 1500] 
03-09 20:41:08.218  1448  1505 I HYPER-HAL: [RequestManager.cpp]acquire(): Acquired ID : 11856037  [4847 / 22]    HINT :      list : [TaskTurbo / 15] [TIMEOUT / 1500] 
03-09 20:41:08.218  3172  3172 I HoneySpace.IconView: start dim animation : Presence Protocol
03-09 20:41:08.219  3385  1567 E pageboostd: alp start : app compresenceprotocolappclient
03-09 20:41:08.223  2025  2135 W DisplayPowerController[0]: Animating brightness: target=13(0.05), rate=2.608, reason=automatic[13]
03-09 20:41:08.223  3172  3172 I VRI[LauncherActivity]@bb0181d: call setFrameRateCategory for touch hint category=high hint, reason=touch, vri=VRI[LauncherActivity]@bb0181d
03-09 20:41:08.224  2025  2135 D DisplayManagerService: handleBrightnessAnimation: started=true
03-09 20:41:08.226  1496  1496 I SurfaceFlinger: [com.sec.android.app.launcher/com.sec.android.app.launcher.activities.LauncherActivity$_3172#7913] setFrameRateCategory: HighHint
03-09 20:41:08.226  3172  3172 I HoneySpace.AppscreenContainerView: findActiveTouchController ev = 2
03-09 20:41:08.226  3172  3172 I HoneySpace.AppscreenHomeTouchController: onControllerInterceptTouchEvent ev = 2
03-09 20:41:08.226  3172  3172 I HoneySpace.ApplistFastRecyclerView: updateIsBeingDraggedOnTouchDown touchSlop:35, diff:10, moved:false, useLongTouchSlop:true
03-09 20:41:08.227  3172  3172 I HoneySpace.IconView: end dim animation : Presence Protocol
03-09 20:41:08.232  2025  2135 I RefreshRateTokenController: Adding refreshRateToken={ RefreshRateToken[->PassiveModeToken:BrightnessAnim, acquire at 347331739 (now)}, caller=com.android.server.display.mode.RefreshRateController.createPassiveModeToken:33 com.android.server.display.DisplayManagerService$$ExternalSyntheticLambda1.accept:365 com.android.server.display.DisplayPowerController.animateScreenBrightness:263 com.android.server.display.DisplayPowerController.updatePowerStateInternal:2573 com.android.server.display.DisplayPowerController.updatePowerState:9 
03-09 20:41:08.236  1425  1425 D Zygote  : Forked child process 1572
03-09 20:41:08.237  2025  2135 D AdaptiveBrightnessLongtermModelBuilder[0]: notifyBrightnessChanged(brightness=10.726000, userInitiated=false)
03-09 20:41:08.237  2025  2135 D DisplayPowerController[0]: putAutoBrightnessTransitionTime: transitionTime=15
03-09 20:41:08.237  2025  2085 D AdaptiveBrightnessLongtermModelBuilder[0]: handleBrightnessChanged: brightness: 10.726 userInitiated: false
03-09 20:41:08.238  2025  2085 D AdaptiveBrightnessLongtermModelBuilder[0]: updateAdaptiveBrightnessStats: l:0.0 b:10.726 u: false
03-09 20:41:08.238  2025  2135 D KNOX_MDM_SettingsProvider: isChangeAllowed() : name = auto_brightness_transition_time
03-09 20:41:08.238  2025  2087 I ActivityManager: Start proc 1572:com.presenceprotocol.app.client/u0a450 for activelaunch {com.presenceprotocol.app.client/com.presenceprotocol.app.ui.MainActivity}
03-09 20:41:08.238  2025  2087 D DynamicHiddenApp_BGProtectManager: [SecIpm] it's a ML_TYPE_EMPTYPROCESS protected process com.presenceprotocol.app.client
03-09 20:41:08.238  2025  2087 I ActivityManager: ProcessObserver broadcast disabled
03-09 20:41:08.239  2746  2828 D ShellStartingWindow: preload Icon com.presenceprotocol.app.client
03-09 20:41:08.239  2025  2085 D AdaptiveBrightnessWeightStats: log: l:0.0 b:3.1859362 t:0.03 u:false 
03-09 20:41:08.240  2025  2085 D AdaptiveBrightnessWeightStats: updateTransientStats: -10.0 < 0.0 < 10.0  b:3.1859362 t:0.03s
03-09 20:41:08.240  2025  2085 D AdaptiveBrightnessWeightStats: updateTransientStats: b: 3.1859362 ambientLux:0.0 currentBucketLux:0.0 mBrightnessMapper: 11.000013
03-09 20:41:08.241  3385  1567 E pageboostd: compresenceprotocolappclient, amt 0 scnt 0 fcnt 0
03-09 20:41:08.241  3385  1567 E pageboostd: compresenceprotocolappclient, amt 0 scnt 0 fcnt 0
03-09 20:41:08.241  3385  1567 E pageboostd: alp end : app compresenceprotocolappclient data_amount 0
03-09 20:41:08.245  2025  2135 D SettingsProvider: PUT_ret(/system/auto_brightness_transition_time), callingPackage:android
03-09 20:41:08.245  2025  2135 D DisplayPowerController[0]: saveBrightnessInfo: brt:0.050980393 adjBrt:0.050980393 min:0.0 max:1.0 hbm:0 tp:1.0 throttler:0 isAnimating:true
03-09 20:41:08.246  2025  2135 V DisplayPowerController[0]: Brightness [0.050980393] reason changing to: 'automatic', previous reason: 'automatic [ dim ]'.
03-09 20:41:08.246  2025  2135 I DisplayPowerController[0]: BrightnessEvent: brt=0.050980393 (39.0%), nits= 10.726, lux=0.0, reason=automatic, strat=AutomaticBrightnessStrategy, state=ON, stateReason=KEY, policy=BRIGHT, flags=, initBrt=0.010980394, rcmdBrt=0.050980393, preBrt=NaN, preLux=5.0, wasShortTermModelActive=false, autoBrightness=true (default), unclampedBrt=0.050980393, hbmMax=1.0, hbmMode=off, thrmMax=1.0, rbcStrength=-1, powerFactor=1.0, physDisp=Built-in Screen(local:4627039422300187648), logicalId=0, slowChange=false, rampSpeed=2.6078432
03-09 20:41:08.254  2746  2746 D BrightnessControllerObserver: BrightnessObserver.onChange() : auto_brightness_transition_time
03-09 20:41:08.254  2746  2746 D BrightnessControllerObserver: BrightnessObserver.onChange() : auto_brightness_transition_time
03-09 20:41:08.255  2025  2135 D DisplayPowerController[0]: [api] handleSettingsChange: sb: 0.051 abAdj: 0.000 sbLock: false fd: true
03-09 20:41:08.256  2025  2135 D PowerManagerService: displayReady: true groupId=0
03-09 20:41:08.256  2025  2135 D DisplayPowerController[0]: animateScreenStateChange: target=ON, mIsEnabled=true
03-09 20:41:08.256  1572  1572 I ocol.app.client: Late-enabling -Xcheck:jni
03-09 20:41:08.256  2025  2135 D DisplayPowerController[0]: saveBrightnessInfo: brt:0.050980393 adjBrt:0.050980393 min:0.0 max:1.0 hbm:0 tp:1.0 throttler:0 isAnimating:false
03-09 20:41:08.257  2025  2075 D BrightnessSynchronizer: onDisplayChanged() : displayId=0
03-09 20:41:08.257  2025  2135 D DisplayPowerController[0]: animateScreenStateChange: target=ON, mIsEnabled=true
03-09 20:41:08.257  2025  2315 D InputReader: Btn_touch(6): value=0 when=347331.770705
03-09 20:41:08.257  2025  2315 I InputReader: Touch event's action is 0x1 (id=4, t=0) [pCnt=1, s=] when=347331.770705
03-09 20:41:08.257  2025  2702 D BrightnessHandler: inject brightness = 13.0, Brightness: 0.050980393
03-09 20:41:08.258  2025  2314 I InputDispatcher: Delivering touch to (3172): action: 0x1, f=0x0, d=0, 'cc22dc8', t=1 
03-09 20:41:08.260  1444  1444 I SensorsHub: LightSensor::injectSensorData: brightness 13
03-09 20:41:08.262  2025  2702 D BrightnessHandler: inject brightness = 13.0, Brightness: 0.050980393
03-09 20:41:08.262  1444  1444 I SensorsHub: LightSensor::injectSensorData: brightness 13
03-09 20:41:08.263  2025  2075 D BrightnessSynchronizer: updateScreenBrightness: displayId=0 type=2 mPreferredSettingValue=0.42745098(109) currentBrightnessInt=109 currentBrightnessIntFromFloat=13(0.050980393)
03-09 20:41:08.263  2025  2075 D BrightnessSynchronizer: onChange: last float changed: 0.050980393 -> 13
03-09 20:41:08.264  2025  2075 D KNOX_MDM_SettingsProvider: isChangeAllowed() : name = screen_brightness
03-09 20:41:08.264  2025  2075 D SettingsProvider: PUT_ret(/system/screen_brightness), callingPackage:android
03-09 20:41:08.264  2746  2746 D SecBrightnessController: updateSlider() - BrightnessDialog resetTimer()
03-09 20:41:08.267  2025  2075 D BrightnessSynchronizer: onDisplayChanged() : displayId=0
03-09 20:41:08.267  2025  2075 D BrightnessSynchronizer: updateScreenBrightness: displayId=0 type=2 mPreferredSettingValue=0.050980393(13) currentBrightnessInt=13 currentBrightnessIntFromFloat=13(0.050980393)
03-09 20:41:08.267  1449  1449 I SehLight: lcd : 13+
03-09 20:41:08.267  2025  2075 D BrightnessSynchronizer: onChange : content://settings/system/screen_brightness
03-09 20:41:08.267  2025  2075 D BrightnessSynchronizer: updateScreenBrightness: displayId=0 type=1 mPreferredSettingValue=0.050980393(13) currentBrightnessInt=13 currentBrightnessIntFromFloat=13(0.050980393)
03-09 20:41:08.268  2025  2025 I SemDvfsHyPerManager: acquire hyper - SMOOTH_SCROLL/2025@23, type = -999
03-09 20:41:08.269  2025  2585 D MdnieScenarioControlService: settingDB update
03-09 20:41:08.269  2025  2025 I SemDvfsHyPerManager: acquire hyper - GESTURE_DETECTED_HRR/2025@26, type = -999
03-09 20:41:08.269  1448  1505 I HYPER-HAL: [RequestManager.cpp]acquire(): Acquired ID : 2098199  [2025 / 23]    HINT : SMOOTH_SCROLL    list : 
03-09 20:41:08.269  2025  2025 I SemDvfsHyPerManager: acquire hyper - GESTURE_DETECTED_HRR/2025@26, type = -999
03-09 20:41:08.269  2025  2585 D MdnieScenarioControlService:  packageName : com.sec.android.app.launcher    className : com.sec.android.app.launcher.Launcher
03-09 20:41:08.269  1448  1505 I HYPER-HAL: [RequestManager.cpp]acquire(): Acquired ID : 2104352  [2025 / 26]    HINT : GESTURE_DETECTED_HRR    list : [TIMEOUT / 909] 
03-09 20:41:08.270  1448  1505 I HYPER-HAL: [RequestManager.cpp]releaseLocked(): Released ID : 2098199
03-09 20:41:08.270  1448  1505 I HYPER-HAL: [RequestManager.cpp]acquire(): Acquired ID : 2104352  [2025 / 26]    HINT : GESTURE_DETECTED_HRR    list : [TIMEOUT / 909] 
03-09 20:41:08.271  2025  2585 V MdnieScenarioControlService: setUIMode from UI function(3)
03-09 20:41:08.275  2746  2746 D SecBrightnessController: updateSlider() - BrightnessDialog resetTimer()
03-09 20:41:08.276  2746  2746 D SecBrightnessController: updateSlider() - BrightnessDialog resetTimer()
03-09 20:41:08.277  2746  2746 D SecBrightnessController: updateSlider() - BrightnessDialog resetTimer()
03-09 20:41:08.277  3172  3172 I HoneySpace.AppscreenContainerView: findActiveTouchController ev = 2
03-09 20:41:08.277  3172  3172 I HoneySpace.AppscreenHomeTouchController: onControllerInterceptTouchEvent ev = 2
03-09 20:41:08.277  3172  3172 I HoneySpace.TouchDirectionDetector: displacementComponent = -38.0
03-09 20:41:08.277  3172  3172 I HoneySpace.TouchDirectionDetector: canScrollNegative direction = true
03-09 20:41:08.277  3172  3172 I HoneySpace.TouchDirectionDetector: direction.isNegative(displacement) = false
03-09 20:41:08.277  3172  3172 I HoneySpace.TouchDirectionDetector: canScrollPositive direction = true
03-09 20:41:08.277  3172  3172 I HoneySpace.TouchDirectionDetector: direction.isPositive(displacement) = true
03-09 20:41:08.278  3172  3172 I HoneySpace.BackgroundManagerImpl: updateProperties[ch=40185317], com.honeyspace.sdk.HomeScreen$Normal@c6349eb, true
03-09 20:41:08.278  3172  3172 I HoneySpace.BackgroundManagerImpl: updateDimColor[ch=40185317]
03-09 20:41:08.278  3172  3172 I HoneySpace.BackgroundManagerImpl: updateLastDimAndBlur[ch=40185317]dim[0.0 -> 0.65] ,wBlur[0.0 -> 2.0
03-09 20:41:08.279  3172  3172 I HoneySpace.BackgroundManagerImpl: updateLastState[40185317]: com.honeyspace.sdk.AppScreen$Normal@ad8ca5e -> com.honeyspace.sdk.HomeScreen$Normal@c6349eb
03-09 20:41:08.279  3172  3172 I HoneySpace.CapturedBlurViewModel: shouldUpdateWallpaperBlur : needToUpdateWallpaper = false, needToUpdateWallpaperBlur = false, capture = nonNull, isOrientationChanged() = false, isDisplayChanged() = false, isLiveWallpaper = false
03-09 20:41:08.279  3172  3172 I HoneySpace.CapturedBlurViewModel: updateWallpaperBlur() already captured
03-09 20:41:08.279  3172  3172 I HoneySpace.AppscreenPot: onPlayStarted com.honeyspace.sdk.HomeScreen$Normal@c6349eb
03-09 20:41:08.279  3172  3172 I HoneySpace.HoneyScreenManagerImpl: stopAppClosing
03-09 20:41:08.281  3172  3172 I HoneySpace.HoneyScreenManagerImpl: start state transition: p4.Y@3a5ad5c
03-09 20:41:08.281  3172  3172 I HoneySpace.HomescreenPot: show state: com.honeyspace.sdk.HomeScreen$Normal@c6349eb  screenShow: false
03-09 20:41:08.281  1449  1449 I SehLight: lcd : 13-
03-09 20:41:08.285  3172  3172 I HoneySpace.HomescreenPot: update SystemUI, changedState = com.honeyspace.sdk.HomeScreen$Normal@c6349eb
03-09 20:41:08.285  3172  3172 I HoneySpace.SystemUIControlUtils: updateSystemUI, show: true, type: statusBars navigationBars, forLauncher: true
03-09 20:41:08.285  3172  3172 I HoneySpace.WhiteBgColorUpdater: changeWhiteBgSystemUIColor, com.android.internal.policy.DecorView{fbb1919 V.E...... R....... 0,0-1080,2340 aid=0}[LauncherActivity], type = 2, supportWhiteBg = true, forced = false, fromHoneyType = homescreen, darkStatusBar = 0, darkNavigationBar = false
03-09 20:41:08.285  3172  3172 I HoneySpace.WhiteBgColorChanger: changeStatusBarColor, view = com.android.internal.policy.DecorView{fbb1919 V.E...... R....... 0,0-1080,2340 aid=0}[LauncherActivity], isDarkColor = false
03-09 20:41:08.285  3172  3172 I HoneySpace.WhiteBgColorUpdater: changeWhiteBgSystemUIColor, com.android.internal.policy.DecorView{fbb1919 V.E...... R....... 0,0-1080,2340 aid=0}[LauncherActivity], type = 3, supportWhiteBg = true, forced = false, fromHoneyType = homescreen, darkStatusBar = 0, darkNavigationBar = false
03-09 20:41:08.286  3172  3172 I HoneySpace.WhiteBgColorChanger: changeNavigationBarColor, view = com.android.internal.policy.DecorView{fbb1919 V.E...... R....... 0,0-1080,2340 aid=0}[LauncherActivity], isDarkColor = false
03-09 20:41:08.287  3172  3172 I ScrimView: setCurrentFlatColor alphaProgress = 0.619, currentFlatColor = 9e000000
03-09 20:41:08.288  3172  3172 I HoneySpace.BackgroundViewAlphaUpdater: setAlpha: 1.0
03-09 20:41:08.289  3172  3172 I HoneySpace.BackgroundViewAlphaUpdater: setAlpha: 0.0
03-09 20:41:08.289  3172  3172 I HoneySpace.AppscreenContainerView: founded touch controller : AppscreenHomeTouchController e3.b@4705e3d
03-09 20:41:08.289  3172  3172 I HoneySpace.ApplistFastRecyclerView: dispatchTouchEvent() screenManager.isOnStateTransition=true, suppressLayout=false
03-09 20:41:08.289  3172  3172 I HoneySpace.ApplistFastRecyclerView: onInterceptTouchEvent() return by isOnStateTransition
03-09 20:41:08.289  3172  3172 I VRI[LauncherActivity]@bb0181d: ViewPostIme pointer 1
03-09 20:41:08.289  3172  3172 I HoneySpace.AppscreenContainerView: onTouch event = 1
03-09 20:41:08.289  3172  3172 I HoneySpace.AppscreenHomeTouchController: Swipe Pos(AppscreenHomeTouchController) : (0.047500, 1)-End
03-09 20:41:08.290  3172  3172 I HoneySpace.HomescreenPot: show state: com.honeyspace.sdk.HomeScreen$Normal@c6349eb  screenShow: true
03-09 20:41:08.290  3172  3172 I HoneySpace.HomescreenPot: hide screenShow: true
03-09 20:41:08.290  3172  3172 I HoneySpace.WorkspaceFastRecyclerView: setCurrentPage() currentPage: 1, getNextPage: 1
03-09 20:41:08.291  3172  3172 I HoneySpace.WorkspacePageIndicatorViewModel: updateCurrentPage position : 1
03-09 20:41:08.291  3172  3172 I HoneySpace.WorkspacePageIndicatorViewModel: updateTargetPage 1
03-09 20:41:08.291  3172  5304 I HoneySpace.SPayHandler: updateSpayHandler, show = false, defaultPage = false
03-09 20:41:08.291  3172  3172 I HoneySpace.DiscoverPageMover: closeMinusOnePage : isSwipe true
03-09 20:41:08.292  1496  1496 I BufferQueueProducer: [com.sec.android.app.launcher/com.sec.android.app.launcher.activities.LauncherActivity$_3172#7913](this:0xb4000077e822d638,id:-1,api:0,p:-1,c:1496) queueBuffer: fps=0.14 dur=7167.43 max=7167.43 min=7167.43
03-09 20:41:08.293  3172  3172 I HoneySpace.HoneyScreenManagerImpl: hide HOME
03-09 20:41:08.294  3172  5304 I HoneySpace.SPayHandler: updateSpayHandler, show = false, defaultPage = false
03-09 20:41:08.294  3172  3172 I HoneySpace.BackgroundViewAlphaUpdater: setAlpha: 1.0
03-09 20:41:08.294  3172  3172 I HoneySpace.BackgroundViewAlphaUpdater: setAlpha: 0.0
03-09 20:41:08.296  1572  1572 I ocol.app.client: Using CollectorTypeCMC GC.
03-09 20:41:08.297  3172  3172 I HoneySpace.BackgroundManagerImpl: setProgress: com.honeyspace.sdk.HomeScreen$Normal@c6349eb, p=1.0, ch=40185317, open=false
03-09 20:41:08.297  3172  3172 I ScrimView: setCurrentFlatColor alphaProgress = 0.650, currentFlatColor = a6000000
03-09 20:41:08.297  3172  3172 I HoneySpace.BackgroundManagerImpl: setProgressToScrimView[ch=40185317]: progress = 1.0, dim = 0.0, currentDimAlpha={40185317=0.65, 267518678=0.0}
03-09 20:41:08.297  3172  3172 I HoneySpace.BackgroundViewAlphaUpdater: setAlpha: 1.0
03-09 20:41:08.297  3172  3172 I HoneySpace.BackgroundViewAlphaUpdater: setAlpha: 0.0
03-09 20:41:08.298  1496  1496 I BufferQueueProducer: [FramebufferSurface](this:0xb40000781acf0370,id:-1,api:1,p:1496,c:1496) queueBuffer: fps=0.14 dur=7165.52 max=7165.52 min=7165.52
03-09 20:41:08.299  3172  3172 I HoneySpace.BackgroundManagerImpl: setProgressToBlurView[ch=40185317, st =  com.honeyspace.sdk.HomeScreen$Normal@c6349eb, progress = 1.0, wb= 2.0]
03-09 20:41:08.299  3172  3172 I HoneySpace.HoneyScreenManagerImpl: gotoScreenWithAnimation not shouldOpen doOnEnd: HOME
03-09 20:41:08.299  3172  3172 I HoneySpace.AppscreenPot: update SystemUI, changedState = com.honeyspace.sdk.AppScreen$Normal@ad8ca5e
03-09 20:41:08.299  1442  1442 I hwcomposer: [HWCDisplay] (0 updateFps():4131), (type:1, mode:2) fps:0.139567,dur:7165.03,max:7165.03,min:7165.03  
03-09 20:41:08.299  3172  3172 I HoneySpace.SystemUIControlUtils: updateSystemUI, show: true, type: statusBars navigationBars, forLauncher: true
03-09 20:41:08.299  3172  3172 I HoneySpace.WhiteBgColorUpdater: changeWhiteBgSystemUIColor, com.android.internal.policy.DecorView{fbb1919 V.E...... R......D 0,0-1080,2340 aid=0}[LauncherActivity], type = 2, supportWhiteBg = false, forced = false, fromHoneyType = appscreen, darkStatusBar = 0, darkNavigationBar = false
03-09 20:41:08.299  3172  3172 I HoneySpace.WhiteBgColorChanger: changeStatusBarColor, view = com.android.internal.policy.DecorView{fbb1919 V.E...... R......D 0,0-1080,2340 aid=0}[LauncherActivity], isDarkColor = false
03-09 20:41:08.299  3172  3172 I HoneySpace.WhiteBgColorUpdater: changeWhiteBgSystemUIColor, com.android.internal.policy.DecorView{fbb1919 V.E...... R......D 0,0-1080,2340 aid=0}[LauncherActivity], type = 3, supportWhiteBg = false, forced = false, fromHoneyType = appscreen, darkStatusBar = 0, darkNavigationBar = false
03-09 20:41:08.299  3172  3172 I HoneySpace.WhiteBgColorChanger: changeNavigationBarColor, view = com.android.internal.policy.DecorView{fbb1919 V.E...... R......D 0,0-1080,2340 aid=0}[LauncherActivity], isDarkColor = false
03-09 20:41:08.299  3172  3172 I HoneySpace.BackgroundManagerImpl: updateProperties[ch=40185317], com.honeyspace.sdk.AppScreen$Normal@ad8ca5e, true
03-09 20:41:08.299  3172  3172 I HoneySpace.BackgroundManagerImpl: updateDimColor[ch=40185317]
03-09 20:41:08.299  3172  3172 I HoneySpace.BackgroundManagerImpl: updated the scrimView's end color : com.honeyspace.sdk.AppScreen$Normal@ad8ca5e
03-09 20:41:08.300  3172  3220 I HoneySpace.SALoggingUtils: SA Logging screenID: 201 eventId: 2006 detail: {det=3, Method=1} value: -1
03-09 20:41:08.300  3172  3172 I HoneySpace.BackgroundManagerImpl: updateLastDimAndBlur[ch=40185317]dim[0.65 -> 0.65] ,wBlur[2.0 -> 2.0
03-09 20:41:08.300  3172  3172 I HoneySpace.BackgroundManagerImpl: updateLastState[40185317]: com.honeyspace.sdk.HomeScreen$Normal@c6349eb -> com.honeyspace.sdk.AppScreen$Normal@ad8ca5e
03-09 20:41:08.301  3172  3172 I HoneySpace.CapturedBlurViewModel: shouldUpdateWallpaperBlur : needToUpdateWallpaper = false, needToUpdateWallpaperBlur = false, capture = nonNull, isOrientationChanged() = false, isDisplayChanged() = false, isLiveWallpaper = false
03-09 20:41:08.301  3172  3172 I HoneySpace.CapturedBlurViewModel: updateWallpaperBlur() already captured
03-09 20:41:08.301  3172  3172 I HoneySpace.BackgroundManagerImpl: checkAndUpdateBackgroundEffect: com.honeyspace.sdk.AppScreen$Normal@ad8ca5e, ch=40185317, forceApply=false
03-09 20:41:08.302  9363  9378 I adbd    : jdwp connection from 1572
03-09 20:41:08.314  1572  1572 D nativeloader: Load libframework-connectivity-tiramisu-jni.so using APEX ns com_android_tethering for caller /apex/com.android.tethering/javalib/framework-connectivity-t.jar: ok
03-09 20:41:08.332  1572  1572 D ActivityThread: setConscryptValidator
03-09 20:41:08.333  1572  1572 D ActivityThread: setConscryptValidator - put
03-09 20:41:08.337  2025  2747 I Pageboost: stop alp by timeout
03-09 20:41:08.338  3385  3385 E pageboostd: Received HALT command code 2
03-09 20:41:08.372  2025  2585 V MdnieScenarioControlService: mAclOffEnabled : false
03-09 20:41:08.376  1572  1572 D CompatChangeReporter: Compat change id reported: 242716250; UID 10450; state: ENABLED
03-09 20:41:08.455  2025  2135 D DisplayManagerService: handleBrightnessAnimation: started=false
03-09 20:41:08.455  2025  2135 I RefreshRateTokenController: Removing refreshRateToken={ RefreshRateToken[->PassiveModeToken:BrightnessAnim, acquire at 347331739 (229 ms ago)}, caller=com.android.server.display.mode.RefreshRateToken.release:5 com.android.server.display.DisplayManagerService$$ExternalSyntheticLambda1.accept:405 com.android.server.display.DisplayPowerController$3.run:24 android.os.Handler.handleCallback:995 android.os.Handler.dispatchMessage:103 
03-09 20:41:08.582  2974  3509 D IpClient/wlan0: addressUpdated: 2401:7000:531c:2201:fc81:53ff:fefd:e9d/64 on ifindex 53 flags 0x00000100 scope 0
03-09 20:41:08.583  2974  3509 D IpClient/wlan0: addressUpdated: 2401:7000:531c:2201:dc44:4d9c:985:580a/64 on ifindex 53 flags 0x00000021 scope 0
03-09 20:41:08.583  2974  3509 W AlarmManager: Unrecognized alarm listener com.android.networkstack.android.net.ip.IpClientLinkObserver$Dhcp6PdPreferredPrefixAlarmListener@71f8e2
03-09 20:41:08.585  3436  3436 I EPDG -- SIM1 [EpdgIntfCont]: sendInterfaceMessage, not mobile, ignore
03-09 20:41:08.586  3436  3436 I EPDG -- SIM0 [EpdgIntfCont]: sendInterfaceMessage, not mobile, ignore
03-09 20:41:08.586  3436  3436 I EPDG -- SIM0 [EpdgIntfCont]: sendInterfaceMessage, not mobile, ignore
03-09 20:41:08.586  3436  3436 I EPDG -- SIM1 [EpdgIntfCont]: sendInterfaceMessage, not mobile, ignore
03-09 20:41:08.607   581   581 D io_stats: !@   8,32 r 11504592 306148884 w 2700639 42318384 d 601757 41820268 f 324033 581923 iot 3076080 0 th 0 0 0 pt 0 inp 0 0 347332.119
03-09 20:41:08.607   581   581 D io_stats: !@ Read_top(KB): system_server:high(2025) 3428 ocol.app.client:high(1572) 2620 .gms.persistent:high(31075) 2592
03-09 20:41:08.607   581   581 D io_stats: !@ Write_top(KB): system_server:high(2025) 92 id.diagmonagent:high(4801) 24 kworker/6:2:/(32271) 4
03-09 20:41:08.681  2025  2632 I ChimeraPolicyHandler: onPsiMonitorTriggered() - psiLevel: 0
03-09 20:41:08.681  2025  2632 I ChimeraAggressivePolicyHandler: executePolicy() - triggerSource: TRIGGER_SOURCE_PSI_MEM_MONITOR
03-09 20:41:08.682  2025  2632 I ChimeraAggressivePolicyHandler: available memory: 1134064, free memory target: 696320, quit chimera
03-09 20:41:08.758  1572  1572 D nativeloader: Configuring clns-9 for other apk /data/app/~~zavwW_-eUANH-vwR-KZ_fw==/com.presenceprotocol.app.client-jV8q5Vj4JxTmqG9n6Tznyw==/base.apk. target_sdk_version=34, uses_libraries=, library_path=/data/app/~~zavwW_-eUANH-vwR-KZ_fw==/com.presenceprotocol.app.client-jV8q5Vj4JxTmqG9n6Tznyw==/lib/arm64:/data/app/~~zavwW_-eUANH-vwR-KZ_fw==/com.presenceprotocol.app.client-jV8q5Vj4JxTmqG9n6Tznyw==/base.apk!/lib/arm64-v8a, permitted_path=/data:/mnt/expand:/data/user/0/com.presenceprotocol.app.client
03-09 20:41:08.774  1572  1572 V GraphicsEnvironment: Currently set values for:
03-09 20:41:08.775  1572  1572 V GraphicsEnvironment:   angle_gl_driver_selection_pkgs=[]
03-09 20:41:08.775  1572  1572 V GraphicsEnvironment:   angle_gl_driver_selection_values=[]
03-09 20:41:08.775  1572  1572 V GraphicsEnvironment: com.presenceprotocol.app.client is not listed in per-application setting
03-09 20:41:08.775  1572  1572 V GraphicsEnvironment: ANGLE allowlist from config: com.dreamgames.royalmatch com.dts.freefiremax com.dxx.firenow com.gramgames.mergedragons com.ludo.king com.mojang.minecraftpe com.my.defense com.nintendo.zaka com.os.airforce com.playrix.fishdomdd.gplay io.teslatech.callbreak jp.konami.prospia net.peakgames.toonblast
03-09 20:41:08.775  1572  1572 V GraphicsEnvironment: com.presenceprotocol.app.client is not listed in ANGLE allowlist or settings, returning default
03-09 20:41:08.775  1572  1572 V GraphicsEnvironment: Neither updatable production driver nor prerelease driver is supported.
03-09 20:41:08.819  1572  1572 D WM-WrkMgrInitializer: Initializing WorkManager with default configuration.
03-09 20:41:08.857  1572  1572 D WM-PackageManagerHelper: Skipping component enablement for androidx.work.impl.background.systemjob.SystemJobService
03-09 20:41:08.857  1572  1572 D WM-Schedulers: Created SystemJobScheduler and enabled SystemJobService
03-09 20:41:08.888  1572  1637 E ashmem  : Pinning is deprecated since Android Q. Please use trim or other methods.
03-09 20:41:08.945  2025  2315 D InputReader: Btn_touch(6): value=1 when=347332.458402
03-09 20:41:08.945  2025  2315 I InputReader: Touch event's action is 0x0 (id=4, t=0) [pCnt=1, s=0.3310 ] when=347332.458402
03-09 20:41:08.946  2025  2314 I InputDispatcher: Delivering touch to (2746): action: 0x4, f=0x0, d=0, '2cd5969', t=1 
03-09 20:41:08.946  2025  2314 I InputDispatcher: Delivering touch to (3172): action: 0x0, f=0x0, d=0, 'cc22dc8', t=1 
03-09 20:41:08.947  2025  2073 I GestureDetector: obtain mCurrentDownEvent. id: 22194354 caller: com.android.server.wm.SystemGesturesPointerEventListener.onPointerEvent:17 com.android.server.wm.PointerEventDispatcher.onInputEvent:51 android.view.InputEventReceiver.dispatchInputEvent:392 
03-09 20:41:08.947  3172  3172 I VRI[LauncherActivity]@bb0181d: ViewPostIme pointer 0
03-09 20:41:08.947  2025  2073 I GestureDetector: obtain mCurrentDownEvent. id: 22194354 caller: com.android.server.wm.SystemPerformancePointerEventListener.onPointerEvent:13 com.android.server.wm.PointerEventDispatcher.onInputEvent:51 android.view.InputEventReceiver.dispatchInputEvent:392 
03-09 20:41:08.948  3172  3172 I HoneySpace.IconHoney: call activeLaunch 3900
03-09 20:41:08.948  4847  4847 I SemDvfsHyPerManager: acquire hyper - TATouchBoost/4847@21, type = -999
03-09 20:41:08.948  4847  4847 I SemDvfsHyPerManager: acquire hyper - TaskTurbo/4847@22, type = -999
03-09 20:41:08.948  1448  1505 I HYPER-HAL: [RequestManager.cpp]acquire(): Acquired ID : 11851167  [4847 / 21]    HINT :      list : [TABoost / 55] [TIMEOUT / 1500] 
03-09 20:41:08.949  1448  1505 I HYPER-HAL: [RequestManager.cpp]acquire(): Acquired ID : 11856037  [4847 / 22]    HINT :      list : [TaskTurbo / 15] [TIMEOUT / 1500] 
03-09 20:41:08.949  3172  3172 I HoneySpace.AppscreenContainerView: findActiveTouchController ev = 0
03-09 20:41:08.949  2025  3526 I Pageboost: start alp : com.presenceprotocol.app.client
03-09 20:41:08.949  3172  3172 I HoneySpace.AppscreenHomeTouchController: onControllerInterceptTouchEvent ev = 0
