03-09 20:41:13.117  2992  3615 W bluetooth: system/gd/hci/le_address_manager.cc:337 pause_registered_clients: pause_registered_clients
03-09 20:41:13.118  2992  3615 W bluetooth: system/gd/hci/le_address_manager.cc:337 pause_registered_clients: pause_registered_clients
03-09 20:41:13.118  2992  3615 W bluetooth: system/gd/hci/le_address_manager.cc:370 ack_pause: Client already in paused state
03-09 20:41:13.118  2992  3615 W bluetooth: system/gd/hci/le_address_manager.cc:374 ack_pause: Wait all clients paused, return
03-09 20:41:13.118  2992  3615 W bluetooth: system/gd/hci/le_address_manager.cc:370 ack_pause: Client already in paused state
03-09 20:41:13.118  2992  3615 W bluetooth: system/gd/hci/le_address_manager.cc:370 ack_pause: Client already in paused state
03-09 20:41:13.118  2992  3609 W acl     : system/stack/acl/ble_acl.cc:106 acl_ble_enhanced_connection_complete_from_shim: 
03-09 20:41:13.118  2992  3615 W bluetooth: system/gd/hci/le_address_manager.cc:374 ack_pause: Wait all clients paused, return
03-09 20:41:13.119  2992  3615 W bluetooth: system/gd/hci/le_address_manager.cc:370 ack_pause: Client already in paused state
03-09 20:41:13.119  2992  3615 W bluetooth: system/gd/hci/le_address_manager.cc:370 ack_pause: Client already in paused state
03-09 20:41:13.119  2992  3615 W bluetooth: system/gd/hci/le_address_manager.cc:370 ack_pause: Client already in paused state
03-09 20:41:13.119  2992  3609 I ble     : system/stack/btm/btm_ble_addr.cc:327 maybe_resolve_address: unable to match/resolve random address:xx:xx:xx:xx:7d:71
03-09 20:41:13.120  2992  3609 I ble_sec : system/stack/btm/btm_ble_sec.cc:1588 btm_ble_connected: Update timestamp for ble connection:xx:xx:xx:xx:7d:71
03-09 20:41:13.120  2992  3609 W l2c_ble : system/stack/l2cap/l2c_ble.cc:145 l2cble_conn_comp: 
03-09 20:41:13.121  2992  3609 W l2c_ble : system/stack/l2cap/l2c_ble.cc:1153 l2c_ble_link_adjust_allocation: link_xmit_data_q is null
03-09 20:41:13.122  2992  3615 I bluetooth: system/gd/hci/le_address_manager.cc:816 OnCommandComplete: Received command complete with op_code LE_REMOVE_DEVICE_FROM_FILTER_ACCEPT_LIST(0x2012)
03-09 20:41:13.123  2992  3615 I bluetooth: system/gd/hci/le_address_manager.cc:816 OnCommandComplete: Received command complete with op_code LE_REMOVE_DEVICE_FROM_FILTER_ACCEPT_LIST(0x2012)
03-09 20:41:13.123  2992  3615 I bluetooth: system/gd/hci/le_address_manager.cc:581 GetNextPrivateAddressIntervalRange: client=LeAddressManager, nonwake=7m25s, wake=14m33s
03-09 20:41:13.123  2992  3615 W bluetooth: system/gd/hci/le_address_manager.cc:598 CheckAddressRotationHappenedInExpectedTimeInterval: RPA rotation happened outside expected time interval. client=LeAddressManager
03-09 20:41:13.123  2992  3615 W bluetooth: system/gd/hci/le_address_manager.cc:603 CheckAddressRotationHappenedInExpectedTimeInterval: interval_min=Mon Mar  9 20:43:28 2026
03-09 20:41:13.123  2992  3615 W bluetooth: system/gd/hci/le_address_manager.cc:604 CheckAddressRotationHappenedInExpectedTimeInterval: interval_max=Mon Mar  9 20:49:24 2026
03-09 20:41:13.123  2992  3615 W bluetooth: system/gd/hci/le_address_manager.cc:605 CheckAddressRotationHappenedInExpectedTimeInterval: event_time=  Mon Mar  9 20:41:13 2026
03-09 20:41:13.125  2992  3615 I bluetooth: system/gd/hci/le_address_manager.cc:816 OnCommandComplete: Received command complete with op_code LE_SET_RANDOM_ADDRESS(0x2005)
03-09 20:41:13.125  2992  3615 I bluetooth: system/gd/hci/le_address_manager.cc:836 OnCommandComplete: update random address : xx:xx:xx:xx:ca:ff
03-09 20:41:13.125  2992  3615 I bluetooth: system/gd/hci/le_address_manager.cc:397 resume_registered_clients: Resuming registered clients
03-09 20:41:13.125  2992  3615 W bluetooth: system/gd/hci/acl_manager/le_impl.h:1583 OnResume: le_impl :: AckResume
03-09 20:41:13.125  2992  3615 W bluetooth: system/gd/hci/le_scanning_manager.cc:1825 OnResume: OnResume
03-09 20:41:13.125  2992  3615 W bluetooth: system/gd/hci/le_scanning_manager.cc:1828 OnResume: scan_on_resume_
03-09 20:41:13.125  2992  3615 W bluetooth: system/gd/hci/le_scanning_manager.cc:1834 OnResume: configure_scan_on_resume
03-09 20:41:13.125  2992  3615 I bluetooth: system/gd/hci/le_scanning_manager.cc:765 stop_scan: Scanning already stopped, return!
03-09 20:41:13.125  2992  3615 W bluetooth: system/gd/hci/le_scanning_manager.cc:732 start_scan: start_scan
03-09 20:41:13.125  2992  3615 I bluetooth: system/gd/hci/le_advertising_manager.cc:1532 OnResume: address_manager_registered=true
03-09 20:41:13.130  2992  3609 E bt_btu_hcif: system/stack/btu/btu_hcif.cc:1450 btu_hcif_hdl_command_status: Command status for opcode:0x2016 should not be handled here status:HCI_SUCCESS
03-09 20:41:13.132  1680  1792 D AALService: [CRTC_115] onALIChanged: 1 -> 0
03-09 20:41:13.133  1680  1792 D AALService: onALIChanged skip ali evnet since dre off
03-09 20:41:13.150  2992  3637 I ScanController: onScanResult to scannerId: 1- eventType=0x1b, addressType=0, address=XX:XX:XX:XX:E1:51, primaryPhy=1, secondaryPhy=0, advertisingSid=0xff, txPower=127, rssi=-80, periodicAdvInt=0x0
03-09 20:41:13.150  2992  3637 I ScanController: onScanResult to scannerId: 8- eventType=0x1b, addressType=0, address=XX:XX:XX:XX:E1:51, primaryPhy=1, secondaryPhy=0, advertisingSid=0xff, txPower=127, rssi=-80, periodicAdvInt=0x0
03-09 20:41:13.153  1572  1572 D PresenceDiscovery: SCAN_HIT addr=64:1C:B0:F3:E1:51 rssi=-80 uuids=none
03-09 20:41:13.157  2992  3637 I ScanController: onScanResult to scannerId: 1- eventType=0x1b, addressType=0, address=XX:XX:XX:XX:E1:51, primaryPhy=1, secondaryPhy=0, advertisingSid=0xff, txPower=127, rssi=-80, periodicAdvInt=0x0
03-09 20:41:13.158  2992  3637 I ScanController: onScanResult to scannerId: 8- eventType=0x1b, addressType=0, address=XX:XX:XX:XX:E1:51, primaryPhy=1, secondaryPhy=0, advertisingSid=0xff, txPower=127, rssi=-80, periodicAdvInt=0x0
03-09 20:41:13.161  1572  1572 D PresenceDiscovery: SCAN_HIT addr=64:1C:B0:F3:E1:51 rssi=-80 uuids=none
03-09 20:41:13.213  2992  3609 E bt_btu_hcif: system/stack/btu/btu_hcif.cc:1450 btu_hcif_hdl_command_status: Command status for opcode:0x41d should not be handled here status:HCI_SUCCESS
03-09 20:41:13.219  2992  3637 I ScanController: onScanResult to scannerId: 8- eventType=0x1b, addressType=1, address=XX:XX:XX:XX:D0:EB, primaryPhy=1, secondaryPhy=0, advertisingSid=0xff, txPower=127, rssi=-87, periodicAdvInt=0x0
03-09 20:41:13.224  1572  1572 D PresenceDiscovery: SCAN_HIT addr=7C:BF:87:8F:D0:EB rssi=-87 uuids=none
03-09 20:41:13.230  2992  3637 I ScanController: onScanResult to scannerId: 8- eventType=0x1b, addressType=1, address=XX:XX:XX:XX:0F:68, primaryPhy=1, secondaryPhy=0, advertisingSid=0xff, txPower=127, rssi=-87, periodicAdvInt=0x0
03-09 20:41:13.234  1572  1572 D PresenceDiscovery: SCAN_HIT addr=48:FD:9F:99:0F:68 rssi=-87 uuids=none
03-09 20:41:13.258  2992  3615 W bluetooth: system/gd/hci/acl_manager/le_impl.h:773 operator(): on_le_read_remote_version_information
03-09 20:41:13.259  2992  3637 I ScanController: onScanResult to scannerId: 1- eventType=0x1b, addressType=0, address=XX:XX:XX:XX:E1:51, primaryPhy=1, secondaryPhy=0, advertisingSid=0xff, txPower=127, rssi=-87, periodicAdvInt=0x0
03-09 20:41:13.260  2992  3609 W l2c_ble : system/stack/l2cap/l2c_ble.cc:111 l2cble_notify_le_connection: 
03-09 20:41:13.261  2992  3637 I ScanController: onScanResult to scannerId: 8- eventType=0x1b, addressType=0, address=XX:XX:XX:XX:E1:51, primaryPhy=1, secondaryPhy=0, advertisingSid=0xff, txPower=127, rssi=-87, periodicAdvInt=0x0
03-09 20:41:13.261  2992  3609 W l2c_ble : system/stack/l2cap/l2c_ble.cc:120 l2cble_notify_le_connection: update link status. p_lcb->link_state:3
03-09 20:41:13.261  2992  3609 W btm_acl : system/stack/acl/btm_acl.cc:1139 btm_establish_continue: 
03-09 20:41:13.261  2992  3609 W ble_sec : system/stack/btm/btm_ble_sec.cc:1623 btm_ble_connection_established: 
03-09 20:41:13.261  2992  3609 W ble_sec : system/stack/btm/btm_ble_sec.cc:1640 btm_ble_connection_established: Read device name
03-09 20:41:13.261  2992  3609 I gatt_api: system/stack/gatt/gatt_api.cc:1499 GATT_Connect: Registered for opportunistic connection gatt_if=42
03-09 20:41:13.262  2992  3609 I gatt_api: system/stack/gatt/gatt_api.cc:1499 GATT_Connect: Registered for opportunistic connection gatt_if=42
03-09 20:41:13.262  2992  3609 W bluetooth: system/stack/gatt/gatt_main.cc:508 gatt_le_connect_cback: GATT   ATT protocol channel with BDA: xx:xx:xx:xx:7d:71 is connected
03-09 20:41:13.262  2992  3637 I AdapterProperties: getBondedDevices: length=0
03-09 20:41:13.264  1572  1572 D PresenceDiscovery: SCAN_HIT addr=64:1C:B0:F3:E1:51 rssi=-87 uuids=none
03-09 20:41:13.265  2992  3609 I bluetooth: system/stack/gatt/gatt_attr.cc:1112 gatt_sr_init_cl_status: bda=xx:xx:xx:xx:7d:71, cl_supp_feat=0x0, aware=true
03-09 20:41:13.266  2992  3609 W bluetooth: system/stack/connection_manager/connection_manager.cc:150 get_apps_connecting_to: address=xx:xx:xx:xx:7d:71
03-09 20:41:13.267  2992  3609 W bluetooth: system/stack/gatt/gatt_main.cc:323 gatt_update_app_hold_link_status: Hold link status of [xx:xx:xx:xx:7d:71], size=0
03-09 20:41:13.267  2992  3609 I bluetooth: system/stack/gatt/gatt_main.cc:333 gatt_update_app_hold_link_status: added gatt_if=188
03-09 20:41:13.267  2992  3609 I bluetooth: system/stack/gatt/gatt_main.cc:399 gatt_update_app_use_link_flag: disable link idle timer for xx:xx:xx:xx:7d:71
03-09 20:41:13.267  2992  3609 I bt_l2cap: system/stack/l2cap/l2c_api.cc:1557 L2CA_MarkLeLinkAsActive: setting link to xx:xx:xx:xx:7d:71 as active
03-09 20:41:13.267  2992  3609 I gatt_api: system/stack/gatt/gatt_api.cc:1227 GATT_SetIdleTimeout: idle_timeout=65535, is_active=true, status=true (1-OK 0-not performed)
03-09 20:41:13.267  2992  3609 I bt_bta_gattc: system/bta/gatt/bta_gattc_act.cc:1396 bta_gattc_conn_cback: Connected client_if:188 addr:xx:xx:xx:xx:7d:71, transport:BT_TRANSPORT_LE reason:GATT_CONN_OK
03-09 20:41:13.267  2992  3609 W bluetooth: system/bta/gatt/bta_gatts_act.cc:568 bta_gatts_conn_cback: bda=xx:xx:xx:xx:7d:71 gatt_if= 206, conn_id=0xce connected=true
03-09 20:41:13.267  2992  3609 W bluetooth: system/bta/gatt/bta_gatts_act.cc:568 bta_gatts_conn_cback: bda=xx:xx:xx:xx:7d:71 gatt_if= 46, conn_id=0x2e connected=true
03-09 20:41:13.268  2992  3609 I bt_bta_gattc: system/bta/gatt/bta_gattc_act.cc:1396 bta_gattc_conn_cback: Connected client_if:44 addr:xx:xx:xx:xx:7d:71, transport:BT_TRANSPORT_LE reason:GATT_CONN_OK
03-09 20:41:13.268  2992  3609 I bt_bta_gattc: system/bta/gatt/bta_gattc_act.cc:1396 bta_gattc_conn_cback: Connected client_if:64 addr:xx:xx:xx:xx:7d:71, transport:BT_TRANSPORT_LE reason:GATT_CONN_OK
03-09 20:41:13.268  2992  3609 W bluetooth: system/stack/connection_manager/connection_manager.cc:468 on_connection_complete: Le connection completed to device:xx:xx:xx:xx:7d:71
03-09 20:41:13.268  2992  3609 W bluetooth: system/stack/connection_manager/connection_manager.cc:458 remove_all_clients_with_pending_connections: address=xx:xx:xx:xx:7d:71
03-09 20:41:13.268  2992  3609 W bluetooth: system/stack/connection_manager/connection_manager.cc:593 direct_connect_remove: app_id=188, address=xx:xx:xx:xx:7d:71
03-09 20:41:13.269  2992  3609 W bluetooth: system/stack/connection_manager/connection_manager.cc:625 direct_connect_remove: ACL_IgnoreLeConnectionFrom
03-09 20:41:13.269  2992  3609 I bt_l2cap: system/stack/l2cap/l2c_api.cc:1557 L2CA_MarkLeLinkAsActive: setting link to xx:xx:xx:xx:7d:71 as active
03-09 20:41:13.269  2992  3609 I gatt_api: system/stack/gatt/gatt_api.cc:1227 GATT_SetIdleTimeout: idle_timeout=65535, is_active=true, status=true (1-OK 0-not performed)
03-09 20:41:13.269  2992  3615 W bluetooth: system/gd/hci/acl_manager/le_impl.h:1440 cancel_connect: cancel_connect
03-09 20:41:13.269  2992  3615 W bluetooth: system/gd/hci/acl_manager/le_impl.h:921 direct_connect_remove: xx:xx:xx:xx:7d:71[RANDOM_DEVICE_ADDRESS(0x01)]
03-09 20:41:13.269  2992  3615 W bluetooth: system/gd/hci/acl_manager/le_impl.h:969 remove_device_from_accept_list: Device not in acceptlist and cannot be removed: xx:xx:xx:xx:7d:71[RANDOM_DEVICE_ADDRESS(0x01)]
03-09 20:41:13.273  2992  3609 I bluetooth: system/stack/gatt/gatt_main.cc:605 check_cached_model_name: Device xx:xx:xx:xx:7d:71 no cached model name
03-09 20:41:13.273  2992  3609 W smp     : system/stack/smp/smp_l2c.cc:101 smp_connect_callback: bd_addr:xx:xx:xx:xx:7d:71 transport:BT_TRANSPORT_LE, connected:true
03-09 20:41:13.273  2992  3609 W l2c_ble_conn_params: system/stack/l2cap/l2c_ble_conn_params.cc:439 l2cble_use_preferred_conn_params: 
03-09 20:41:13.274  2992  3609 W bt_bta_dm: system/bta/dm/bta_dm_act.cc:873 bta_dm_acl_up: Acl connected peer:xx:xx:xx:xx:7d:71 transport:BT_TRANSPORT_LE handle:512
03-09 20:41:13.274  2992  3609 W btm_acl : system/stack/acl/btm_acl.cc:2719 acl_peer_supports_sniff_subrating: Unable to find active acl
03-09 20:41:13.274  2992  3609 I bt_btif_dm: system/btif/src/btif_dm.cc:780 btif_update_remote_version_property: Remote version info valid:true [xx:xx:xx:xx:7d:71]:0xb,0xf,0x1
03-09 20:41:13.275 31075 31203 D BluetoothGattServer: onServerConnectionState() - status=0 serverIf=206 connected=true device=XX:XX:XX:XX:7D:71
03-09 20:41:13.275  2992  3609 W bta_gattc_main: system/bta/gatt/bta_gattc_main.cc:283 bta_gattc_sm_execute: State 0x01 [GATTC_W4_CONN_ST], Event 0x1f0c[BTA_GATTC_INT_CONN_EVT]
03-09 20:41:13.275  2992  3609 W bt_bta_gattc: system/bta/gatt/bta_gattc_act.cc:504 bta_gattc_conn: server cache state=0
03-09 20:41:13.275  2992  3609 W bt_bta_gattc: system/bta/gatt/bta_gattc_act.cc:507 bta_gattc_conn: conn_id=0xbc
03-09 20:41:13.278  2992  3609 I bt_bta_gattc: system/bta/gatt/bta_gattc_act.cc:545 bta_gattc_conn: Connected to xx:xx:xx:xx:7d:71, robust caching support is 2
03-09 20:41:13.278  2992  3609 I bt_bta_gattc: system/bta/gatt/bta_gattc_act.cc:901 bta_gattc_continue_with_version_and_cache_known: pending service discovery, read db hash first conn_id:0xbc
03-09 20:41:13.278  2992  3609 E bta_gattc_main: system/bta/gatt/bta_gattc_main.cc:385 bta_gattc_hdl_event: Ignore unknown conn ID: 44
03-09 20:41:13.278  2992  3609 E bta_gattc_main: system/bta/gatt/bta_gattc_main.cc:385 bta_gattc_hdl_event: Ignore unknown conn ID: 64
03-09 20:41:13.279  3855  3855 W [MCFServer]_McfSubscriberBleBehavior(29): onConnectionStateChange - Null handover target
03-09 20:41:13.279  3855  3855 I [MCFServer]_McfCasterBleBehavior(55): setConnected - peer = ($m)FC:7D, CONNECTED
03-09 20:41:13.279  2992  3637 W BatteryService: getBatteryService(): service is NULL
03-09 20:41:13.286  2992 26056 W bt_btif_core: system/btif/src/btif_core.cc:1212 btif_get_num_acl_links: role=1, transport=0
03-09 20:41:13.287  2992 26056 W bt_btif_core: system/btif/src/btif_core.cc:1212 btif_get_num_acl_links: role=0, transport=0
03-09 20:41:13.288  3855  3855 I [MCFServer]_BleUtil: BleConnectionLoad - Slave = 0, Master = 1
03-09 20:41:13.292  2025  2086 D ActivityManager: sync unfroze 1340 com.samsung.android.dqagent for 10
03-09 20:41:13.293  2025  2086 D ActivityManager: sync unfroze 1312 com.sec.android.CcInfo for 10
03-09 20:41:13.293  2992  3637 I ScanController: onScanResult to scannerId: 8- eventType=0x1b, addressType=1, address=XX:XX:XX:XX:15:C5, primaryPhy=1, secondaryPhy=0, advertisingSid=0xff, txPower=127, rssi=-99, periodicAdvInt=0x0
03-09 20:41:13.294  2992  3637 W bt_btif_gattc: system/btif/src/btif_gatt_client.cc:224 btif_gattc_upstreams_evt: Event BTA_GATTC_OPEN_EVT [2]
03-09 20:41:13.294  2992  3637 W BtGatt.GattService: pkgName : com.presenceprotocol.app.client
03-09 20:41:13.296  2025  2086 D ActivityManager: sync unfroze 1191 com.samsung.android.provider.filterprovider for 10
03-09 20:41:13.297  2025  2086 D ActivityManager: sync unfroze 1188 com.android.keychain for 10
03-09 20:41:13.297  2992  3637 I ScanController: Skipping client 8 for location deny list
03-09 20:41:13.298  2025  2086 D ActivityManager: sync unfroze 31312 com.samsung.android.lool for 10
03-09 20:41:13.299  2025  2086 D ActivityManager: sync unfroze 6140 com.android.settings for 10
03-09 20:41:13.299  1572  1664 D BluetoothGatt: onClientConnectionState() - status=0 clientIf=188 connected=true device=XX:XX:XX:XX:7D:71
03-09 20:41:13.300  1572  1572 D PresenceDiscovery: SCAN_HIT addr=61:D4:9F:6B:15:C5 rssi=-99 uuids=none
03-09 20:41:13.300  1572  1664 D PresenceGattClient: CLIENT_STATE addr=52:0A:E4:FC:7D:71 status=0 newState=2
03-09 20:41:13.300  1572  1664 E PresenceHandshake: PP_HANDSHAKE GATT_CONNECTED peer=52:0A:E4:FC:7D:71
03-09 20:41:13.300  1572  1664 D BluetoothGatt: discoverServices() - device: XX:XX:XX:XX:7D:71
03-09 20:41:13.303  2025  2699 I BluetoothDeviceBatteryManager: action: android.bluetooth.device.action.ACL_CONNECTED
03-09 20:41:13.303  2025  2025 D SLocation: DeviceStatusNotifyManager - broadcastReceiver.onReceive start 526717963
03-09 20:41:13.304  2025  2025 D SLocation: DeviceStatusNotifyManager - broadcastReceiver.onReceive end 526717963
03-09 20:41:13.305  1572  1664 D PresenceGattClient: DISCOVER_SERVICES_REQUEST addr=52:0A:E4:FC:7D:71 ok=true
03-09 20:41:13.305  2992  3609 W l2c_ble : system/stack/l2cap/l2c_ble.cc:111 l2cble_notify_le_connection: 
03-09 20:41:13.306  2992  3609 W bluetooth: system/stack/gatt/gatt_sr.cc:103 gatt_sr_enqueue_cmd: trans_id=1 tcb.tcb_idx=0
03-09 20:41:13.306  2025  2086 I ActivityManager: Changes in 10228 19 to 11, 0 to 128
03-09 20:41:13.307  2025  2973 I SLocation: DeviceStatusNotifyManager - received action : android.bluetooth.device.action.ACL_CONNECTED, package : null
03-09 20:41:13.307  2992  3609 W bta_gattc_main: system/bta/gatt/bta_gattc_main.cc:283 bta_gattc_sm_execute: State 0x03 [GATTC_DISCOVER_ST], Event 0x1f09[BTA_GATTC_API_SEARCH_EVT]
03-09 20:41:13.309  2746  2849 W BluetoothEventManager: AclStateChangedHandler: activeDevice is null
03-09 20:41:13.313  2025  2699 I BluetoothDeviceBatteryManager: # Alias(null) / Address(520AE4_1)
03-09 20:41:13.314  2992 11038 I BluetoothRemoteDevices: getBatteryLevel : -1 from HFP
03-09 20:41:13.314  2025  2699 I BluetoothDeviceBatteryManager: # BatteryLevel : -1
03-09 20:41:13.315  3307  3402 I RequestManager_FLP: onOpChanged, op=0 / packageName=com.google.android.projection.gearhead
03-09 20:41:13.315  4754  6196 I ebct    : (REDACTED) appOpsListener %s %s
03-09 20:41:13.315  4754  6196 I ebct    : (REDACTED) Ignoring irrelevant audio permission changes for package %s
03-09 20:41:13.316  2025  2973 D SLocation: BluetoothStatusMonitor - conn, (52:0A:E4:**:**:71/701), state : 10, 2
03-09 20:41:13.317  2992  3637 I ScanController: onScanResult to scannerId: 8- eventType=0x1a, addressType=0, address=XX:XX:XX:XX:AE:33, primaryPhy=1, secondaryPhy=0, advertisingSid=0xff, txPower=127, rssi=-93, periodicAdvInt=0x0
03-09 20:41:13.319 32648 32648 I BluetoothAdapter: BluetoothAdapter() : com.google.android.projection.gearhead
03-09 20:41:13.319  1288  1288 I GH.WifiBluetoothRcvr: Connection action: android.bluetooth.device.action.ACL_CONNECTED, device XX:XX:XX:XX:7D:71
03-09 20:41:13.320  4754  4754 I yyg     : onReceive
03-09 20:41:13.322  2992  3637 I ScanController: onScanResult to scannerId: 8- eventType=0x1b, addressType=1, address=XX:XX:XX:XX:7D:71, primaryPhy=1, secondaryPhy=0, advertisingSid=0xff, txPower=127, rssi=-54, periodicAdvInt=0x0
03-09 20:41:13.323  4754  5071 I aale    : (REDACTED) bluetoothConnectionStateChanged. Action: %s
03-09 20:41:13.324  4754  5071 I aakf    : Registering Gemini service client
03-09 20:41:13.324  1572  1572 D PresenceDiscovery: SCAN_HIT addr=D4:8D:26:03:AE:33 rssi=-93 uuids=0000feb9-0000-1000-8000-00805f9b34fb
03-09 20:41:13.324  4754  5071 I aakk    : Initializing PhoneMediaHandler
03-09 20:41:13.326  1572  1572 D PresenceDiscovery: SCAN_HIT addr=52:0A:E4:FC:7D:71 rssi=-54 uuids=7d3a2d6b-9b7a-4f2a-9e5e-0c9d6f1b1c01
03-09 20:41:13.326  1572  1572 D PresenceDiscovery: TARGET_MATCH addr=52:0A:E4:FC:7D:71 rssi=-54 uuids=7d3a2d6b-9b7a-4f2a-9e5e-0c9d6f1b1c01
03-09 20:41:13.332  2992  3637 I ScanController: onScanResult to scannerId: 8- eventType=0x10, addressType=1, address=XX:XX:XX:XX:DF:57, primaryPhy=1, secondaryPhy=0, advertisingSid=0xff, txPower=127, rssi=-86, periodicAdvInt=0x0
03-09 20:41:13.335  1572  1572 D PresenceDiscovery: SCAN_HIT addr=44:3C:EA:A4:DF:57 rssi=-86 uuids=none
03-09 20:41:13.335  1465  1503 E BatteryDump: !@new_battery_dump : 4427,-3,3000,3150,100,272,271,288,0,0,305,288,0,Full,NO_CHARGING,None,Good,PDIC,0,Normal,0,0,9420,0x0,0x10000,0x0,0,0,0,v0004,0,1/1-5000-0-3000,0000,0000,00000000,0,0,0,0,0,0,1,44105,10000,990,0,
03-09 20:41:13.336  1467  1467 I seh_thermal_service: getTemperaturesWithType SehTemperatureType: 3
03-09 20:41:13.336  1465  1465 I sehhealth-service: updateLrpSysfs: write: 306
03-09 20:41:13.341  1288  1812 I GH.CarSvcDataStorage: Using DB version: 13
03-09 20:41:13.341  2025  2630 D BackgroundInstallControlService: Package event received: 0
03-09 20:41:13.342  1312  1312 I BluetoothAdapter: BluetoothAdapter() : com.sec.android.CcInfo
03-09 20:41:13.343 31075 31075 D WearableService: Creating wearable service asynchronously.
03-09 20:41:13.344 31075 31130 D BluetoothAdapter: getBondedDevices() - package : com.google.android.gms, state : 12
03-09 20:41:13.345  2992 11038 I AdapterProperties: getBondedDevices: length=0
03-09 20:41:13.345 31075 31130 D BluetoothAdapter: getBondedDevices() - package : com.google.android.gms, state : 12
03-09 20:41:13.346  2992  3637 I ScanController: onScanResult to scannerId: 1- eventType=0x1b, addressType=0, address=XX:XX:XX:XX:E1:51, primaryPhy=1, secondaryPhy=0, advertisingSid=0xff, txPower=127, rssi=-80, periodicAdvInt=0x0
03-09 20:41:13.346  2992 26056 I AdapterProperties: getBondedDevices: length=0
03-09 20:41:13.346  2992  3637 I ScanController: onScanResult to scannerId: 8- eventType=0x1b, addressType=0, address=XX:XX:XX:XX:E1:51, primaryPhy=1, secondaryPhy=0, advertisingSid=0xff, txPower=127, rssi=-80, periodicAdvInt=0x0
03-09 20:41:13.347 31075 31130 D BluetoothAdapter: getBondedDevices() - package : com.google.android.gms, state : 12
03-09 20:41:13.348  1288  1288 D ConnectivityManager: StackLog: [android.net.ConnectivityManager.sendRequestForNetwork(ConnectivityManager.java:4744)] [android.net.ConnectivityManager.sendRequestForNetwork(ConnectivityManager.java:4912)] [android.net.ConnectivityManager.registerNetworkCallback(ConnectivityManager.java:5329)] [android.net.ConnectivityManager.registerNetworkCallback(ConnectivityManager.java:5299)] [com.google.android.apps.auto.components.connectivity.impl.ConnectivityEventHandlerImpl.c(SourceFile:94)] [com.google.android.apps.auto.components.connectivity.impl.ConnectivityEventHandlerImpl$ConnectivityEventBroadcastReceiver.c(SourceFile:112)] [jwv.b(SourceFile:189)] [lcw.onReceive(SourceFile:97)] [android.app.ActivityThread.handleReceiver(ActivityThread.java:5663)] [android.app.ActivityThread.-$$Nest$mhandleReceiver(Unknown Source:0)] [android.app.ActivityThread$H.handleMessage(ActivityThread.java:2904)]
03-09 20:41:13.348  2992 27369 I AdapterProperties: getBondedDevices: length=0
03-09 20:41:13.348  1572  1572 D PresenceDiscovery: SCAN_HIT addr=64:1C:B0:F3:E1:51 rssi=-80 uuids=none
03-09 20:41:13.351  1288  1288 I GH.WifiBluetoothRcvr: Wireless projection is available on this phone.
03-09 20:41:13.352  2025  2571 D ConnectivityService: Rematched networks [computed 1ms] [applied 1ms] [issued 1]
03-09 20:41:13.353  2025  2571 D ConnectivityService: NetworkReassignment : no changes
03-09 20:41:13.353  2992  3609 W l2c_ble : system/stack/l2cap/l2c_ble.cc:111 l2cble_notify_le_connection: 
03-09 20:41:13.354  2992  3609 I bluetooth: system/stack/rnr/remote_name_request.cc:199 btm_process_remote_name: RNR received expected name bd_addr:xx:xx:xx:xx:7d:71 hci_status:HCI_SUCCESS le_link:true
03-09 20:41:13.354  2992  3609 I bt_btm_sec: system/stack/btm/btm_sec.cc:2250 btm_sec_rmt_name_request_complete: btm_sec_rmt_name_request_complete for xx:xx:xx:xx:7d:71
03-09 20:41:13.354  2992  3609 W bt_btm_sec: system/stack/btm/btm_sec.cc:2257 btm_sec_rmt_name_request_complete: Remote read request complete with no underlying link connection
03-09 20:41:13.354  2992  3609 I bt_btif_dm: system/btif/src/btif_dm.cc:2469 btif_on_name_read_from_btm: xx:xx:xx:xx:7d:71 Josko's S21 Ultra
03-09 20:41:13.355  2992  3609 I bt_btif_dm: system/btif/src/btif_dm.cc:2448 btif_on_name_read: Callback for read name event addr:xx:xx:xx:xx:7d:71 name:Josko's S21 Ultra
03-09 20:41:13.355  2992  3609 W bt_btm_sec: system/stack/btm/btm_sec.cc:2409 btm_sec_rmt_name_request_complete: Security manager received RNR event when not in expected state
03-09 20:41:13.358  1288  1812 E ashmem  : Pinning is deprecated since Android Q. Please use trim or other methods.
03-09 20:41:13.363 31075 24758 D WearableService: onGetService: waiting for onCreate to be completed.
03-09 20:41:13.365  2992  3637 I ScanController: onScanResult to scannerId: 5- eventType=0x10, addressType=1, address=XX:XX:XX:XX:B5:0A, primaryPhy=1, secondaryPhy=0, advertisingSid=0xff, txPower=127, rssi=-98, periodicAdvInt=0x0
03-09 20:41:13.365  2992  3637 I ScanController: onScanResult to scannerId: 8- eventType=0x10, addressType=1, address=XX:XX:XX:XX:B5:0A, primaryPhy=1, secondaryPhy=0, advertisingSid=0xff, txPower=127, rssi=-98, periodicAdvInt=0x0
03-09 20:41:13.367 31075  1820 I Nearby  : (REDACTED) is blocked device type %s, isAuto=%s, isIot=%s, isLatchsky=%s, isChinaWearable=%s, isTv=%s, isWearable=%s (supportWearOs=%s), isChromeOsDevice=%s (supportChromeOs=%s)
03-09 20:41:13.369  2992  3637 I ScanController: onScanResult to scannerId: 8- eventType=0x10, addressType=1, address=XX:XX:XX:XX:8B:3E, primaryPhy=1, secondaryPhy=0, advertisingSid=0xff, txPower=127, rssi=-87, periodicAdvInt=0x0
03-09 20:41:13.369  1572  1572 D PresenceDiscovery: SCAN_HIT addr=31:B3:AB:77:B5:0A rssi=-98 uuids=none
03-09 20:41:13.370  1572  1572 D PresenceDiscovery: SCAN_HIT addr=0F:F7:63:AC:8B:3E rssi=-87 uuids=none
03-09 20:41:13.371 31075 31075 I NearbyDiscovery: (REDACTED) DiscoveryService onStartCommand action: %s
03-09 20:41:13.371 31075 31075 I NearbyDiscovery: (REDACTED) onAclChange: state=%s, transport=%s, %s
03-09 20:41:13.373  1288  1812 W CAR.BTCapsStore: Device not bonded, thus it's not currently AAW capable.
03-09 20:41:13.374  1288  1812 I CAR.BTCapsStore: AAW status (NOT_BONDED).
03-09 20:41:13.374  1288  1309 W CAR.BTCapsStore: Device not bonded, thus it's not currently AAW capable.
03-09 20:41:13.375  1288  1309 I CAR.BTCapsStore: AAW status (NOT_BONDED).
03-09 20:41:13.375  1288  1813 I GH.ConnBroadcast: Internet connected
03-09 20:41:13.378 31075 31100 I Wear_Controller: Wearable module requires a companion app to be installed.
03-09 20:41:13.378 31075 31100 I WearableService: onCreate: Wearable Services not starting. Wear is not available on this device.
03-09 20:41:13.380 31075 24758 W WearableService: onGetService: Wear is not available on this device.
03-09 20:41:13.380  1288  1317 I GH.ConnLoggerV2: Resumed session a7ed6bb9-6f3b-4bf1-8731-038e47f144f5
03-09 20:41:13.380  1288  1317 I GH.ConnLoggerV2: Session a7ed6bb9-6f3b-4bf1-8731-038e47f144f5, event 3, detail OptionalInt.empty, SESSION_RESUMED, at 526718040 
03-09 20:41:13.381  1288  1812 D BluetoothAdapter: getBondedDevices() - package : com.google.android.projection.gearhead, state : 12
03-09 20:41:13.381  1288  1317 I GH.ConnLoggerV2: Session a7ed6bb9-6f3b-4bf1-8731-038e47f144f5, event 4, detail OptionalInt.empty, GH_USB_CONFIGURED, at 526718039 
03-09 20:41:13.382 31075 27701 I NearbyDiscovery: (REDACTED) FastPair: lock scan rate if needed, %s, bondState=%s
03-09 20:41:13.382  2025  3526 D LocationManagerService: gps provider getLastLocation from : 10228/com.google.android.projection.gearhead
03-09 20:41:13.382  2992 26056 I AdapterProperties: getBondedDevices: length=0
03-09 20:41:13.383  4754  5082 W GoogleApiManager: Not showing notification since connectionResult is not user-facing: ConnectionResult{statusCode=API_UNAVAILABLE, resolution=null, message=null, clientMethodKey=null}
03-09 20:41:13.383  2025  3526 I BatteryService_BatteryPropertiesRegistrar: [getProperty]id:1
03-09 20:41:13.383  2025  3526 I BatteryService_BatteryPropertiesRegistrar: [getProperty]prop.long:-9223372036854775808 ,prop.string:null
03-09 20:41:13.384  2025  5056 D LocationManagerService: gps provider getLastLocation from : 10228/com.google.android.projection.gearhead
03-09 20:41:13.392  2992  3637 I ScanController: onScanResult to scannerId: 8- eventType=0x1b, addressType=0, address=XX:XX:XX:XX:63:75, primaryPhy=1, secondaryPhy=0, advertisingSid=0xff, txPower=127, rssi=-94, periodicAdvInt=0x0
03-09 20:41:13.393  1572  1572 D PresenceDiscovery: SCAN_HIT addr=C0:28:8D:35:63:75 rssi=-94 uuids=72daa6c3-29c2-6283-0c4a-2818e4d37e75
03-09 20:41:13.395  2992  3637 I ScanController: onScanResult to scannerId: 5- eventType=0x0, addressType=1, address=XX:XX:XX:XX:0A:E1, primaryPhy=1, secondaryPhy=1, advertisingSid=0x2, txPower=127, rssi=-82, periodicAdvInt=0x0
03-09 20:41:13.415  1288  1812 D nativeloader: Load /data/app/~~14SQwuyoePxWS9O7MtoiUQ==/com.google.android.projection.gearhead-vYKqwNABAl3S8JaXdHlRlQ==/split_config.arm64_v8a.apk!/lib/arm64-v8a/libmappedcountercacheversionjni.so using class loader ns clns-9 (caller=/data/app/~~14SQwuyoePxWS9O7MtoiUQ==/com.google.android.projection.gearhead-vYKqwNABAl3S8JaXdHlRlQ==/base.apk!classes2.dex): ok
03-09 20:41:13.422  2992  3637 I ScanController: onScanResult to scannerId: 8- eventType=0x1b, addressType=1, address=XX:XX:XX:XX:65:86, primaryPhy=1, secondaryPhy=0, advertisingSid=0xff, txPower=127, rssi=-87, periodicAdvInt=0x0
03-09 20:41:13.423  1572  1572 D PresenceDiscovery: SCAN_HIT addr=51:33:C8:F9:65:86 rssi=-87 uuids=none
03-09 20:41:13.450  2992  3609 W l2c_ble : system/stack/l2cap/l2c_ble.cc:111 l2cble_notify_le_connection: 
03-09 20:41:13.451  2992  3609 W bta_gattc_main: system/bta/gatt/bta_gattc_main.cc:283 bta_gattc_sm_execute: State 0x03 [GATTC_DISCOVER_ST], Event 0x1f0f[BTA_GATTC_OP_CMPL_EVT]
03-09 20:41:13.451  1680  1792 D AALService: [CRTC_115] onALIChanged: 0 -> 1
03-09 20:41:13.452  1680  1792 D AALService: onALIChanged skip ali evnet since dre off
03-09 20:41:13.458  2992  3609 W bt_bta_gattc: system/bta/gatt/bta_gattc_cache.cc:823 bta_gattc_read_db_hash_cmpl: hash found in cache, skip service discovery
03-09 20:41:13.458  2992  3609 I bt_bta_gattc: system/bta/gatt/bta_gattc_cache.cc:108 bta_gattc_display_cache_server: <=--------------=Start Server Cache =-----------=>
03-09 20:41:13.459  2992  3609 I bt_bta_gattc: system/bta/gatt/bta_gattc_cache.cc:111 bta_gattc_display_cache_server: Service: handle=0x0001, end_handle=0x0009, uuid=00001801-0000-1000-8000-00805f9b34fb
03-09 20:41:13.459  2992  3609 I bt_bta_gattc: system/bta/gatt/bta_gattc_cache.cc:111 bta_gattc_display_cache_server: 	 Characteristic: declaration_handle=0x0002, value_handle=0x0003, uuid=00002a05-0000-1000-8000-00805f9b34fb, prop=0x20
03-09 20:41:13.459  2992  3609 I bt_bta_gattc: system/bta/gatt/bta_gattc_cache.cc:111 bta_gattc_display_cache_server: 	 Characteristic: declaration_handle=0x0004, value_handle=0x0005, uuid=00002b3a-0000-1000-8000-00805f9b34fb, prop=0x02
03-09 20:41:13.459  2992  3609 I bt_bta_gattc: system/bta/gatt/bta_gattc_cache.cc:111 bta_gattc_display_cache_server: 	 Characteristic: declaration_handle=0x0006, value_handle=0x0007, uuid=00002b29-0000-1000-8000-00805f9b34fb, prop=0x0a
03-09 20:41:13.459  2992  3609 I bt_bta_gattc: system/bta/gatt/bta_gattc_cache.cc:111 bta_gattc_display_cache_server: 	 Characteristic: declaration_handle=0x0008, value_handle=0x0009, uuid=00002b2a-0000-1000-8000-00805f9b34fb, prop=0x02
03-09 20:41:13.459  2992  3609 I bt_bta_gattc: system/bta/gatt/bta_gattc_cache.cc:111 bta_gattc_display_cache_server: Service: handle=0x0014, end_handle=0x001a, uuid=00001800-0000-1000-8000-00805f9b34fb
03-09 20:41:13.459  2992  3609 I bt_bta_gattc: system/bta/gatt/bta_gattc_cache.cc:111 bta_gattc_display_cache_server: 	 Characteristic: declaration_handle=0x0015, value_handle=0x0016, uuid=00002a00-0000-1000-8000-00805f9b34fb, prop=0x02
03-09 20:41:13.459  2992  3609 I bt_bta_gattc: system/bta/gatt/bta_gattc_cache.cc:111 bta_gattc_display_cache_server: 	 Characteristic: declaration_handle=0x0017, value_handle=0x0018, uuid=00002a01-0000-1000-8000-00805f9b34fb, prop=0x02
03-09 20:41:13.459  2992  3609 I bt_bta_gattc: system/bta/gatt/bta_gattc_cache.cc:111 bta_gattc_display_cache_server: 	 Characteristic: declaration_handle=0x0019, value_handle=0x001a, uuid=00002aa6-0000-1000-8000-00805f9b34fb, prop=0x02
03-09 20:41:13.459  2992  3609 I bt_bta_gattc: system/bta/gatt/bta_gattc_cache.cc:111 bta_gattc_display_cache_server: Service: handle=0x0086, end_handle=0x008c, uuid=594a34fc-31db-11ea-978f-2e728ce88125
03-09 20:41:13.459  2992  3609 I bt_bta_gattc: system/bta/gatt/bta_gattc_cache.cc:111 bta_gattc_display_cache_server: 	 Characteristic: declaration_handle=0x0087, value_handle=0x0088, uuid=594a36e6-31db-11ea-978f-2e728ce88125, prop=0x28
03-09 20:41:13.459  2992  3609 I bt_bta_gattc: system/bta/gatt/bta_gattc_cache.cc:111 bta_gattc_display_cache_server: 		 Descriptor: handle=0x0089, uuid=594a3952-31db-11ea-978f-2e728ce88125
03-09 20:41:13.459  2992  3609 I bt_bta_gattc: system/bta/gatt/bta_gattc_cache.cc:111 bta_gattc_display_cache_server: 	 Characteristic: declaration_handle=0x008a, value_handle=0x008b, uuid=594a3010-31db-11ea-978f-2e728ce88125, prop=0x0c
03-09 20:41:13.459  2992  3609 I bt_bta_gattc: system/bta/gatt/bta_gattc_cache.cc:111 bta_gattc_display_cache_server: 		 Descriptor: handle=0x008c, uuid=594a3952-31db-11ea-978f-2e728ce88125
03-09 20:41:13.459  2992  3609 I bt_bta_gattc: system/bta/gatt/bta_gattc_cache.cc:111 bta_gattc_display_cache_server: Service: handle=0x008d, end_handle=0xffff, uuid=7d3a2d6b-9b7a-4f2a-9e5e-0c9d6f1b1c01
03-09 20:41:13.459  2992  3609 I bt_bta_gattc: system/bta/gatt/bta_gattc_cache.cc:111 bta_gattc_display_cache_server: 	 Characteristic: declaration_handle=0x008e, value_handle=0x008f, uuid=7d3a2d6b-9b7a-4f2a-9e5e-0c9d6f1b1c02, prop=0x0c
03-09 20:41:13.459  2992  3609 I bt_bta_gattc: system/bta/gatt/bta_gattc_cache.cc:111 bta_gattc_display_cache_server: 	 Characteristic: declaration_handle=0x0090, value_handle=0x0091, uuid=7d3a2d6b-9b7a-4f2a-9e5e-0c9d6f1b1c03, prop=0x10
03-09 20:41:13.459  2992  3609 I bt_bta_gattc: system/bta/gatt/bta_gattc_cache.cc:111 bta_gattc_display_cache_server: 		 Descriptor: handle=0x0092, uuid=00002902-0000-1000-8000-00805f9b34fb
03-09 20:41:13.459  2992  3609 I bt_bta_gattc: system/bta/gatt/bta_gattc_cache.cc:111 bta_gattc_display_cache_server: 	 Characteristic: declaration_handle=0x0093, value_handle=0x0094, uuid=7d3a2d6b-9b7a-4f2a-9e5e-0c9d6f1b1c04, prop=0x0c
03-09 20:41:13.459  2992  3609 I bt_bta_gattc: system/bta/gatt/bta_gattc_cache.cc:113 bta_gattc_display_cache_server: <=--------------=End Server Cache =-----------=>
03-09 20:41:13.459  2992  3609 W bta_gattc_main: system/bta/gatt/bta_gattc_main.cc:283 bta_gattc_sm_execute: State 0x03 [GATTC_DISCOVER_ST], Event 0x1f0e[BTA_GATTC_DISCOVER_CMPL_EVT]
03-09 20:41:13.462  2992  3609 W l2c_ble_conn_params: system/stack/l2cap/l2c_ble_conn_params.cc:128 L2CA_LockBleConnParamsForServiceDiscovery: xx:xx:xx:xx:7d:71 service discovery already locked/unlocked conn params: false
03-09 20:41:13.462  2992  3609 W bta_gattc_main: system/bta/gatt/bta_gattc_main.cc:283 bta_gattc_sm_execute: State 0x02 [GATTC_CONN_ST], Event 0x1f09[BTA_GATTC_API_SEARCH_EVT]
03-09 20:41:13.462  2992  3637 W bt_btif_gattc: system/btif/src/btif_gatt_client.cc:224 btif_gattc_upstreams_evt: Event BTA_GATTC_SEARCH_RES_EVT [7]
03-09 20:41:13.462  2992  3637 W bt_btif_gattc: system/btif/src/btif_gatt_client.cc:306 btif_gattc_upstreams_evt: Ignoring event (7)
03-09 20:41:13.462  2992  3637 W bt_btif_gattc: system/btif/src/btif_gatt_client.cc:224 btif_gattc_upstreams_evt: Event BTA_GATTC_SEARCH_RES_EVT [7]
03-09 20:41:13.463  2992  3637 W bt_btif_gattc: system/btif/src/btif_gatt_client.cc:306 btif_gattc_upstreams_evt: Ignoring event (7)
03-09 20:41:13.463  2992  3637 W bt_btif_gattc: system/btif/src/btif_gatt_client.cc:224 btif_gattc_upstreams_evt: Event BTA_GATTC_SEARCH_RES_EVT [7]
03-09 20:41:13.463  2992  3637 W bt_btif_gattc: system/btif/src/btif_gatt_client.cc:306 btif_gattc_upstreams_evt: Ignoring event (7)
03-09 20:41:13.463  2992  3637 W bt_btif_gattc: system/btif/src/btif_gatt_client.cc:224 btif_gattc_upstreams_evt: Event BTA_GATTC_SEARCH_RES_EVT [7]
03-09 20:41:13.463  2992  3637 W bt_btif_gattc: system/btif/src/btif_gatt_client.cc:306 btif_gattc_upstreams_evt: Ignoring event (7)
03-09 20:41:13.463  2992  3637 W bt_btif_gattc: system/btif/src/btif_gatt_client.cc:224 btif_gattc_upstreams_evt: Event BTA_GATTC_SEARCH_CMPL_EVT [6]
03-09 20:41:13.463  2992  3637 I bt_bta_gattc: system/bta/gatt/bta_gattc_cache.cc:1081 bta_gattc_get_gatt_db: 
03-09 20:41:13.463  2992  3637 W bt_bta_gattc: system/bta/gatt/bta_gattc_cache.cc:983 bta_gattc_get_gatt_db_impl: start_handle 0x0000, end_handle 0xffff
03-09 20:41:13.478  2992  3637 W bt_btif_gattc: system/btif/src/btif_gatt_client.cc:224 btif_gattc_upstreams_evt: Event BTA_GATTC_SRVC_DISC_DONE_EVT [8]
03-09 20:41:13.478  2992  3637 W bt_btif_gattc: system/btif/src/btif_gatt_client.cc:306 btif_gattc_upstreams_evt: Ignoring event (8)
03-09 20:41:13.479  1572  1664 D BluetoothGatt: onSearchComplete() = address=XX:XX:XX:XX:7D:71 status=0
03-09 20:41:13.479  1572  1664 E PresenceHandshake: PP_HANDSHAKE SERVICES_DISCOVERED peer=52:0A:E4:FC:7D:71
03-09 20:41:13.479  1572  1664 D PresenceGattClient: DISCOVERED_SERVICE addr=52:0A:E4:FC:7D:71 uuid=00001801-0000-1000-8000-00805f9b34fb
03-09 20:41:13.479  1572  1664 D PresenceGattClient: DISCOVERED_CHAR addr=52:0A:E4:FC:7D:71 service=00001801-0000-1000-8000-00805f9b34fb uuid=00002a05-0000-1000-8000-00805f9b34fb
03-09 20:41:13.479  1572  1664 D PresenceGattClient: DISCOVERED_CHAR addr=52:0A:E4:FC:7D:71 service=00001801-0000-1000-8000-00805f9b34fb uuid=00002b3a-0000-1000-8000-00805f9b34fb
03-09 20:41:13.479  1572  1664 D PresenceGattClient: DISCOVERED_CHAR addr=52:0A:E4:FC:7D:71 service=00001801-0000-1000-8000-00805f9b34fb uuid=00002b29-0000-1000-8000-00805f9b34fb
03-09 20:41:13.479  1572  1664 D PresenceGattClient: DISCOVERED_CHAR addr=52:0A:E4:FC:7D:71 service=00001801-0000-1000-8000-00805f9b34fb uuid=00002b2a-0000-1000-8000-00805f9b34fb
03-09 20:41:13.480  1572  1664 D PresenceGattClient: DISCOVERED_SERVICE addr=52:0A:E4:FC:7D:71 uuid=00001800-0000-1000-8000-00805f9b34fb
03-09 20:41:13.480  1572  1664 D PresenceGattClient: DISCOVERED_CHAR addr=52:0A:E4:FC:7D:71 service=00001800-0000-1000-8000-00805f9b34fb uuid=00002a00-0000-1000-8000-00805f9b34fb
03-09 20:41:13.480  1572  1664 D PresenceGattClient: DISCOVERED_CHAR addr=52:0A:E4:FC:7D:71 service=00001800-0000-1000-8000-00805f9b34fb uuid=00002a01-0000-1000-8000-00805f9b34fb
03-09 20:41:13.480  1572  1664 D PresenceGattClient: DISCOVERED_CHAR addr=52:0A:E4:FC:7D:71 service=00001800-0000-1000-8000-00805f9b34fb uuid=00002aa6-0000-1000-8000-00805f9b34fb
03-09 20:41:13.480  1572  1664 D PresenceGattClient: DISCOVERED_SERVICE addr=52:0A:E4:FC:7D:71 uuid=594a34fc-31db-11ea-978f-2e728ce88125
03-09 20:41:13.480  1572  1664 D PresenceGattClient: DISCOVERED_CHAR addr=52:0A:E4:FC:7D:71 service=594a34fc-31db-11ea-978f-2e728ce88125 uuid=594a36e6-31db-11ea-978f-2e728ce88125
03-09 20:41:13.480  1572  1664 D PresenceGattClient: DISCOVERED_CHAR addr=52:0A:E4:FC:7D:71 service=594a34fc-31db-11ea-978f-2e728ce88125 uuid=594a3010-31db-11ea-978f-2e728ce88125
03-09 20:41:13.480  2992  3637 I ScanController: onScanResult to scannerId: 5- eventType=0x10, addressType=1, address=XX:XX:XX:XX:45:CD, primaryPhy=1, secondaryPhy=0, advertisingSid=0xff, txPower=127, rssi=-47, periodicAdvInt=0x0
03-09 20:41:13.480  1572  1664 D PresenceGattClient: DISCOVERED_SERVICE addr=52:0A:E4:FC:7D:71 uuid=7d3a2d6b-9b7a-4f2a-9e5e-0c9d6f1b1c01
03-09 20:41:13.480  1572  1664 D PresenceGattClient: DISCOVERED_CHAR addr=52:0A:E4:FC:7D:71 service=7d3a2d6b-9b7a-4f2a-9e5e-0c9d6f1b1c01 uuid=7d3a2d6b-9b7a-4f2a-9e5e-0c9d6f1b1c02
03-09 20:41:13.480  2992  3637 I ScanController: onScanResult to scannerId: 8- eventType=0x10, addressType=1, address=XX:XX:XX:XX:45:CD, primaryPhy=1, secondaryPhy=0, advertisingSid=0xff, txPower=127, rssi=-47, periodicAdvInt=0x0
03-09 20:41:13.480  1572  1664 D PresenceGattClient: DISCOVERED_CHAR addr=52:0A:E4:FC:7D:71 service=7d3a2d6b-9b7a-4f2a-9e5e-0c9d6f1b1c01 uuid=7d3a2d6b-9b7a-4f2a-9e5e-0c9d6f1b1c03
03-09 20:41:13.481  2992  3637 I ScanController: onScanResult to scannerId: 8- eventType=0x1b, addressType=1, address=XX:XX:XX:XX:7D:71, primaryPhy=1, secondaryPhy=0, advertisingSid=0xff, txPower=127, rssi=-52, periodicAdvInt=0x0
03-09 20:41:13.482  1572  1664 D PresenceGattClient: DISCOVERED_CHAR addr=52:0A:E4:FC:7D:71 service=7d3a2d6b-9b7a-4f2a-9e5e-0c9d6f1b1c01 uuid=7d3a2d6b-9b7a-4f2a-9e5e-0c9d6f1b1c04
03-09 20:41:13.482  1572  1664 D PresenceGattClient: SERVICE_LOOKUP addr=52:0A:E4:FC:7D:71 serviceFound=true replyFound=true helloFound=true
03-09 20:41:13.482  1572  1664 D BluetoothGatt: setCharacteristicNotification() - uuid: 7d3a2d6b-9b7a-4f2a-9e5e-0c9d6f1b1c03 enable: true
03-09 20:41:13.483  1572  1572 D PresenceDiscovery: SCAN_HIT addr=15:F4:60:83:45:CD rssi=-47 uuids=none
03-09 20:41:13.483  2992  3637 I ScanController: onScanResult to scannerId: 8- eventType=0x10, addressType=0, address=XX:XX:XX:XX:BB:F0, primaryPhy=1, secondaryPhy=0, advertisingSid=0xff, txPower=127, rssi=-91, periodicAdvInt=0x0
03-09 20:41:13.485  2992  3637 I ScanController: onScanResult to scannerId: 8- eventType=0x10, addressType=0, address=XX:XX:XX:XX:E6:30, primaryPhy=1, secondaryPhy=0, advertisingSid=0xff, txPower=127, rssi=-88, periodicAdvInt=0x0
03-09 20:41:13.485  1572  1572 D PresenceDiscovery: SCAN_HIT addr=52:0A:E4:FC:7D:71 rssi=-52 uuids=7d3a2d6b-9b7a-4f2a-9e5e-0c9d6f1b1c01
03-09 20:41:13.485  1572  1572 D PresenceDiscovery: TARGET_MATCH addr=52:0A:E4:FC:7D:71 rssi=-52 uuids=7d3a2d6b-9b7a-4f2a-9e5e-0c9d6f1b1c01
03-09 20:41:13.486  2992  3637 I ScanController: onScanResult to scannerId: 8- eventType=0x10, addressType=1, address=XX:XX:XX:XX:8B:3E, primaryPhy=1, secondaryPhy=0, advertisingSid=0xff, txPower=127, rssi=-86, periodicAdvInt=0x0
03-09 20:41:13.487  1572  1572 D PresenceDiscovery: SCAN_HIT addr=BC:10:2F:07:BB:F0 rssi=-91 uuids=none
03-09 20:41:13.488  2992  3637 I ScanController: onScanResult to scannerId: 8- eventType=0x1b, addressType=1, address=XX:XX:XX:XX:D0:EB, primaryPhy=1, secondaryPhy=0, advertisingSid=0xff, txPower=127, rssi=-93, periodicAdvInt=0x0
03-09 20:41:13.488  2992  3609 W bta_gattc_main: system/bta/gatt/bta_gattc_main.cc:283 bta_gattc_sm_execute: State 0x02 [GATTC_CONN_ST], Event 0x1f05[BTA_GATTC_API_WRITE_EVT]
03-09 20:41:13.488  2992  3609 W bt_bta_gattc: system/bta/gatt/bta_gattc_act.cc:1084 bta_gattc_write: write status:0
03-09 20:41:13.489  1572  1572 D PresenceDiscovery: SCAN_HIT addr=BC:10:2F:0A:E6:30 rssi=-88 uuids=none
03-09 20:41:13.490  1572  1572 D PresenceDiscovery: SCAN_HIT addr=0F:F7:63:AC:8B:3E rssi=-86 uuids=none
03-09 20:41:13.492  1572  1572 D PresenceDiscovery: SCAN_HIT addr=7C:BF:87:8F:D0:EB rssi=-93 uuids=none
03-09 20:41:13.507  2992  3637 I ScanController: onScanResult to scannerId: 8- eventType=0x1b, addressType=1, address=XX:XX:XX:XX:0F:68, primaryPhy=1, secondaryPhy=0, advertisingSid=0xff, txPower=127, rssi=-89, periodicAdvInt=0x0
03-09 20:41:13.510  1572  1572 D PresenceDiscovery: SCAN_HIT addr=48:FD:9F:99:0F:68 rssi=-89 uuids=none
03-09 20:41:13.515  2992  3637 I ScanController: onScanResult to scannerId: 8- eventType=0x1b, addressType=0, address=XX:XX:XX:XX:63:75, primaryPhy=1, secondaryPhy=0, advertisingSid=0xff, txPower=127, rssi=-89, periodicAdvInt=0x0
03-09 20:41:13.517  2992  3637 I ScanController: onScanResult to scannerId: 8- eventType=0x1b, addressType=1, address=XX:XX:XX:XX:FB:4B, primaryPhy=1, secondaryPhy=0, advertisingSid=0xff, txPower=127, rssi=-85, periodicAdvInt=0x0
03-09 20:41:13.520  1572  1572 D PresenceDiscovery: SCAN_HIT addr=C0:28:8D:35:63:75 rssi=-89 uuids=72daa6c3-29c2-6283-0c4a-2818e4d37e75
03-09 20:41:13.522  1572  1572 D PresenceDiscovery: SCAN_HIT addr=7F:B5:34:39:FB:4B rssi=-85 uuids=none
03-09 20:41:13.527  2992  3637 I ScanController: onScanResult to scannerId: 8- eventType=0x10, addressType=1, address=XX:XX:XX:XX:DF:57, primaryPhy=1, secondaryPhy=0, advertisingSid=0xff, txPower=127, rssi=-85, periodicAdvInt=0x0
03-09 20:41:13.530  2992  3637 I ScanController: onScanResult to scannerId: 8- eventType=0x1a, addressType=0, address=XX:XX:XX:XX:AE:33, primaryPhy=1, secondaryPhy=0, advertisingSid=0xff, txPower=127, rssi=-89, periodicAdvInt=0x0
03-09 20:41:13.531  1572  1572 D PresenceDiscovery: SCAN_HIT addr=44:3C:EA:A4:DF:57 rssi=-85 uuids=none
03-09 20:41:13.533  2992  3637 I ScanController: onScanResult to scannerId: 8- eventType=0x1b, addressType=1, address=XX:XX:XX:XX:B5:89, primaryPhy=1, secondaryPhy=0, advertisingSid=0xff, txPower=127, rssi=-85, periodicAdvInt=0x0
03-09 20:41:13.534  1572  1572 D PresenceDiscovery: SCAN_HIT addr=D4:8D:26:03:AE:33 rssi=-89 uuids=0000feb9-0000-1000-8000-00805f9b34fb
03-09 20:41:13.538  1572  1572 D PresenceDiscovery: SCAN_HIT addr=44:D3:D4:39:B5:89 rssi=-85 uuids=none
03-09 20:41:13.542  2992  3637 I ScanController: onScanResult to scannerId: 8- eventType=0x1b, addressType=1, address=XX:XX:XX:XX:15:C5, primaryPhy=1, secondaryPhy=0, advertisingSid=0xff, txPower=127, rssi=-97, periodicAdvInt=0x0
03-09 20:41:13.546  1572  1572 D PresenceDiscovery: SCAN_HIT addr=61:D4:9F:6B:15:C5 rssi=-97 uuids=none
03-09 20:41:13.548  2992  3609 W l2c_ble : system/stack/l2cap/l2c_ble.cc:111 l2cble_notify_le_connection: 
03-09 20:41:13.548  2992  3609 I bt_btm_ble: system/stack/btm/btm_ble_gap.cc:1726 btm_ble_read_remote_appearance_cmpl: Appearance 0x0000, Class of Device 0-1f-0 found for xx:xx:xx:xx:7d:71
03-09 20:41:13.548  2992  3609 I gatt_api: system/stack/gatt/gatt_api.cc:1649 GATT_Disconnect: conn_id=42
03-09 20:41:13.549  2992  3609 W bluetooth: system/stack/gatt/gatt_main.cc:323 gatt_update_app_hold_link_status: Hold link status of [xx:xx:xx:xx:7d:71], size=1
03-09 20:41:13.549  2992  3609 W bluetooth: system/stack/gatt/gatt_main.cc:326 gatt_update_app_hold_link_status: gatt_if : 188
03-09 20:41:13.549  2992  3609 W bluetooth: system/stack/gatt/gatt_main.cc:348 gatt_update_app_hold_link_status: attempt to remove non-existing gatt_if=42
03-09 20:41:13.549  2992  3609 I bluetooth: system/stack/gatt/gatt_main.cc:385 gatt_update_app_use_link_flag: App status is not updated for gatt_if=42
03-09 20:41:13.554  2992  3637 I ScanController: onScanResult to scannerId: 1- eventType=0x1b, addressType=0, address=XX:XX:XX:XX:E1:51, primaryPhy=1, secondaryPhy=0, advertisingSid=0xff, txPower=127, rssi=-80, periodicAdvInt=0x0
03-09 20:41:13.555  2992  3637 I ScanController: onScanResult to scannerId: 8- eventType=0x1b, addressType=0, address=XX:XX:XX:XX:E1:51, primaryPhy=1, secondaryPhy=0, advertisingSid=0xff, txPower=127, rssi=-80, periodicAdvInt=0x0
03-09 20:41:13.558  1572  1572 D PresenceDiscovery: SCAN_HIT addr=64:1C:B0:F3:E1:51 rssi=-80 uuids=none
03-09 20:41:13.561  2992  3637 I ScanController: onScanResult to scannerId: 8- eventType=0x1a, addressType=1, address=XX:XX:XX:XX:6F:C4, primaryPhy=1, secondaryPhy=0, advertisingSid=0xff, txPower=127, rssi=-86, periodicAdvInt=0x0
03-09 20:41:13.564  1572  1572 D PresenceDiscovery: SCAN_HIT addr=64:A4:A4:99:6F:C4 rssi=-86 uuids=0000fe9f-0000-1000-8000-00805f9b34fb
03-09 20:41:13.575  2992  3637 I ScanController: onScanResult to scannerId: 8- eventType=0x10, addressType=1, address=XX:XX:XX:XX:8B:3E, primaryPhy=1, secondaryPhy=0, advertisingSid=0xff, txPower=127, rssi=-86, periodicAdvInt=0x0
03-09 20:41:13.577  2992  3637 I ScanController: onScanResult to scannerId: 8- eventType=0x1b, addressType=0, address=XX:XX:XX:XX:15:8B, primaryPhy=1, secondaryPhy=0, advertisingSid=0xff, txPower=127, rssi=-90, periodicAdvInt=0x0
03-09 20:41:13.580  1572  1572 D PresenceDiscovery: SCAN_HIT addr=0F:F7:63:AC:8B:3E rssi=-86 uuids=none
03-09 20:41:13.583  1572  1572 D PresenceDiscovery: SCAN_HIT addr=AA:B1:3B:1D:15:8B rssi=-90 uuids=0000fe78-0000-1000-8000-00805f9b34fb
03-09 20:41:13.585  2992  3637 I ScanController: Skipping client 8 for location deny list
03-09 20:41:13.587  2025  3526 D NetdEventListenerService: CSC Feature value: true
03-09 20:41:13.587  2025  3526 D NetdEventListenerService: CSC Feature value: true
03-09 20:41:13.591  2025  2707 D NetdEventListenerService: DNS Requested by 107, 10242(com.android.chrome), 4(FAIL), isBlocked=true, 5ms
03-09 20:41:13.602  2992  3637 I ScanController: onScanResult to scannerId: 8- eventType=0x1b, addressType=1, address=XX:XX:XX:XX:7D:71, primaryPhy=1, secondaryPhy=0, advertisingSid=0xff, txPower=127, rssi=-52, periodicAdvInt=0x0
03-09 20:41:13.603  2025  2707 D NetdEventListenerService: DNS Requested by 107, 10242(com.android.chrome), 4(FAIL), isBlocked=true, 0ms
03-09 20:41:13.606  1572  1572 D PresenceDiscovery: SCAN_HIT addr=52:0A:E4:FC:7D:71 rssi=-52 uuids=7d3a2d6b-9b7a-4f2a-9e5e-0c9d6f1b1c01
03-09 20:41:13.606  1572  1572 D PresenceDiscovery: TARGET_MATCH addr=52:0A:E4:FC:7D:71 rssi=-52 uuids=7d3a2d6b-9b7a-4f2a-9e5e-0c9d6f1b1c01
03-09 20:41:13.639  2992  3637 I ScanController: onScanResult to scannerId: 8- eventType=0x1b, addressType=0, address=XX:XX:XX:XX:63:75, primaryPhy=1, secondaryPhy=0, advertisingSid=0xff, txPower=127, rssi=-95, periodicAdvInt=0x0
03-09 20:41:13.641  2992  3637 I ScanController: onScanResult to scannerId: 8- eventType=0x1a, addressType=0, address=XX:XX:XX:XX:AE:33, primaryPhy=1, secondaryPhy=0, advertisingSid=0xff, txPower=127, rssi=-87, periodicAdvInt=0x0
03-09 20:41:13.644  1572  1572 D PresenceDiscovery: SCAN_HIT addr=C0:28:8D:35:63:75 rssi=-95 uuids=72daa6c3-29c2-6283-0c4a-2818e4d37e75
