03-09 20:41:08.949  3172  3172 I HoneySpace.AppscreenHomeTouchController: canIntercept = true
03-09 20:41:08.949  3172  3172 I HoneySpace.ApplistFastRecyclerView: dispatchTouchEvent() event.action=0
03-09 20:41:08.949  3172  3172 I HoneySpace.ApplistFastRecyclerView: processDownMotionEvent, index = 0, id = 0
03-09 20:41:08.949  3172  3172 I HoneySpace.ApplistFastRecyclerView: initTouchPoint, index = 0, id = 0
03-09 20:41:08.949  2025  2747 I Pageboost: alp for : com.presenceprotocol.app.client , 1
03-09 20:41:08.949  3172  3172 I HoneySpace.IconView: start dim animation : Presence Protocol
03-09 20:41:08.950  2025  3526 W ContextImpl: Calling a method in the system process without a qualified user: android.app.ContextImpl.startActivity:1189 com.android.server.am.ActivityManagerService.doActiveLaunch:101 android.app.IActivityManager$Stub.onTransact:5083 com.android.server.am.ActivityManagerService.onTransact:425 android.os.Binder.execTransactInternal:1462 
03-09 20:41:08.950  3385  1639 E pageboostd: alp start : app compresenceprotocolappclient
03-09 20:41:08.950  2025  2073 I GestureDetector: obtain mCurrentMotionEventRaw. action: 2 id: 941363282
03-09 20:41:08.951  2025  3526 D ActivityTaskManager: startActivityAsUser: callingPid=2025, callingUid=1000, caller=com.android.server.wm.ActivityTaskManagerService.startActivity:123 android.app.Instrumentation.execStartActivity:2010 android.app.ContextImpl.startActivity:1207 com.android.server.am.ActivityManagerService.doActiveLaunch:101 android.app.IActivityManager$Stub.onTransact:5083 com.android.server.am.ActivityManagerService.onTransact:425 android.os.Binder.execTransactInternal:1462 
03-09 20:41:08.951  3385  1639 E pageboostd: compresenceprotocolappclient, amt 0 scnt 0 fcnt 0
03-09 20:41:08.951  2025  2073 I GestureDetector: obtain mCurrentMotionEventRaw. action: 2 id: 941363282
03-09 20:41:08.951  3385  1639 E pageboostd: compresenceprotocolappclient, amt 0 scnt 0 fcnt 0
03-09 20:41:08.951  3385  1639 E pageboostd: alp end : app compresenceprotocolappclient data_amount 0
03-09 20:41:08.951  2025  3526 D ActivityTaskManager: request preloading for newly launching app
03-09 20:41:08.952  2025  3526 I ActivityTaskManager: starting ActiveLaunch
03-09 20:41:08.952  2025  3526 D ActivityManager: starting Active launch
03-09 20:41:08.952   465   465 I lmkd    : check proc pid launching app : 1572
03-09 20:41:08.956  2746  2828 D ShellStartingWindow: preload Icon com.presenceprotocol.app.client
03-09 20:41:08.958  3172  3172 I HoneySpace.AppscreenContainerView: findActiveTouchController ev = 2
03-09 20:41:08.958  3172  3172 I HoneySpace.AppscreenHomeTouchController: onControllerInterceptTouchEvent ev = 2
03-09 20:41:08.959  3172  3172 I HoneySpace.ApplistFastRecyclerView: updateIsBeingDraggedOnTouchDown touchSlop:35, diff:0, moved:false, useLongTouchSlop:true
03-09 20:41:08.959  3172  3172 I HoneySpace.IconView: end dim animation : Presence Protocol
03-09 20:41:08.970  3172  3172 I HoneySpace.AppscreenContainerView: findActiveTouchController ev = 2
03-09 20:41:08.970  3172  3172 I HoneySpace.AppscreenHomeTouchController: onControllerInterceptTouchEvent ev = 2
03-09 20:41:08.970  3172  3172 I HoneySpace.ApplistFastRecyclerView: updateIsBeingDraggedOnTouchDown touchSlop:35, diff:0, moved:false, useLongTouchSlop:true
03-09 20:41:08.970  1680  1792 D AALService: [CRTC_115] onALIChanged: 0 -> 1
03-09 20:41:08.971  1680  1792 D AALService: onALIChanged skip ali evnet since dre off
03-09 20:41:08.980  3172  3172 I HoneySpace.AppscreenContainerView: findActiveTouchController ev = 2
03-09 20:41:08.980  3172  3172 I HoneySpace.AppscreenHomeTouchController: onControllerInterceptTouchEvent ev = 2
03-09 20:41:08.980  3172  3172 I HoneySpace.ApplistFastRecyclerView: updateIsBeingDraggedOnTouchDown touchSlop:35, diff:0, moved:false, useLongTouchSlop:true
03-09 20:41:08.991  3172  3172 I HoneySpace.AppscreenContainerView: findActiveTouchController ev = 2
03-09 20:41:08.991  3172  3172 I HoneySpace.AppscreenHomeTouchController: onControllerInterceptTouchEvent ev = 2
03-09 20:41:08.991  3172  3172 I HoneySpace.ApplistFastRecyclerView: updateIsBeingDraggedOnTouchDown touchSlop:35, diff:0, moved:false, useLongTouchSlop:true
03-09 20:41:09.002  3172  3172 I HoneySpace.AppscreenContainerView: findActiveTouchController ev = 2
03-09 20:41:09.002  3172  3172 I HoneySpace.AppscreenHomeTouchController: onControllerInterceptTouchEvent ev = 2
03-09 20:41:09.002  3172  3172 I HoneySpace.ApplistFastRecyclerView: updateIsBeingDraggedOnTouchDown touchSlop:35, diff:0, moved:false, useLongTouchSlop:true
03-09 20:41:09.012  2025  2315 D InputReader: Btn_touch(6): value=0 when=347332.525272
03-09 20:41:09.012  2025  2315 I InputReader: Touch event's action is 0x1 (id=4, t=0) [pCnt=1, s=] when=347332.525272
03-09 20:41:09.012  2025  2314 I InputDispatcher: Delivering touch to (3172): action: 0x1, f=0x0, d=0, 'cc22dc8', t=1 
03-09 20:41:09.013  3172  3172 I HoneySpace.AppscreenContainerView: findActiveTouchController ev = 2
03-09 20:41:09.013  3172  3172 I HoneySpace.AppscreenHomeTouchController: onControllerInterceptTouchEvent ev = 2
03-09 20:41:09.013  3172  3172 I HoneySpace.ApplistFastRecyclerView: updateIsBeingDraggedOnTouchDown touchSlop:35, diff:0, moved:false, useLongTouchSlop:true
03-09 20:41:09.013  3172  3172 I VRI[LauncherActivity]@bb0181d: ViewPostIme pointer 1
03-09 20:41:09.013  3172  3172 I HoneySpace.AppscreenContainerView: findActiveTouchController ev = 1
03-09 20:41:09.013  3172  3172 I HoneySpace.AppscreenHomeTouchController: onControllerInterceptTouchEvent ev = 1
03-09 20:41:09.013  3172  3172 I HoneySpace.ApplistFastRecyclerView: resetTouchState
03-09 20:41:09.017  3172  3172 I HoneySpace.AppScreenClickAction: onAppClick() id: 3900, isNewDex: false
03-09 20:41:09.018  3172  3172 I HoneySpace.DvfsManager: acquireAppLaunch
03-09 20:41:09.018  3172  3172 I SemDvfsHyPerManager: acquire hyper - APP_LAUNCH/3172@2, type = -999
03-09 20:41:09.019  1448  1505 I HYPER-HAL: [RequestManager.cpp]acquire(): Acquired ID : 5038727  [3172 / 2]    HINT : APP_LAUNCH    list : 
03-09 20:41:09.020  4847  4847 I SemDvfsHyPerManager: acquire hyper - APP_START_SHORT/4847@15, type = -999
03-09 20:41:09.020  1448  1505 I mtkpower_client: perf_lock_acq, hdl:0, dur:0, num:2, pid:1448, tid:1505
03-09 20:41:09.021  1448  1505 I mtkpower_client: ret_hdl:3670
03-09 20:41:09.021  1448  1505 I mtkpower_client: perf_lock_acq, hdl:0, dur:0, num:2, pid:1448, tid:1505
03-09 20:41:09.021  3172  3172 I HoneySpace.ShellTransitionManager: startShellTransition com.honeyspace.sdk.transition.ShellTransition$Info@85542f5, forceStart: false
03-09 20:41:09.021  1456  1520 I libPowerHal: [perfLockAcq] idx:0 hdl:3670 hint:-1 pid:1448 tid:1505 duration:0 lock_user:vendor.samsung. => ret_hdl:3670
03-09 20:41:09.021  3172  3172 I HoneySpace.ShellAnimationRunner: setDelegate, delegate-com.honeyspace.transition.delegate.AppLaunchAnimationDelegate@532588a, strong-false
03-09 20:41:09.021  1456  1520 I libPowerHal: [set_cpuidle] enable:0, fd:15, scn:0xb400007341400d00
03-09 20:41:09.021  3172  3172 I HoneySpace.ShellTransitionManager: open start
03-09 20:41:09.022  1456  1520 I libPowerHal: [get_cpu_dma_latency_value] 0
03-09 20:41:09.022  1456  1520 I libPowerHal: [PE] vendor.samsung. update cmd:1c3c100 param:0 pr:3
03-09 20:41:09.022  1456  1520 I libPowerHal: [perfLockAcq] Done for hdl : 3670
03-09 20:41:09.022  3172 18533 I HoneySpace.FloatingAnimator: playerCount : 1
03-09 20:41:09.022  3172 18533 I HoneySpace.FloatingAnimator: [Player:A(9.022)] create
03-09 20:41:09.022  1448  1505 I mtkpower_client: ret_hdl:3671
03-09 20:41:09.023  3172 18533 I HoneySpace.TransitionUtils: getWindowTargetBounds: Rect(0, 0 - 1080, 2340)
03-09 20:41:09.023  3172 18533 I HoneySpace.FloatingAnimator: [Player:A(9.022)] setup. isLandscape:false, isTranslucent:false, screenSize[1080, 2340], isMultiTargets:false, useCurrentDrawable:false
03-09 20:41:09.023  1456  1520 I libPowerHal: [perfLockAcq] idx:1 hdl:3671 hint:-1 pid:1448 tid:1505 duration:0 lock_user:vendor.samsung. => ret_hdl:3671
03-09 20:41:09.023  1448  1505 I mtkpower_client: perf_lock_acq, hdl:0, dur:0, num:2, pid:1448, tid:1505
03-09 20:41:09.023  3172 18533 I HoneySpace.FloatingAnimator: remote targets are empty
03-09 20:41:09.024  3172 18533 I HoneySpace.AppLaunchAnimationDelegate: preload Player timer start! com.honeyspace.transition.anim.floating.FloatingAnimator$Player@a196b18
03-09 20:41:09.024  1456  1520 I libPowerHal: [PE] vendor.samsung. update cmd:400000 param:2000000 pr:3
03-09 20:41:09.024  1456  1520 I libPowerHal: [recordCPUFreqInfo] set cluster[0] min(vendor.samsung.): 2000000 max(-1): -1 cluster[1] min(-1): 0 max(-1): 0
03-09 20:41:09.024  1456  1520 I libPowerHal: [perfLockAcq] Done for hdl : 3671
03-09 20:41:09.024  3172  3172 I HoneySpace.Launcher: startActivityForResult request : -1
03-09 20:41:09.024  1448  1505 I mtkpower_client: ret_hdl:3672
03-09 20:41:09.024  1456  1520 I libPowerHal: [perfLockAcq] idx:2 hdl:3672 hint:-1 pid:1448 tid:1505 duration:0 lock_user:vendor.samsung. => ret_hdl:3672
03-09 20:41:09.025  2025  3526 D ActivityTaskManager: startActivityAsUser: callingPid=3172, callingUid=10133, caller=com.android.server.wm.ActivityTaskManagerService.startActivity:123 android.app.IActivityTaskManager$Stub.onTransact:1493 com.android.server.wm.ActivityTaskManagerService.onTransact:1 android.os.Binder.execTransactInternal:1457 android.os.Binder.execTransact:1401 <bottom of call stack> <bottom of call stack> 
03-09 20:41:09.025  1448  1505 I HYPER-HAL: [RequestManager.cpp]acquire(): Acquired ID : 11821968  [4847 / 15]    HINT : APP_START    list : [TIMEOUT / 1500] 
03-09 20:41:09.025  1456  1520 I libPowerHal: [setDvfsrcDevFreqOpp] opp:0, freq:4266000000
03-09 20:41:09.025  1456  1520 I libPowerHal: [PE] vendor.samsung. update cmd:1000000 param:0 pr:3
03-09 20:41:09.025  1456  1520 I libPowerHal: [perfLockAcq] Done for hdl : 3672
03-09 20:41:09.025  2025  3526 I Pageboost: onAppLaunch : com.presenceprotocol.app.client
03-09 20:41:09.026  2025  2747 I Pageboost: Record App IO : com.presenceprotocol.app.client pid 1572
03-09 20:41:09.027  2025  3526 D ActivityTaskManager: DesktopModeLaunchParamsModifier: task=null activity=null task null, skipping
03-09 20:41:09.027  2025  3526 D ActivityTaskManager: TaskLaunchParamsModifier:task=null activity=null display-from-option=0 display-id=0 task-display-area-windowing-mode=1 suggested-display-area=DefaultTaskDisplayArea_d0@202497721
03-09 20:41:09.028  2025  2747 I Pageboost: 64 bit checked : true for 1572
03-09 20:41:09.028  2025  2747 I Pageboost: IoRecord pid : 1572, started correctly
03-09 20:41:09.031  2025  1646 D AudioTrack: setVolume(1.000000, 1.000000) pid : 2025
03-09 20:41:09.032  2025  3526 W OptProp : Cannot read opt property android.window.PROPERTY_COMPAT_ALLOW_RESIZEABLE_ACTIVITY_OVERRIDES
03-09 20:41:09.033  2025  3526 W OptProp : Cannot read opt property android.window.PROPERTY_COMPAT_ALLOW_MIN_ASPECT_RATIO_OVERRIDE
03-09 20:41:09.034  2025  3526 D WindowManager: Transition is created, t=TransitionRecord{cbbd8e0 id=-1 type=OPEN flags=0x0}, caller=com.android.server.wm.Transition.<init>:182 com.android.server.wm.TransitionController.createAndStartCollecting:106 com.android.server.wm.ActivityStarter.executeRequest:3606 com.android.server.wm.ActivityStarter.execute:1752 com.android.server.wm.ActivityTaskManagerService.startActivityAsUser:95 
03-09 20:41:09.034  2025  3526 D BLASTSyncEngine: SyncGroup is created, id=593, name=Transition-OPEN, caller=com.android.server.wm.BLASTSyncEngine$SyncGroup.<init>:52 com.android.server.wm.TransitionController.moveToCollecting:79 com.android.server.wm.TransitionController.createAndStartCollecting:109 com.android.server.wm.ActivityStarter.executeRequest:3606 com.android.server.wm.ActivityStarter.execute:1752 com.android.server.wm.ActivityTaskManagerService.startActivityAsUser:95 com.android.server.wm.ActivityTaskManagerService.startActivity:123 
03-09 20:41:09.034  2025  3526 W BLASTSyncEngine: setSyncMethod, id=593, method=0, caller=com.android.server.wm.TransitionController.moveToCollecting:91 com.android.server.wm.TransitionController.createAndStartCollecting:109 com.android.server.wm.ActivityStarter.executeRequest:3606 
03-09 20:41:09.034  2025  3526 V WindowManager: Start collecting in Transition: TransitionRecord{cbbd8e0 id=593 type=OPEN flags=0x0}, caller=com.android.server.wm.TransitionController.createAndStartCollecting:109 com.android.server.wm.ActivityStarter.executeRequest:3606 com.android.server.wm.ActivityStarter.execute:1752 com.android.server.wm.ActivityTaskManagerService.startActivityAsUser:95 com.android.server.wm.ActivityTaskManagerService.startActivity:123 
03-09 20:41:09.034  2025  3526 V WindowManager: Collecting in transition 593: ActivityRecord{89114521 u0 com.presenceprotocol.app.client/com.presenceprotocol.app.ui.MainActivity, caller=com.android.server.wm.TransitionController.collect:7 com.android.server.wm.ActivityStarter.startActivityUnchecked:98 com.android.server.wm.ActivityStarter.executeRequest:3651 com.android.server.wm.ActivityStarter.execute:1752 com.android.server.wm.ActivityTaskManagerService.startActivityAsUser:95 
03-09 20:41:09.034  2025  3526 D ActivityTaskManager: DesktopModeLaunchParamsModifier: task=null activity=ActivityRecord{89114521 u0 com.presenceprotocol.app.client/com.presenceprotocol.app.ui.MainActivity t-1} task null, skipping
03-09 20:41:09.034  2025  3526 D ActivityTaskManager: TaskLaunchParamsModifier:task=null activity=ActivityRecord{89114521 u0 com.presenceprotocol.app.client/com.presenceprotocol.app.ui.MainActivity t-1} display-from-option=0 display-id=0 task-display-area-windowing-mode=1 suggested-display-area=DefaultTaskDisplayArea_d0@202497721
03-09 20:41:09.035  1480  6470 I AF::Track: start() situation track : stv_touch_tone
03-09 20:41:09.035  1480  6470 I AF::Track: setMixerOutConfig return default condition, mixer key 2002, thread key 2002
03-09 20:41:09.035  2025  3526 D ActivityTaskManager: DesktopModeLaunchParamsModifier: task=null activity=ActivityRecord{89114521 u0 com.presenceprotocol.app.client/com.presenceprotocol.app.ui.MainActivity t-1} task null, skipping
03-09 20:41:09.036  2025  3526 D ActivityTaskManager: TaskLaunchParamsModifier:task=null activity=ActivityRecord{89114521 u0 com.presenceprotocol.app.client/com.presenceprotocol.app.ui.MainActivity t-1} display-from-option=0 display-id=0 task-display-area-windowing-mode=1 suggested-display-area=DefaultTaskDisplayArea_d0@202497721 inherit-from-source=fullscreen non-freeform-task-display-area display-area=DefaultTaskDisplayArea_d0@202497721 default-portrait freeform-size-mismatch=Rect(81, 567 - 999, 1737)
03-09 20:41:09.036  1480  6470 V APM_AudioPolicyManager: startOutput portId 623
03-09 20:41:09.036  1480  6470 V APM_AudioPolicyManager: startOutput() output 29, stream 1, session 5377
03-09 20:41:09.036  1480  6470 V APM_AudioPolicyManager: setBeaconMute(1) mBeaconMuteRefCount=1 mBeaconPlayingRefCount=0
03-09 20:41:09.037  2025  3280 I SemDvfsHyPerManager: acquire hyper - AMS_APP_SWITCH/2025@24, type = -999
03-09 20:41:09.037  1448  1505 I HYPER-HAL: [RequestManager.cpp]acquire(): Acquired ID : 2100249  [2025 / 24]    HINT : AMS_ACT_SWITCH    list : 
03-09 20:41:09.037  2025  3280 D ActivityManagerPerformance: AMP_acquire() APP_SWITCH
03-09 20:41:09.037  4847  4847 I SemDvfsHyPerManager: acquire hyper - APP_START_SHORT/4847@15, type = -999
03-09 20:41:09.037  1448  1505 I mtkpower_client: perf_lock_rel, hdl:3672, pid: 1448, tid:1505
03-09 20:41:09.037  2025  3333 D FreecessController: restrictJobsByOlaf: restrict=true, uid=10450
03-09 20:41:09.037  1448  1505 I mtkpower_client: perf_lock_acq, hdl:0, dur:0, num:2, pid:1448, tid:1505
03-09 20:41:09.038  1456  1520 I libPowerHal: [perfLockRel] hdl:3672, idx:2
03-09 20:41:09.038  1456  1520 I libPowerHal: [PD] vendor.samsung. update cmd:1000000 param:-1 pr:6
03-09 20:41:09.039  1456  1520 I libPowerHal: [perfLockRel] Done for hdl : 3672
03-09 20:41:09.039  1456  1520 I libPowerHal: [perfLockAcq] idx:3 hdl:3673 hint:-1 pid:1448 tid:1505 duration:0 lock_user:vendor.samsung. => ret_hdl:3673
03-09 20:41:09.039  1456  1520 I libPowerHal: [setDvfsrcDevFreqOpp] opp:0, freq:4266000000
03-09 20:41:09.039  1456  1520 I libPowerHal: [PE] vendor.samsung. update cmd:1000000 param:0 pr:3
03-09 20:41:09.039  1456  1520 I libPowerHal: [perfLockAcq] Done for hdl : 3673
03-09 20:41:09.039  1448  1505 I mtkpower_client: ret_hdl:3673
03-09 20:41:09.039  1448  1505 I mtkpower_client: perf_lock_rel, hdl:3671, pid: 1448, tid:1505
03-09 20:41:09.040  1456  1520 I libPowerHal: [perfLockRel] hdl:3671, idx:1
03-09 20:41:09.040  1456  1520 I libPowerHal: [PD] vendor.samsung. update cmd:400000 param:-1 pr:6
03-09 20:41:09.040  1456  1520 I libPowerHal: [recordCPUFreqInfo] set cluster[0] min(-1): -1 max(-1): -1 cluster[1] min(-1): 0 max(-1): 0
03-09 20:41:09.040  1456  1520 I libPowerHal: [perfLockRel] Done for hdl : 3671
03-09 20:41:09.040  1448  1505 I mtkpower_client: perf_lock_acq, hdl:0, dur:0, num:2, pid:1448, tid:1505
03-09 20:41:09.040  2025  2025 D OlafRestriction:  olaf state update: state=true
03-09 20:41:09.040  2025  2025 D OlafRestriction:  sending trigger onRestrictionStateChanged msg.
03-09 20:41:09.041  1448  1505 I mtkpower_client: ret_hdl:3674
03-09 20:41:09.041  1448  1505 I HYPER-HAL: [RequestManager.cpp]acquire(): Acquired ID : 11821968  [4847 / 15]    HINT : APP_START    list : [TIMEOUT / 1500] 
03-09 20:41:09.041  1456  1520 I libPowerHal: [perfLockAcq] idx:1 hdl:3674 hint:-1 pid:1448 tid:1505 duration:0 lock_user:vendor.samsung. => ret_hdl:3674
03-09 20:41:09.041  1456  1520 I libPowerHal: [PE] vendor.samsung. update cmd:400000 param:2000000 pr:3
03-09 20:41:09.041  1456  1520 I libPowerHal: [recordCPUFreqInfo] set cluster[0] min(vendor.samsung.): 2000000 max(-1): -1 cluster[1] min(-1): 0 max(-1): 0
03-09 20:41:09.041  1456  1520 I libPowerHal: [perfLockAcq] Done for hdl : 3674
03-09 20:41:09.042  1480  6470 V APM_AudioPolicyManager: selectOutputForMusicEffects selected output 13
03-09 20:41:09.042  1480  6470 V APM_AudioPolicyManager: getNewOutputDevices selected devices {AUDIO_DEVICE_OUT_SPEAKER, @:}
03-09 20:41:09.042  1480  6470 V APM_AudioPolicyManager: setOutputDevices caller startSource[[portId:7][io:29, fast-audio]] device {AUDIO_DEVICE_OUT_SPEAKER, @:} delayMs 0
03-09 20:41:09.042  1480  6470 V APM_AudioPolicyManager: setOutputDevices: caller startSource[[portId:7][io:29, fast-audio]] suppressing checkDeviceMuteStrategies
03-09 20:41:09.042  1480  6470 V APM_AudioPolicyManager: setOutputDevices caller startSource[[portId:7][io:29, fast-audio]] changing device to {AUDIO_DEVICE_OUT_SPEAKER, @:} (prevDevice {AUDIO_DEVICE_OUT_SPEAKER, @:})
03-09 20:41:09.043  1456  1487 I mtkpower@impl: [setMode] type:5, enabled:1
03-09 20:41:09.045  1496  1554 I SurfaceFlinger: id=7923 createSurf, flag=24004, Task=346#7923
03-09 20:41:09.045  2025  3526 D ActivityTaskManager: DesktopModeLaunchParamsModifier: task=Task{4b5a30c #346 type=standard A=10450:com.presenceprotocol.app.client} activity=ActivityRecord{89114521 u0 com.presenceprotocol.app.client/com.presenceprotocol.app.ui.MainActivity t-1} non-desktop, skipping
03-09 20:41:09.045  2025  3526 D ActivityTaskManager: TaskLaunchParamsModifier:task=Task{4b5a30c #346 type=standard A=10450:com.presenceprotocol.app.client} activity=ActivityRecord{89114521 u0 com.presenceprotocol.app.client/com.presenceprotocol.app.ui.MainActivity t-1} display-from-option=0 display-id=0 task-display-area-windowing-mode=1 suggested-display-area=DefaultTaskDisplayArea_d0@202497721 inherit-from-source=fullscreen non-freeform-task-display-area display-area=DefaultTaskDisplayArea_d0@202497721 default-portrait freeform-size-mismatch=Rect(81, 567 - 999, 1737)
03-09 20:41:09.046  2025  3526 V WindowManager: Collecting in transition 593: Task{4b5a30c #346 type=standard A=10450:com.presenceprotocol.app.client}, caller=com.android.server.wm.Transition.collectExistenceChange:40 com.android.server.wm.ActivityStarter.startActivityInner:289 com.android.server.wm.ActivityStarter.startActivityUnchecked:111 com.android.server.wm.ActivityStarter.executeRequest:3651 com.android.server.wm.ActivityStarter.execute:1752 
03-09 20:41:09.046  2746  2746 D SecFlashlightController: onTaskCreated: 346 null
03-09 20:41:09.048  2025  3526 W OptProp : Cannot read opt property android.window.PROPERTY_COMPAT_ALLOW_ORIENTATION_OVERRIDE
03-09 20:41:09.049  1496  1554 I SurfaceFlinger: id=7924 createSurf, flag=84004, ActivityRecord{89114521 u0 com.presenceprotocol.app.client/com.presenceprotocol.app.ui.MainActivity t346}#7924
03-09 20:41:09.050  2025  3526 D ActivityTaskManager: scheduleTopResumedActivityChanged, onTop=false, r=ActivityRecord{94515035 u0 com.sec.android.app.launcher/.activities.LauncherActivity t163}, caller=com.android.server.wm.ActivityTaskSupervisor.scheduleTopResumedActivityStateLossIfNeeded:19 com.android.server.wm.ActivityTaskSupervisor.updateTopResumedActivityIfNeeded:20 com.android.server.wm.TaskDisplayArea.positionChildAt:252 com.android.server.wm.Task.moveToFront:40 com.android.server.wm.ActivityStarter.startActivityInner:311 com.android.server.wm.ActivityStarter.startActivityUnchecked:111 
03-09 20:41:09.050  2025  3526 V WindowManager: Checking theme of starting window: 0x7f0f0274
03-09 20:41:09.050  2025  3526 V WindowManager: Translucent=false Floating=false ShowWallpaper=false Disable=false
03-09 20:41:09.050  2025  3526 D ActivityTaskManager: addStartingWindow: type=2 typeParameter=8f
03-09 20:41:09.050  2025  3526 V WindowManager: Creating SplashScreenStartingData
03-09 20:41:09.052  2025  3526 V WindowManager: Add starting ActivityRecord{89114521 u0 com.presenceprotocol.app.client/com.presenceprotocol.app.ui.MainActivity t346}: startingData=SplashScreenStartingData{c092e6a removeAfterTransaction= 0}
03-09 20:41:09.052  2025  3526 V WindowManager: Added starting ActivityRecord{89114521 u0 com.presenceprotocol.app.client/com.presenceprotocol.app.ui.MainActivity t346}: startingWindow=null startingView=com.android.server.wm.StartingSurfaceController$StartingSurface@c093f5b
03-09 20:41:09.056  2025  3526 V WindowManager: Collecting in transition 593: ActivityRecord{89114521 u0 com.presenceprotocol.app.client/com.presenceprotocol.app.ui.MainActivity t346}, caller=com.android.server.wm.Transition.collectExistenceChange:40 com.android.server.wm.ActivityStarter.handleStartResult:761 com.android.server.wm.ActivityStarter.startActivityUnchecked:124 com.android.server.wm.ActivityStarter.executeRequest:3651 com.android.server.wm.ActivityStarter.execute:1752 
03-09 20:41:09.056  2025  3526 V WindowManager: Requesting StartTransition: TransitionRecord{cbbd8e0 id=593 type=OPEN flags=0x0 c=[
03-09 20:41:09.056  2025  3526 V WindowManager:    ChangeInfo{159d0d1 container=Task{4b5a30c #346 type=standard A=10450:com.presenceprotocol.app.client} flags=0x0}
03-09 20:41:09.056  2025  3526 V WindowManager:    ChangeInfo{383c736 container=ActivityRecord{89114521 u0 com.presenceprotocol.app.client/com.presenceprotocol.app.ui.MainActivity t346} flags=0x0}
03-09 20:41:09.056  2025  3526 V WindowManager:    ChangeInfo{f927637 container=Display{#0 state=ON size=1080x2340 ROTATION_0} flags=0x0}
03-09 20:41:09.056  2025  3526 V WindowManager:    ChangeInfo{6eb47a4 container=DefaultTaskDisplayArea_d0@202497721 flags=0x0}
03-09 20:41:09.056  2025  3526 V WindowManager: ]
03-09 20:41:09.056  2025  3526 V WindowManager: }, caller=com.android.server.wm.ActivityStarter.handleStartResult:982 com.android.server.wm.ActivityStarter.startActivityUnchecked:124 com.android.server.wm.ActivityStarter.executeRequest:3651 com.android.server.wm.ActivityStarter.execute:1752 com.android.server.wm.ActivityTaskManagerService.startActivityAsUser:95 
03-09 20:41:09.057  2025  3526 I Pageboost: stop alp
03-09 20:41:09.057  2025  3526 I ActivityTaskManager: START u0 {act=android.intent.action.MAIN cat=[android.intent.category.LAUNCHER] flg=0x10200000 xflg=0x4 cmp=com.presenceprotocol.app.client/com.presenceprotocol.app.ui.MainActivity bnds=[539,1330][788,1602]} with LAUNCH_SINGLE_TOP from uid 10133 (sr=94515035) (BAL_ALLOW_VISIBLE_WINDOW) result code=0
03-09 20:41:09.057  3385  3385 E pageboostd: Received HALT command code 2
03-09 20:41:09.058  2025  3526 I SemDvfsHyPerManager: acquire hyper - AMS_APP_LAUNCH/2025@19, type = -999
03-09 20:41:09.058  1448  1505 I HYPER-HAL: [RequestManager.cpp]acquire(): Acquired ID : 2090009  [2025 / 19]    HINT : AMS_APP_LAUNCH    list : 
03-09 20:41:09.059  1448  1505 I mtkpower_client: perf_lock_rel, hdl:3670, pid: 1448, tid:1505
03-09 20:41:09.060  3172  3172 I HoneySpace.FloatingAnimator: add containerView during preload, com.honeyspace.transition.anim.floating.ContainerView{14f46b6 V.E...... ......ID 0,0-1080,1080}
03-09 20:41:09.060  1448  1505 I mtkpower_client: perf_lock_acq, hdl:0, dur:0, num:2, pid:1448, tid:1505
03-09 20:41:09.060  3172  3172 I HoneySpace.FloatingAnimator: add positionListener - com.honeyspace.transition.anim.floating.c@8041971
03-09 20:41:09.060  2746  2799 V WindowManagerShell: Transition requested (#593): android.os.BinderProxy@5e3f4fc TransitionRequestInfo { type = OPEN, triggerTask = TaskInfo{userId=0 taskId=346 effectiveUid=10450 displayId=0 isRunning=true baseIntent=Intent { act=android.intent.action.MAIN cat=[android.intent.category.LAUNCHER] flg=0x10200000 cmp=com.presenceprotocol.app.client/com.presenceprotocol.app.ui.MainActivity } baseActivity=ComponentInfo{com.presenceprotocol.app.client/com.presenceprotocol.app.ui.MainActivity} topActivity=ComponentInfo{com.presenceprotocol.app.client/com.presenceprotocol.app.ui.MainActivity} origActivity=null realActivity=ComponentInfo{com.presenceprotocol.app.client/com.presenceprotocol.app.ui.MainActivity} numActivities=1 lastActiveTime=526713713 supportsMultiWindow=true resizeMode=1 isResizeable=true minWidth=-1 minHeight=-1 maxWidth=-1 maxHeight=-1 defaultMinSize=220 desktopDefaultMinSize=304 token=WCT{android.window.IWindowContainerToken$Stub$Proxy@d9c4785} topActivityType=1 pictureInPictureParams=null shouldDockBigOverlays=false launchIntoPipHostTaskId=-1 lastParentTaskIdBeforePip=-1 displayCutoutSafeInsets=Rect(0, 100 - 0, 0) topActivityInfo=ActivityInfo{f3329da com.presenceprotocol.app.ui.MainActivity} launchCookies=[android.os.BinderProxy@8256e0b] positionInParent=Point(0, 0) parentTaskId=-1 isFocused=false isVisible=false isVisibleRequested=false isTopActivityNoDisplay=false isSleeping=false locusId=null displayAreaFeatureId=1 isTopActivityTransparent=false isActivityStackTransparent=false lastNonFullscreenBounds=Rect(81, 567 - 999, 1737) capturedLink=null capturedLinkTimestamp=0 requestedVisibleTypes=-9 topActivityRequestOpenInBrowserEducationTimestamp=0 appCompatTaskInfo=AppCompatTaskInfo { topActivityInSizeCompat=false eligibleForLetterboxEducation= false isLetterboxEducationEnabled= false isLetterboxDoubleTapEnabled= false eligibleForUserAspectRatioButton= false topActivityBoundsLetterboxed= false isFromLetterboxDoubleTap= false topActivityLetterboxVerticalPosition= -1 topActivityLetterboxHorizontalPosition= -1 topActivityLetterboxWidth=-1 topActivityLetterboxHeight=-1 topActivityAppBounds=Rect(0, 100 - 1080, 2205) isUserFullscreenOverrideEnabled=false isSystemFullscreenOverrideEnabled=false hasMinAspectRatioOverride=false topActivityLetterboxBounds=null cameraCompatTaskInfo=CameraCompatTaskInfo { freeformCameraCompatMode=inactive} topActivityBounds=null topActivityInDisplayCompat=false singleTapFromLetterbox=false} topActivityMainWindowFrame=null originallySupportedMultiWindow=true hasWallpaper=false rootAffinity=10450:com.presenceprotocol.app.client isTopTaskInStage=false CoverLauncherWidgetTask=false LaunchedFromAppsCoverLauncherTask=false LaunchedFromMultistarCoverLauncherTask=false isAllowedSeamlessRotation=false isTopTransparentActivity=false isAliasManaged=false hasConfigChanged=false snappingGuideBounds=null isAiKeyRemoveAppTask=false lastDesktopWindowingBounds=null lastExternalDesktopWindowingBounds=null safeCutoutInsets=null}, pipChange = null, remoteTransition = RemoteTransition { remoteTransition = android.window.IRemoteTransition$Stub$Proxy@6f964e8, appThread = android.app.IApplicationThread$Stub$Proxy@85ed701, debugName = QuickstepLaunchflags =NONE }, displayChange = null, flags = 0, debugId = 593 }
03-09 20:41:09.060  2746  2799 V ShellDesktopMode: DesktopTasksController: isDesktopModeShowing: hasVisibleTasks=false hasTopTransparentFullscreenTask=false
03-09 20:41:09.060  3172  3220 I HoneySpace.SALoggingUtils: SA Logging screenID: 201 eventId: 1001 detail: {PackageName=com.presenceprotocol.app.client, det=3} value: -1
03-09 20:41:09.060  1456  1520 I libPowerHal: [perfLockRel] hdl:3670, idx:0
03-09 20:41:09.061  2746  2799 D ShellSplitScreen: logExit: no-op, mLoggerSessionId is null
03-09 20:41:09.061  2746  2799 D ShellDesktopMode: handleRequest: TransitionRequestInfo {type=1, tid=346, remote=true, debugId=593}
03-09 20:41:09.061  1456  1520 I libPowerHal: [set_cpuidle] enable:1, fd:15, scn:0xb400007341400d00
03-09 20:41:09.061  1456  1520 I libPowerHal: [PD] vendor.samsung. update cmd:1c3c100 param:1 pr:6
03-09 20:41:09.061  4847  4847 I SemDvfsHyPerManager: acquire hyper - APP_START/4847@17, type = -999
03-09 20:41:09.061  1456  1520 I libPowerHal: [perfLockRel] Done for hdl : 3670
03-09 20:41:09.062  2746  2828 D ShellStartingWindow: use preloaded icon
03-09 20:41:09.062  1448  1505 I mtkpower_client: ret_hdl:3675
03-09 20:41:09.062  1448  1505 I mtkpower_client: perf_lock_rel, hdl:3674, pid: 1448, tid:1505
03-09 20:41:09.063  1456  1520 I libPowerHal: [perfLockAcq] idx:2 hdl:3675 hint:-1 pid:1448 tid:1505 duration:0 lock_user:vendor.samsung. => ret_hdl:3675
03-09 20:41:09.063  1456  1520 I libPowerHal: [set_cpuidle] enable:0, fd:15, scn:0xb4000073414073f0
03-09 20:41:09.063  1456  1520 I libPowerHal: [get_cpu_dma_latency_value] 0
03-09 20:41:09.063  1456  1520 I libPowerHal: [PE] vendor.samsung. update cmd:1c3c100 param:0 pr:3
03-09 20:41:09.063  1456  1520 I libPowerHal: [perfLockAcq] Done for hdl : 3675
03-09 20:41:09.064  2746  2827 I ViewRootImpl: dVRR is disabled
03-09 20:41:09.064  1448  1505 I mtkpower_client: perf_lock_acq, hdl:0, dur:0, num:2, pid:1448, tid:1505
03-09 20:41:09.065  1456  1520 I libPowerHal: [perfLockRel] hdl:3674, idx:1
03-09 20:41:09.065  3172  1377 I HoneySpace.SPayHandler: updateSpayHandler launcher activity is paused false
03-09 20:41:09.065  1456  1520 I libPowerHal: [PD] vendor.samsung. update cmd:400000 param:-1 pr:6
03-09 20:41:09.065  3172  3172 I HoneySpace.CapturedBlurManager: capturedBlurView: pause(40185317)
03-09 20:41:09.066  1456  1520 I libPowerHal: [recordCPUFreqInfo] set cluster[0] min(-1): -1 max(-1): -1 cluster[1] min(-1): 0 max(-1): 0
03-09 20:41:09.066  1456  1520 I libPowerHal: [perfLockRel] Done for hdl : 3674
03-09 20:41:09.067  1448  1505 I mtkpower_client: ret_hdl:3676
03-09 20:41:09.067  1448  1505 I mtkpower_client: perf_lock_rel, hdl:3673, pid: 1448, tid:1505
03-09 20:41:09.067  3172  3172 I HoneySpace.Launcher: !@Boot_EBS_D: Launcher.onPause()
03-09 20:41:09.067  1456  1520 I libPowerHal: [perfLockAcq] idx:0 hdl:3676 hint:-1 pid:1448 tid:1505 duration:0 lock_user:vendor.samsung. => ret_hdl:3676
03-09 20:41:09.067  2746  2799 V ShellDesktopMode: DesktopTasksController: handleFullscreenTaskLaunch
03-09 20:41:09.068  2746  2799 V ShellDesktopMode: DesktopTasksController: isDesktopModeShowing: hasVisibleTasks=false hasTopTransparentFullscreenTask=false
03-09 20:41:09.068  2746  2799 V ShellDesktopMode: DesktopTasksController: handleRequest result=null
03-09 20:41:09.068  1456  1520 I libPowerHal: [PE] vendor.samsung. update cmd:400000 param:2000000 pr:3
03-09 20:41:09.068  2746  2799 V WindowManagerShell: RemoteTransition directly requested for (#593) android.os.BinderProxy@5e3f4fc: RemoteTransition { remoteTransition = android.window.IRemoteTransition$Stub$Proxy@6f964e8, appThread = android.app.IApplicationThread$Stub$Proxy@85ed701, debugName = QuickstepLaunchflags =NONE }
03-09 20:41:09.068  1456  1520 I libPowerHal: [recordCPUFreqInfo] set cluster[0] min(vendor.samsung.): 2000000 max(-1): -1 cluster[1] min(-1): 0 max(-1): 0
03-09 20:41:09.068  1456  1520 I libPowerHal: [perfLockAcq] Done for hdl : 3676
03-09 20:41:09.069  2746  2799 V WindowManagerShell: Transition (#593): request handled by DefaultMixedHandler
03-09 20:41:09.069  1496  1496 I SurfaceFlinger: [Task=346#7923] attach to parent LayerHierarchy{RequestedLayerState{DefaultTaskDisplayArea_d0#10 parentId=9} 8 children}
03-09 20:41:09.069  1496  1496 I SurfaceFlinger: [ActivityRecord{89114521 u0 com.presenceprotocol.app.client/com.presenceprotocol.app.ui.MainActivity t346}#7924] attach to parent LayerHierarchy{RequestedLayerState{Task=346#7923 parentId=10} 1 children}
03-09 20:41:09.069  2025  3526 V WindowManager: Starting Transition 593, caller=com.android.server.wm.WindowOrganizerController.startTransition:47 com.android.server.wm.WindowOrganizerController.startTransition:1 android.window.IWindowOrganizerController$Stub.onTransact:259 
03-09 20:41:09.069  3172  3172 I HoneySpace.Launcher: updateLauncherShowing true -> false
03-09 20:41:09.069  1448  1505 I mtkpower_client: perf_lock_acq, hdl:0, dur:0, num:2, pid:1448, tid:1505
03-09 20:41:09.070  2746  2892 D NativeCustomFrequencyManager: [NativeCFMS] BpCustomFrequencyManager::BpCustomFrequencyManager()
03-09 20:41:09.070  1456  1520 I libPowerHal: [perfLockRel] hdl:3673, idx:3
03-09 20:41:09.070  2990  3732 D SatelliteController: isInCarrierRoamingNbIotNtn: satellite is disabled
03-09 20:41:09.071  1456  1520 I libPowerHal: [PD] vendor.samsung. update cmd:1000000 param:-1 pr:6
03-09 20:41:09.071  1456  1520 I libPowerHal: [perfLockRel] Done for hdl : 3673
03-09 20:41:09.071  1480  1965 D DlbDlbEffect: handle_EFFECT_CMD_SET_DEVICE(device=0x00000002)
03-09 20:41:09.071  1448  1505 I mtkpower_client: ret_hdl:3677
03-09 20:41:09.071  2025  5016 V WindowManager: Collecting in transition 593: ActivityRecord{89114521 u0 com.presenceprotocol.app.client/com.presenceprotocol.app.ui.MainActivity t346}, caller=com.android.server.wm.TransitionController.collect:7 com.android.server.wm.ActivityRecord.setVisibility:132 com.android.server.wm.ActivityRecord.makeVisibleIfNeeded:36 com.android.server.wm.EnsureActivitiesVisibleHelper.process:538 com.android.server.wm.TaskFragment.updateActivityVisibilities:12 
03-09 20:41:09.072  1448  1505 I HYPER-HAL: [RequestManager.cpp]acquire(): Acquired ID : 11831697  [4847 / 17]    HINT : APP_START    list : 
03-09 20:41:09.072  2025  5016 V WindowManager: Collecting in transition 593: ActivityRecord{94515035 u0 com.sec.android.app.launcher/.activities.LauncherActivity t163}, caller=com.android.server.wm.TransitionController.collect:7 com.android.server.wm.ActivityRecord.setVisibility:132 com.android.server.wm.ActivityRecord.makeInvisible:32 com.android.server.wm.EnsureActivitiesVisibleHelper.process:542 com.android.server.wm.TaskFragment.updateActivityVisibilities:12 
03-09 20:41:09.072  2025  5016 D WindowManager: prepareSync <SYNC_STATE_WAITING_FOR_DRAW>, mPrepareSyncSeqId=0, win=Window{cc22dc8 u0 com.sec.android.app.launcher/com.sec.android.app.launcher.activities.LauncherActivity}
03-09 20:41:09.072  2025  5016 V WindowManager: Collecting in transition 593: WallpaperWindowToken{1459c1 showWhenLocked=true}_<lock>, caller=com.android.server.wm.Transition.collect:387 com.android.server.wm.TransitionController.collect:7 com.android.server.wm.ActivityRecord.setVisibility:132 com.android.server.wm.ActivityRecord.makeInvisible:32 com.android.server.wm.EnsureActivitiesVisibleHelper.process:542 
03-09 20:41:09.072  1480  1965 D DlbEffectContext: setDevice(00000002)
03-09 20:41:09.072  1480  1965 D DlbEndpointParamCache: setDevice(device=0x00000002)
03-09 20:41:09.072  2025  5016 V WindowManager: Collecting in transition 593: WallpaperWindowToken{b5634bb showWhenLocked=false}_<system>, caller=com.android.server.wm.Transition.collect:410 com.android.server.wm.TransitionController.collect:7 com.android.server.wm.ActivityRecord.setVisibility:132 com.android.server.wm.ActivityRecord.makeInvisible:32 com.android.server.wm.EnsureActivitiesVisibleHelper.process:542 
03-09 20:41:09.073  2025  5016 V WindowManager: rotationForOrientation(orient=SCREEN_ORIENTATION_UNSPECIFIED (-1), last=ROTATION_0 (0)); user=ROTATION_0 (0) 
03-09 20:41:09.073  2025  5016 D WindowManager: rotationForOrientation, orientationSource=ActivityRecord{89114521 u0 com.presenceprotocol.app.client/com.presenceprotocol.app.ui.MainActivity t346}
03-09 20:41:09.073  1456  1520 I libPowerHal: [perfLockAcq] idx:1 hdl:3677 hint:-1 pid:1448 tid:1505 duration:0 lock_user:vendor.samsung. => ret_hdl:3677
03-09 20:41:09.073  2025  5016 V WindowManager: Computed rotation=ROTATION_0 (0) for display id=0 based on lastOrientation=SCREEN_ORIENTATION_UNSPECIFIED (-1) and oldRotation=ROTATION_0 (0), caller=com.android.server.wm.DisplayRotation.updateOrientation:79 com.android.server.wm.DisplayContent.updateOrientation:41 com.android.server.wm.DisplayContent.updateOrientationAndComputeConfig:48 com.android.server.wm.RootWindowContainer.ensureVisibilityAndConfig:7 com.android.server.wm.ActivityTaskSupervisor.realStartActivityLocked:182 com.android.server.wm.ActivityTaskSupervisor.startSpecificActivity:27 
03-09 20:41:09.073  1456  1520 I libPowerHal: [setDvfsrcDevFreqOpp] opp:0, freq:4266000000
03-09 20:41:09.073  2025  5016 V WindowManager: Collecting in transition 593: ActivityRecord{89114521 u0 com.presenceprotocol.app.client/com.presenceprotocol.app.ui.MainActivity t346}, caller=com.android.server.wm.TransitionController.collect:7 com.android.server.wm.ActivityRecord.setVisibility:132 com.android.server.wm.ActivityTaskSupervisor.realStartActivityLocked:203 com.android.server.wm.ActivityTaskSupervisor.startSpecificActivity:27 com.android.server.wm.TaskFragment.resumeTopActivity:2089 
03-09 20:41:09.073  1456  1520 I libPowerHal: [PE] vendor.samsung. update cmd:1000000 param:0 pr:3
03-09 20:41:09.073  1456  1520 I libPowerHal: [perfLockAcq] Done for hdl : 3677
03-09 20:41:09.073  1480  1965 I AudioEffectExtendAction: setDevice_l empty address, empty name
03-09 20:41:09.073  1480  1965 V VolumeMonitor_Energy_Effect: VM_setDevice() sessionId:-2901, device:0x0x2, isBtTypeHeadset:0
03-09 20:41:09.073  1480  1965 D DlbDlbEffect: handle_EFFECT_CMD_SET_DEVICE(device=0x00000002)
03-09 20:41:09.073  1644 31412 I CameraService: onUidStateChanged: uid=10062, procState is changed. (0 -> 1)
03-09 20:41:09.073  1480  1965 D DlbEffectContext: setDevice(00000002)
03-09 20:41:09.073  1480  1965 D DlbEndpointParamCache: setDevice(device=0x00000002)
03-09 20:41:09.073  2746  2799 D ShellDesktopMode: [u0] DesktopRepository: Removes freeform task: taskId=345
03-09 20:41:09.074  2746  2799 W ShellDesktopMode: [u0] DesktopRepository: No display id found for task: taskId=345
03-09 20:41:09.074  2746  2799 D ShellDesktopMode: [u0] DesktopRepository: Removes freeform task: taskId=345
03-09 20:41:09.074  2746  2799 W ShellDesktopMode: [u0] DesktopRepository: No display id found for task: taskId=345
03-09 20:41:09.074  3172 32229 I HoneySpace.RecentTasks: onRecentTasksChanged
03-09 20:41:09.074  3172 30922 I HoneySpace.RecentTasks: onRecentTasksChanged
03-09 20:41:09.075  1480  1965 D DlbDlbEffect: handle_EFFECT_CMD_ENABLE()
03-09 20:41:09.075  2746  2746 D SecFlashlightController: onTaskCreated: 346 ComponentInfo{com.presenceprotocol.app.client/com.presenceprotocol.app.ui.MainActivity}
03-09 20:41:09.075  2746  2746 D SecFlashlightController: onTaskMovedToFront: false, 346
03-09 20:41:09.075  2025  5016 D SGM:FgCheckThread: notifyAppCreated(), packageName: com.presenceprotocol.app.client, userId: 0, sendRet: true
03-09 20:41:09.076  2025  2345 D SGM:FgCheckThread: onLooperPrepared(), msg: MSG_APP_CREATE, pkgName: com.presenceprotocol.app.client, userId: 0
03-09 20:41:09.076  2025  2618 I CocktailBarManagerServiceContainer: handleMessage: entry what = 6
03-09 20:41:09.076  2025  2618 I CocktailBarManagerServiceImpl: notePauseComponent : no active host
03-09 20:41:09.076  1480  1965 D DlbEffectContext: setParam() received parameter EFFECT_PARAM_ENABLE
03-09 20:41:09.076  1480  1965 D DlbEffectContext: setParam() received parameter EFFECT_PARAM_PROFILE
03-09 20:41:09.076  1480  1965 D DlbDlbEffect: handle_EFFECT_CMD_SET_DEVICE(device=0x00000002)
03-09 20:41:09.076  1480  1965 D DlbEffectContext: setDevice(00000002)
03-09 20:41:09.076  1480  1965 D DlbEndpointParamCache: setDevice(device=0x00000002)
03-09 20:41:09.076  1480  1965 D DlbDlbEffect: handle_EFFECT_CMD_ENABLE()
03-09 20:41:09.076  1480  1965 D DlbEffectContext: setParam() received parameter EFFECT_PARAM_ENABLE
03-09 20:41:09.076  1480  1965 D DlbEffectContext: setParam() received parameter EFFECT_PARAM_PROFILE
03-09 20:41:09.076  1480  1965 D DlbDlbEffect: handle_EFFECT_CMD_SET_DEVICE(device=0x00000002)
03-09 20:41:09.076  1480  1965 D DlbEffectContext: setDevice(00000002)
03-09 20:41:09.076  1480  1965 D DlbEndpointParamCache: setDevice(device=0x00000002)
03-09 20:41:09.077  2025  5016 D SGM:FgCheckThread: TaskStackListener.onTaskFocusChanged(), taskId=163, focused=false
03-09 20:41:09.077  2025  5016 D SGM:FgCheckThread: TaskStackListener.onTaskFocusChanged(), taskId=346, focused=true
03-09 20:41:09.077  3436  3436 I EPDG -- SIM0 [SMARTCELLULAR]: onSignalStrengthsChanged: SignalStrength:{mCdma=Invalid,mGsm=Invalid,mWcdma=Invalid,mTdscdma=Invalid,mLte=CellSignalStrengthLte: rssi=-103 rsrp=-103 rsrq=-12 rssnr=7 cqiTableIndex=2147483647 cqi=2147483647 ta=2147483647 level=3 parametersUseForLevel=0,mNr=Invalid,SignalBarInfo{ lteLevel=2 },rat=14,primary=CellSignalStrengthLte}
03-09 20:41:09.077  2025  5016 D SGM:FgCheckThread:   sendRunningComponentFocus(), pkgName: com.presenceprotocol.app.client, userId: 0
03-09 20:41:09.077  2025  2345 D SGM:FgCheckThread: onLooperPrepared(), msg: MSG_TASK_FOCUSED, pkgName: com.presenceprotocol.app.client, userId: 0
03-09 20:41:09.077  2025  5016 D InputDispatcher: Focused application(0): ActivityRecord{89114521 u0 com.presenceprotocol.app.client/com.presenceprotocol.app.ui.MainActivity t346}
03-09 20:41:09.077  2025  2345 D SGM:FgCheckThread: handleTaskFocused().
03-09 20:41:09.077  2025  2345 D SGM:FgCheckThread: sendFocusOutConditionally() - mPrevNotiPkg: (unknown), userId: 0
03-09 20:41:09.077  2025  2345 D SGM:FgCheckThread:   handleTaskFocused(), pkgName: com.presenceprotocol.app.client, userID:0
03-09 20:41:09.077  2025  2345 D SGM:FgCheckThread: handleResume().
03-09 20:41:09.077  2025  2345 D SGM:FgCheckThread: sendFocusOutConditionally() - mPrevNotiPkg: (unknown), userId: 0
03-09 20:41:09.077  2025  2345 D SGM:FgCheckThread:   handleResume(). pkgName: com.presenceprotocol.app.client, userId: 0, category: non-game
03-09 20:41:09.077  2025  2345 D SGM:FgCheckThread: notifyFocusInOut(). of pkg: com.presenceprotocol.app.client, type: 4, isSecGameFamily: false, userId: 0
03-09 20:41:09.077  2025  2345 D SGM:FgCheckThread:   notifyFocusInOut(). unexpected mPrevNotiType: -1
03-09 20:41:09.077  2025  2345 D SGM:SystemHelper: callReleaseBlock needReleaseBlock:false
03-09 20:41:09.078  2025  5016 D WindowManager: Changing focus from Window{cc22dc8 u0 com.sec.android.app.launcher/com.sec.android.app.launcher.activities.LauncherActivity} to null displayId=0 Callers=com.android.server.wm.ActivityTaskManagerService.setLastResumedActivityUncheckLocked:264 com.android.server.wm.ActivityTaskSupervisor.updateTopResumedActivityIfNeeded:51 com.android.server.wm.TaskFragment.setResumedActivity:30 com.android.server.wm.ActivityRecord.setState:100 
03-09 20:41:09.078  2025  5016 V SystemKeyManager: updateFocusedWindow() is called, 
03-09 20:41:09.078  2025  5016 D ActivityTaskManager: scheduleTopResumedActivityChanged, onTop=true, r=ActivityRecord{89114521 u0 com.presenceprotocol.app.client/com.presenceprotocol.app.ui.MainActivity t346}, caller=com.android.server.wm.ActivityTaskSupervisor.scheduleTopResumedActivityStateIfNeeded:18 com.android.server.wm.ActivityTaskSupervisor.updateTopResumedActivityIfNeeded:54 com.android.server.wm.TaskFragment.setResumedActivity:30 com.android.server.wm.ActivityRecord.setState:100 com.android.server.wm.ActivityTaskSupervisor.realStartActivityLocked:477 com.android.server.wm.ActivityTaskSupervisor.startSpecificActivity:27 
03-09 20:41:09.079  2025  5016 D BLASTSyncEngine: SyncGroup 593: Set ready true, caller=com.android.server.wm.BLASTSyncEngine.setReady:32 com.android.server.wm.Transition.applyReady:54 com.android.server.wm.Transition.setReady:72 com.android.server.wm.TransitionController.setReady:6 com.android.server.wm.DisplayContent.executeAppTransition:4 com.android.server.wm.ActivityRecord.completeResumeLocked:115 
03-09 20:41:09.079  2025  5016 D WindowManagerServiceExt: updateTaskbarTargetIfNeeded: cn=ComponentInfo{com.presenceprotocol.app.client/com.presenceprotocol.app.ui.MainActivity} occludesParent=true isInSplitScreenMode=false
03-09 20:41:09.079  2025  2630 D BackgroundInstallControlService: Package event received: 0
03-09 20:41:09.079  2025  5016 V WindowManager: Collecting in transition 593: WallpaperWindowToken{b5634bb showWhenLocked=false}_<system>, caller=com.android.server.wm.TransitionController.collect:7 com.android.server.wm.WallpaperWindowToken.setVisibility:55 com.android.server.wm.WallpaperController.adjustWallpaperWindows:859 com.android.server.wm.RootWindowContainer.applySurfaceChangesTransaction$1:141 com.android.server.wm.RootWindowContainer.performSurfacePlacementNoTrace:59 
03-09 20:41:09.079  1437  1626 D MTKAdapterStreamLayer: updateMetadataCommon(), 
03-09 20:41:09.080  1496  1496 I SurfaceFlinger: [Display 0 name="Built-in Screen"#49] setFrameRateCategory: High
03-09 20:41:09.080  1480  1965 D DeviceHalAidl: [default] createAudioPatch: sources: 1 sinks 1
03-09 20:41:09.080  1480  1965 D Hal2AidlMapper: [default] createOrUpdatePatch: patch ID: 3, [disregard IDs] sources: [AudioPortConfig{id: 7, portId: 0, sampleRate: Int{value: 48000}, channelMask: AudioChannelLayout{layoutMask: 3}, format: AudioFormatDescription{type: PCM, pcm: INT_16_BIT, encoding: }, gain: (null), flags: AudioIoFlags{output: 4}, ext: AudioPortExt{mix: AudioPortMixExt{handle: 29, usecase: AudioPortMixExtUseCase{stream: SYS_RESERVED_DEFAULT}, maxOpenStreamCount: 0, maxActiveStreamCount: 0, recommendedMuteDurationMs: 0}}}], sinks: [AudioPortConfig{id: 3, portId: 0, sampleRate: (null), channelMask: (null), format: (null), gain: (null), flags: (null), ext: AudioPortExt{device: AudioPortDeviceExt{device: AudioDevice{type: AudioDeviceDescription{type: OUT_SPEAKER, connection: }, address: AudioDeviceAddress{id: }}, flags: 0, encodedFormats: [], encapsulationModes: 0, encapsulationMetadataTypes: 0, speakerLayout: (null)}}}]
03-09 20:41:09.080  1480  1965 I Hal2AidlMapper: findOrCreatePortConfig
03-09 20:41:09.080  1480  1965 D Hal2AidlMapper: [default] findOrCreatePortConfig: device port config does not have audio or gain config specified
03-09 20:41:09.080  1480  1965 I Hal2AidlMapper: findOrCreatePortConfig
03-09 20:41:09.080  1480  1965 I Hal2AidlMapper: findOrCreateMixPortConfig, ioHandle:29
03-09 20:41:09.080  2025  5016 D BLASTSyncEngine: SyncGroup 593:  Unfinished container: ActivityRecord{89114521 u0 com.presenceprotocol.app.client/com.presenceprotocol.app.ui.MainActivity t346} mSyncState=2
03-09 20:41:09.080  3436  4398 I EPDG -- SIM0 [SMARTCELLULAR]: lastLteRSRP is -102 currentLteRSRP is -103 lastLteRSRQ is -11 currentLteRSRQ is -12 lastLteSNR is 7 currentLteSNR is 7
03-09 20:41:09.081  1496  1496 I BpBinder: onLastStrongRef automatically unlinking death recipients: 
03-09 20:41:09.081  2025  2075 D SGM:FgCheckThread: notePauseComponent(), received pkgName: com.sec.android.app.launcher, userId: 0
03-09 20:41:09.081  2025  5056 D InputTransport: Input channel constructed: 'a673a10', fd=986
03-09 20:41:09.082  2025  5056 D InputTransport: Input channel constructed: 'a673a10', fd=998
03-09 20:41:09.082  3172  3255 I HoneySpace.TopTaskSource: onTaskMovedToFront : taskId = 346, displayId = 0
03-09 20:41:09.083  1437  1626 D AHAL_Module: setAudioPatch: default: requested patch AudioPatch{id: 3, sourcePortConfigIds: [28], sinkPortConfigIds: [25], minimumStreamBufferSizeFrames: 256, latenciesMs: [10]}
03-09 20:41:09.084  1437  1626 D AudioALSAStreamManager: calculateOutLatencyAndFrames(), flags 0x4, latency 10, frame count 256
03-09 20:41:09.084  1437  1626 D MTKAdapterLayer: setAudioPatch(), patch.mLatency: 10 patch.mFrameCount: 256
03-09 20:41:09.084  1437  1626 D AudioALSAHardware: +createAudioPatch() num_sources [1] , num_sinks [1], handle [0x0], current mAudioHalPatchVector size 4
03-09 20:41:09.084  2025  2075 I ActivityManager: Changes in 10450 19 to 2, 0 to 255
03-09 20:41:09.084  1437  1626 D AudioALSAStreamManager: +setParameters(), IOport = 29, keyValuePairs = routing=2
03-09 20:41:09.084  1437  1626 D AudioALSAStreamManager: setParameters(), Send to mStreamOutVector[2], flag 4
03-09 20:41:09.084  1437  1626 D AudioALSAStreamOut: value_str = 2 devices count = 1
03-09 20:41:09.084  1437  1626 D AudioALSAStreamOut: updatePolicyDevice(), flag: 0x4, device: 0x2
03-09 20:41:09.084  1437  1626 D AudioALSAStreamManager: getMode(), mAudioMode = 0
03-09 20:41:09.084  1437  1626 W AudioALSAStreamManager: routingOutputDevice(), flag: 0x4, output_devices == current_output_devices(0x2), return
03-09 20:41:09.084  1437  1626 D AudioIEMsController: routing(+), cur out 0x0 in 0x0, hs 0, bt 0, usb 0, device 0x2, mask 0x1, on 0
03-09 20:41:09.084  1437  1626 D AudioIEMsController: routing(-), cur out 0x0 in 0x0
03-09 20:41:09.084  2025  2674 D SemWifiTransportLayerMonitor.TcpMonitorHandler: MSG_SAVE_PACKAGE_INFO
03-09 20:41:09.085  2025  2674 D SemWifiTransportLayerFileManager: saveWifiPackageInfoToFile
