03-09 20:41:10.001  1496  1496 I SurfaceFlinger: [LayerHierarchy{RequestedLayerState{ImeContainer#15 parentId=7924 relativeParentId=7933 z=1} 1 children}] RelativeParent to LayerHierarchy{RequestedLayerState{e29ea3 com.presenceprotocol.app.client/com.presenceprotocol.app.ui.MainActivity#7933 parentId=7924} 2 children}
03-09 20:41:10.001  1496  1496 I SurfaceFlinger: [LayerHierarchy{RequestedLayerState{e113591 InputMethod#147 parentId=7938} no children}] reparent to LayerHierarchy{RequestedLayerState{Surface(name=e113591 InputMethod)/@0x397bab - animation-leash of insets_animation#7938 parentId=146} 1 children}
03-09 20:41:10.001  1496  1496 I SurfaceFlinger: [LayerHierarchy{RequestedLayerState{Surface(name=e113591 InputMethod)/@0x397bab - animation-leash of insets_animation#7922} no children}] reparent to OffscreenRoot
03-09 20:41:10.001  1496  1496 I SurfaceFlinger: [LayerHierarchy{RequestedLayerState{Surface(name=e113591 InputMethod)/@0x397bab - animation-leash of insets_animation#7922} no children}] RelativeParent to null
03-09 20:41:10.002  1496  1496 I Layer   : id=7913 Destroyed com.sec.android.app.launcher/com.sec.android.app.launcher.activities.LauncherActivity$_3172#7913
03-09 20:41:10.003  1496  1555 I SurfaceFlinger: onHandleDestroyed: layerId=7922, name=Surface(name=e113591 InputMethod)/@0x397bab - animation-leash of insets_animation#7922
03-09 20:41:10.004  1496  1555 I SurfaceFlinger: id=7922 Removed Surface(name=e113591 InputMethod)/@0x397bab - animation-leash of insets_animation#7922 (117)
03-09 20:41:10.008  5342  5342 I InputMethodService: scheduleImeSurfaceRemoval: removeImeSurface is posted.
03-09 20:41:10.012  1496  1496 I SurfaceFlinger: destroyed Surface(name=e113591 InputMethod)/@0x397bab - animation-leash of insets_animation#7922
03-09 20:41:10.013  1496  1496 I Layer   : id=7922 Destroyed Surface(name=e113591 InputMethod)/@0x397bab - animation-leash of insets_animation#7922
03-09 20:41:10.027  2025  3641 D SemWifiUsabilityStatsMonitor: onWifiUsabilityStats - seqNum 111737, isSameBssidAndFreq true
03-09 20:41:10.028  2025  2652 I SemWifiLinkQualityMonitor: Link stat: 0 / 0 / 1.00 (34) / 390 / -43.0 || 100.0 : 390.00 / 0.5 : 1.00 / 0.55 : 0.30 / G (G) || 30968fbf2452: 0.123 / 64.846 / D || N N / 0 0 / Y 2.0 / Y X 0 / 347333540 0 || Invalid
03-09 20:41:10.072  1448  1648 I mtkpower_client: perf_lock_rel, hdl:3681, pid: 1448, tid:1648
03-09 20:41:10.073  1448  1648 I mtkpower_client: perf_lock_acq, hdl:0, dur:0, num:2, pid:1448, tid:1648
03-09 20:41:10.073  1456  1520 I libPowerHal: [perfLockRel] hdl:3681, idx:2
03-09 20:41:10.073  1456  1520 I libPowerHal: [set_cpuidle] enable:1, fd:15, scn:0xb4000073414073f0
03-09 20:41:10.073  1456  1520 I libPowerHal: [PD] vendor.samsung. update cmd:1c3c100 param:1 pr:6
03-09 20:41:10.074  1456  1520 I libPowerHal: [perfLockRel] Done for hdl : 3681
03-09 20:41:10.074  1448  1648 I mtkpower_client: ret_hdl:3685
03-09 20:41:10.074  1448  1648 I mtkpower_client: perf_lock_rel, hdl:3684, pid: 1448, tid:1648
03-09 20:41:10.074  1456  1520 I libPowerHal: [perfLockAcq] idx:0 hdl:3685 hint:-1 pid:1448 tid:1648 duration:0 lock_user:vendor.samsung. => ret_hdl:3685
03-09 20:41:10.074  1456  1520 I libPowerHal: [set_cpuidle] enable:0, fd:15, scn:0xb400007341400d00
03-09 20:41:10.075  1456  1520 I libPowerHal: [get_cpu_dma_latency_value] 0
03-09 20:41:10.075  1456  1520 I libPowerHal: [PE] vendor.samsung. update cmd:1c3c100 param:0 pr:3
03-09 20:41:10.075  1456  1520 I libPowerHal: [perfLockAcq] Done for hdl : 3685
03-09 20:41:10.075  1448  1648 I mtkpower_client: perf_lock_rel, hdl:3683, pid: 1448, tid:1648
03-09 20:41:10.075  1456  1520 I libPowerHal: [perfLockRel] hdl:3684, idx:3
03-09 20:41:10.076  1456  1520 I libPowerHal: [PD] vendor.samsung. update cmd:400000 param:-1 pr:6
03-09 20:41:10.076  1456  1520 I libPowerHal: [recordCPUFreqInfo] set cluster[0] min(-1): -1 max(-1): -1 cluster[1] min(-1): 0 max(-1): 0
03-09 20:41:10.076  1456  1520 I libPowerHal: [perfLockRel] Done for hdl : 3684
03-09 20:41:10.076  1448  1648 I mtkpower_client: perf_lock_acq, hdl:0, dur:0, num:2, pid:1448, tid:1648
03-09 20:41:10.077  1456  1520 I libPowerHal: [perfLockRel] hdl:3683, idx:1
03-09 20:41:10.077  1456  1520 I libPowerHal: [PD] vendor.samsung. update cmd:1000000 param:-1 pr:6
03-09 20:41:10.077  1456  1520 I libPowerHal: [perfLockRel] Done for hdl : 3683
03-09 20:41:10.078  1448  1648 I mtkpower_client: ret_hdl:3686
03-09 20:41:10.078  1456  1520 I libPowerHal: [perfLockAcq] idx:1 hdl:3686 hint:-1 pid:1448 tid:1648 duration:0 lock_user:vendor.samsung. => ret_hdl:3686
03-09 20:41:10.078  1456  1520 I libPowerHal: [setDvfsrcDevFreqOpp] opp:1, freq:3200000000
03-09 20:41:10.078  1456  1520 I libPowerHal: [PE] vendor.samsung. update cmd:1000000 param:1 pr:3
03-09 20:41:10.078  1448  1648 I HYPER-HAL: [RequestManager.cpp]releaseLocked(): Released ID : 2090009
03-09 20:41:10.078  1456  1520 I libPowerHal: [perfLockAcq] Done for hdl : 3686
03-09 20:41:10.116  2025  2585 D MdnieScenarioControlService:  packageName : com.presenceprotocol.app.client    className : com.presenceprotocol.app.ui.MainActivity
03-09 20:41:10.117  2025  2585 V MdnieScenarioControlService: setUIMode from UI function(3)
03-09 20:41:10.215  1480  1965 D StreamHalAidl: [out|ioHandle:29] standby
03-09 20:41:10.215  1480  1965 D StreamHalAidl: [out|ioHandle:29] pause
03-09 20:41:10.215  1437  1958 D AHAL_Stream: cycle: received command Command{pause: Void{}} in writer
03-09 20:41:10.215  1437  1958 D AHAL_Stream: [out|ioHandle:29] pause
03-09 20:41:10.215  1437  1958 I AHAL_Stream: pause()
03-09 20:41:10.215  1437  1958 D MTKAdapterStreamLayer: pause(), 
03-09 20:41:10.215  1437  1958 D AudioALSAStreamOut: pause() 0xb4000077ec296200
03-09 20:41:10.215  1437  1958 D AHAL_Stream: cycle: writing reply Reply{status: 0, fmqByteCount: 0, observable: Position{frames: 73597092, timeNs: 347333728691701}, hardware: Position{frames: -1, timeNs: -1}, latencyMs: 2, xrunFrames: 0, state: PAUSED}
03-09 20:41:10.215  1480  1965 D StreamHalAidl: [out|ioHandle:29] flush
03-09 20:41:10.216  1437  1958 D AHAL_Stream: cycle: received command Command{flush: Void{}} in writer
03-09 20:41:10.216  1437  1958 D AHAL_Stream: [out|ioHandle:29] flush
03-09 20:41:10.216  1437  1958 I AHAL_Stream: flush()
03-09 20:41:10.216  1437  1958 D MTKAdapterStreamLayer: flush(), 
03-09 20:41:10.216  1437  1958 D AudioALSAStreamOut: flush() 0xb4000077ec296200
03-09 20:41:10.216  1437  1958 D AHAL_Stream: cycle: writing reply Reply{status: 0, fmqByteCount: 0, observable: Position{frames: 73597108, timeNs: 347333729054163}, hardware: Position{frames: -1, timeNs: -1}, latencyMs: 2, xrunFrames: 0, state: IDLE}
03-09 20:41:10.216  1437  1958 D AHAL_Stream: cycle: received command Command{standby: Void{}} in writer
03-09 20:41:10.216  1437  1958 D AHAL_Stream: [out|ioHandle:29] standby
03-09 20:41:10.216  1437  1958 D AudioALSAStreamOut: standby(), flag 4
03-09 20:41:10.216  1437  1958 D AudioALSAStreamOut: standbyStreamOut(), halRequest 0, mDestroy 0, flag 4
03-09 20:41:10.216  1437  1958 D AudioALSAStreamOut: close_l(), flags 4
03-09 20:41:10.216  1437  1958 D AudioALSAPlaybackHandlerMixer: close(+), source flag 4, mDevice = 0x2, buffer_size 1024
03-09 20:41:10.216  1437  1958 D audio_sw_mixer: sw_mixer_source_detach(), MIXER_PLAYBACK  , name T_FAST
03-09 20:41:10.216  1437  1958 D audio_sw_mixer: sw_mixer_manager_destroy_path(), MIXER_PLAYBACK  , path T_FAST=>T_PRIMARY
03-09 20:41:10.216  1437  1958 D audio_sw_mixer: dump_path_list(), MIXER_PLAYBACK  , no path
03-09 20:41:10.216  1437  1958 D audio_sw_mixer: sw_mixer_target_detach(), MIXER_PLAYBACK  , name T_PRIMARY
03-09 20:41:10.216  1437  1616 D audio_sw_mixer: sw_mixer_mix_thread(), thread mix1:0 idle
03-09 20:41:10.217  1437  1958 D AudioALSAPlaybackHandlerNormal: +close(), flag = 4, mDevice = 0x2
03-09 20:41:10.217  1437  1958 D AudioALSAHardwareResourceManager: +stopOutputDevice(), mOutputDevices = 0x2, mStartOutputDevicesCount = 1
03-09 20:41:10.217  1437  1958 D AudioSmartPaController: +dspOnBoardSpeakerOff()
03-09 20:41:10.217  1437  1958 D AudioALSAHardwareResourceManager: notifyOutputDeviceStatusChange(), device = 2, status = 1, sampleRate = 0, mOpenSpeakerPathCount = 0
03-09 20:41:10.217  1437  1958 D AudioALSAStreamManager: speakerStatusChangeCb(), status = 1, sampleRate = 0
03-09 20:41:10.218  2025  2585 V MdnieScenarioControlService: mAclOffEnabled : false
03-09 20:41:10.232  1448  1797 I mtkpower_client: perf_lock_rel, hdl:3685, pid: 1448, tid:1797
03-09 20:41:10.233  1448  1797 I mtkpower_client: perf_lock_rel, hdl:3686, pid: 1448, tid:1797
03-09 20:41:10.233  1456  1520 I libPowerHal: [perfLockRel] hdl:3685, idx:0
03-09 20:41:10.233  1456  1520 I libPowerHal: [set_cpuidle] enable:1, fd:15, scn:0xb400007341400d00
03-09 20:41:10.233  1456  1520 I libPowerHal: [PD] vendor.samsung. update cmd:1c3c100 param:1 pr:6
03-09 20:41:10.234  1456  1520 I libPowerHal: [perfLockRel] Done for hdl : 3685
03-09 20:41:10.234  1456  1520 I libPowerHal: [perfLockRel] hdl:3686, idx:1
03-09 20:41:10.234  1448  1797 I HYPER-HAL: [RequestManager.cpp]releaseLocked(): Released ID : 2092055
03-09 20:41:10.235  1456  1520 I libPowerHal: [PD] vendor.samsung. update cmd:1000000 param:-1 pr:6
03-09 20:41:10.235  1456  1520 I libPowerHal: [perfLockRel] Done for hdl : 3686
03-09 20:41:10.250  1680  1792 D AALService: [CRTC_115] onALIChanged: 0 -> 1
03-09 20:41:10.250  1680  1792 D AALService: onALIChanged skip ali evnet since dre off
03-09 20:41:10.285  1437  1958 D AudioALSAPlaybackHandlerBase: -closePcmDriver(), mPcm = 0x0
03-09 20:41:10.286  1437  1958 D AudioALSADeviceConfigManager: ApplyDeviceTurnoffSequenceByName(), DeviceName = PLAYBACK1_TO_I2S3 descriptor->DeviceStatusCounter = 1, Ctlsize=4
03-09 20:41:10.286  1437  1958 D AudioALSAPlaybackHandlerBase: DestroyAurisysLibManager()
03-09 20:41:10.286  1437  1958 D aurisys_lib_handler: aurisys_arsi_destroy_handler(), lib_name aurisys_aps, 0xb4000077ec24f800, arsi_destroy_handler, arsi_handler = 0xb4000077ec2c1000, retval = 0
03-09 20:41:10.286  1437  1958 D aurisys_lib_manager: delete_aurisys_lib_manager(), manager 0xb4000077ec29b9a0
03-09 20:41:10.286  1437  1958 D AudioALSAPlaybackHandlerNormal: -close()
03-09 20:41:10.286  1437  1958 D AudioALSAPlaybackHandlerBase: DestroyAurisysLibManager()
03-09 20:41:10.286  1437  1958 D aurisys_lib_handler: aurisys_arsi_destroy_handler(), lib_name aurisys_demo, 0xb4000077ec22b800, arsi_destroy_handler, arsi_handler = 0xb4000077ec2a3380, retval = 0
03-09 20:41:10.286  1437  1958 D aurisys_lib_manager: delete_aurisys_lib_manager(), manager 0xb4000077ec29b620
03-09 20:41:10.286  1437  1958 D AudioALSAPlaybackHandlerMixer: close(-)
03-09 20:41:10.287  1437  1958 D AudioALSAStreamManager: routingOutputDeviceForIEMs()
03-09 20:41:10.287  1437  1958 D AudioIEMsController: routing(+), cur out 0x0 in 0x0, hs 0, bt 0, usb 0, device 0x2, mask 0x1, on 0
03-09 20:41:10.287  1437  1958 D AudioIEMsController: routing(-), cur out 0x0 in 0x0
03-09 20:41:10.287  1437  1958 D AHAL_Stream: cycle: writing reply Reply{status: 0, fmqByteCount: 0, observable: Position{frames: 73597122, timeNs: 347333729354086}, hardware: Position{frames: -1, timeNs: -1}, latencyMs: 2, xrunFrames: 0, state: STANDBY}
03-09 20:41:10.365  2025  2037 I system_server: Background concurrent mark compact GC freed 21MB AllocSpace bytes, 27(1156KB) LOS objects, 18% free, 104MB/128MB, paused 2.305ms,6.033ms total 440.459ms
03-09 20:41:10.368  2025  2039 W System  : A resource failed to call release. 
03-09 20:41:10.411  1680  1792 D AALService: [CRTC_115] onALIChanged: 1 -> 0
03-09 20:41:10.412  1680  1792 D AALService: onALIChanged skip ali evnet since dre off
03-09 20:41:10.450  1448  1563 I HYPER-HAL: [RequestManager.cpp]releaseLocked(): Released ID : 11851167
03-09 20:41:10.451  1448  1568 I HYPER-HAL: [RequestManager.cpp]releaseLocked(): Released ID : 11856037
03-09 20:41:10.493  2025  2075 D SGM:GameManager: identifyForegroundApp. com.presenceprotocol.app.client, mCurrentUserId: 0, callerUserId: 0
03-09 20:41:10.493  2025  2075 D SGM:SemGameManager: isForegroundGame(), ret=false
03-09 20:41:10.496  2025  1799 D SemInputDeviceManager: setProperty: (0) CMD,GRIP_DATA,1,45,7,15,702
03-09 20:41:10.497  1288  1309 D BluetoothAdapter: getBondedDevices() - package : com.google.android.projection.gearhead, state : 12
03-09 20:41:10.497  1288  1317 D CompatChangeReporter: Compat change id reported: 288912692; UID 10228; state: ENABLED
03-09 20:41:10.498  2025  1799 D TspStateManager: wrote command: cmd=1,45,7,15,702, type=1
03-09 20:41:10.499  2025  2621 D SemInputDevice:TSP: SetPropertyTask: CMD,set_grip_data,1,45,7,15,702 [03-09 20:41:10.496]
03-09 20:41:10.500  2992 27369 I AdapterProperties: getBondedDevices: length=0
03-09 20:41:10.503  1288  1317 I GH.ConnLoggerV2: Stopped session a7ed6bb9-6f3b-4bf1-8731-038e47f144f5
03-09 20:41:10.505  1466  1484 I sysinput:aidl: onReportInformation:91, 1, cmd@set_grip_data,1,45,7,15,70
03-09 20:41:10.507  2025  2621 D SysinputHAL_AIDL: setProperty(TSP(1)): CMD, set_grip_data,1,45,7,15,702 ret=0
03-09 20:41:10.507  1466  1484 I sysinput:Touch1: operator():241, OK
03-09 20:41:10.508  5342  5342 I InputMethodService: removeImeSurface
03-09 20:41:10.508  5342  5342 I InputMethodService: cancelImeSurfaceRemoval: removeCallbacks
03-09 20:41:10.509  1288  1317 I GH.ConnLoggerV2: Session a7ed6bb9-6f3b-4bf1-8731-038e47f144f5, event 2, detail OptionalInt.empty, SESSION_STOPPED, at 526715167 
03-09 20:41:10.512  2025  3526 D LocationManagerService: gps provider getLastLocation from : 10228/com.google.android.projection.gearhead
03-09 20:41:10.543  1448  1642 I HYPER-HAL: [RequestManager.cpp]releaseLocked(): Released ID : 11821968
03-09 20:41:10.574  1680  1792 D AALService: [CRTC_115] onALIChanged: 0 -> 1
03-09 20:41:10.574  1680  1792 D AALService: onALIChanged skip ali evnet since dre off
03-09 20:41:10.611   581   581 D io_stats: !@   8,32 r 11506443 306188828 w 2700674 42318628 d 601757 41820268 f 324034 581927 iot 3076360 0 th 0 0 0 pt 0 inp 0 0 347334.123
03-09 20:41:10.891  2025  2315 D InputReader: Btn_touch(6): value=1 when=347334.403519
03-09 20:41:10.891  2025  2315 I InputReader: Touch event's action is 0x0 (id=4, t=0) [pCnt=1, s=0.3311 ] when=347334.403519
03-09 20:41:10.894  2025  2314 I InputDispatcher: Delivering touch to (2746): action: 0x4, f=0x0, d=0, '2cd5969', t=1 
03-09 20:41:10.894  2025  2314 I InputDispatcher: Delivering touch to (1572): action: 0x0, f=0x0, d=0, 'e29ea3 ', t=1 
03-09 20:41:10.894  2025  2314 D PowerManagerService: [api] userActivityFromNative : touch displayId=0 eventTime=347334403
03-09 20:41:10.895  1572  1572 I VRI[MainActivity]@5571f30: ViewPostIme pointer 0
03-09 20:41:10.895  2025  2073 I GestureDetector: obtain mCurrentDownEvent. id: 311129598 caller: com.android.server.wm.SystemGesturesPointerEventListener.onPointerEvent:17 com.android.server.wm.PointerEventDispatcher.onInputEvent:51 android.view.InputEventReceiver.dispatchInputEvent:392 
03-09 20:41:10.896  2025  2073 I GestureDetector: obtain mCurrentDownEvent. id: 311129598 caller: com.android.server.wm.SystemPerformancePointerEventListener.onPointerEvent:13 com.android.server.wm.PointerEventDispatcher.onInputEvent:51 android.view.InputEventReceiver.dispatchInputEvent:392 
03-09 20:41:10.896  4847  4847 I SemDvfsHyPerManager: acquire hyper - TATouchBoost/4847@21, type = -999
03-09 20:41:10.897  4847  4847 I SemDvfsHyPerManager: acquire hyper - TaskTurbo/4847@22, type = -999
03-09 20:41:10.897  2025  2073 I GestureDetector: obtain mCurrentMotionEventRaw. action: 2 id: 366034982
03-09 20:41:10.897  1448  1505 I HYPER-HAL: [RequestManager.cpp]acquire(): Acquired ID : 11851167  [4847 / 21]    HINT :      list : [TABoost / 55] [TIMEOUT / 1500] 
03-09 20:41:10.897  2025  2073 I GestureDetector: obtain mCurrentMotionEventRaw. action: 2 id: 366034982
03-09 20:41:10.898  1448  1505 I HYPER-HAL: [RequestManager.cpp]acquire(): Acquired ID : 11856037  [4847 / 22]    HINT :      list : [TaskTurbo / 15] [TIMEOUT / 1500] 
03-09 20:41:10.901  1572  1572 I VRI[MainActivity]@5571f30: call setFrameRateCategory for touch hint category=high hint, reason=touch, vri=VRI[MainActivity]@5571f30
03-09 20:41:10.911  1496  1496 I SurfaceFlinger: [com.presenceprotocol.app.client/com.presenceprotocol.app.ui.MainActivity$_1572#7934] setFrameRateCategory: HighHint
03-09 20:41:10.976  2025  2315 D InputReader: Btn_touch(6): value=0 when=347334.489527
03-09 20:41:10.976  2025  2315 I InputReader: Touch event's action is 0x1 (id=4, t=0) [pCnt=1, s=] when=347334.489527
03-09 20:41:10.977  2025  2314 I InputDispatcher: Delivering touch to (1572): action: 0x1, f=0x0, d=0, 'e29ea3 ', t=1 
03-09 20:41:10.979  1572  1572 I VRI[MainActivity]@5571f30: ViewPostIme pointer 1
03-09 20:41:11.107  2992  3637 I ScanController: onScanResult to scannerId: 1- eventType=0x1b, addressType=0, address=XX:XX:XX:XX:E1:51, primaryPhy=1, secondaryPhy=0, advertisingSid=0xff, txPower=127, rssi=-81, periodicAdvInt=0x0
03-09 20:41:11.166  2992  3637 I ScanController: onScanResult to scannerId: 5- eventType=0x10, addressType=1, address=XX:XX:XX:XX:45:CD, primaryPhy=1, secondaryPhy=0, advertisingSid=0xff, txPower=127, rssi=-43, periodicAdvInt=0x0
03-09 20:41:11.171  2992  3637 I ScanController: onScanResult to scannerId: 1- eventType=0x1b, addressType=0, address=XX:XX:XX:XX:E1:51, primaryPhy=1, secondaryPhy=0, advertisingSid=0xff, txPower=127, rssi=-96, periodicAdvInt=0x0
03-09 20:41:11.196  2025  2073 I GestureDetector: handleMessage TAP
03-09 20:41:11.196  2025  2025 I GestureDetector: handleMessage TAP
03-09 20:41:11.291  1680  1792 D AALService: [CRTC_115] onALIChanged: 1 -> 0
03-09 20:41:11.291  1680  1792 D AALService: onALIChanged skip ali evnet since dre off
03-09 20:41:11.684 31075  1537 I NearbyMediums: Found Fast Ble Advertisements :
03-09 20:41:11.684 31075  1537 I NearbyMediums: BleAdvertisement { version=2, socketVersion=2, isFast=true, serviceIdHash=null, data=[ 0x23 0x4d 0x32 0x54 0x58 0x11 0x34 0xb4 0xf8 0x1c 0x15 0x86 0xab 0x2d 0x10 0x78 0xa4 0x4c 0x43 0xeb 0xca 0x3b 0xa1 ], deviceToken=[ 0x4b 0x1b ], rxAdvertisement=null } : 3 times.
03-09 20:41:11.684 31075  1537 I NearbyMediums: BleAdvertisement { version=2, socketVersion=2, isFast=true, serviceIdHash=null, data=[ 0x23 0x43 0x50 0x32 0x4f 0x11 0x32 0x6e 0x42 0xce 0x5f 0xfe 0x32 0xb0 0x69 0x2e 0x9b 0x83 0x46 0x3a 0x92 0xd8 0x52 ], deviceToken=[ 0xaf 0xb0 ], rxAdvertisement=null } : 6 times.
03-09 20:41:11.684 31075  1537 I NearbyMediums: BleAdvertisement { version=2, socketVersion=2, isFast=true, serviceIdHash=null, data=[ 0x23 0x30 0x4a 0x42 0x4b 0x11 0x32 0xec 0x69 0x4b 0xf2 0x8a 0x61 0x2f 0x07 0x90 0x39 0x37 0x6b 0x11 0x1b 0xb7 0x2a ], deviceToken=[ 0x22 0x2b ], rxAdvertisement=[ 0xa0 0x17 0x09 0x2f 0xa2 0xce 0xeb 0xe7 0x47 0x5f 0x29 0xe1 0x43 0xe5 0x17 0xaf 0x20 0xc5 0x51 0xf1 0x35 0xf2 0x0d 0xf2 0x88 0x3e 0xda 0x18 0x43 0xcd 0xb6 0x19 0x96 0x73 0x84 0x15 0x05 0x7f 0x00 0x00 0x84 0x15 0x06 0x61 0x00 0x00 0x84 0x15 0x04 0x7f 0x00 0x00 0x83 0x15 0x01 0x16 0x99 ] } : 5 times.
03-09 20:41:11.684 31075  1537 I NearbyMediums: Total 14 fast advertisements from 3 unique advertisers.
03-09 20:41:11.688 31075  1537 I NearbyMediums: Current Tracked Scanning Clients are : {NearbyConnections.EnvironmentMonitor, NearbySharing, NearbyConnections.TxAdvertisement}
03-09 20:41:11.928  2732  2732 I wpa_supplicant: Heartbeat 34656
03-09 20:41:12.013  1680  1792 D AALLightSensor: oldLux=0 [SA:-1 LA:-1] newLux=1 (oriLux: 1)
03-09 20:41:12.014  1680  1792 D AALService: [CRTC_115] onALIChanged: 0 -> 1
03-09 20:41:12.014  1680  1792 D AALService: onALIChanged skip ali evnet since dre off
03-09 20:41:12.093  1680  1792 D AALService: [CRTC_115] onALIChanged: 1 -> 0
03-09 20:41:12.094  1680  1792 D AALService: onALIChanged skip ali evnet since dre off
03-09 20:41:12.401  1448  1801 I HYPER-HAL: [RequestManager.cpp]releaseLocked(): Released ID : 11856037
03-09 20:41:12.403  1448  1800 I HYPER-HAL: [RequestManager.cpp]releaseLocked(): Released ID : 11851167
03-09 20:41:12.413  1680  1792 D AALService: [CRTC_115] onALIChanged: 0 -> 1
03-09 20:41:12.413  1680  1792 D AALService: onALIChanged skip ali evnet since dre off
03-09 20:41:12.542  2025  2315 D InputReader: Btn_touch(6): value=1 when=347336.054639
03-09 20:41:12.542  2025  2315 I InputReader: Touch event's action is 0x0 (id=4, t=0) [pCnt=1, s=0.3312 ] when=347336.054639
03-09 20:41:12.544  2025  2314 I InputDispatcher: Delivering touch to (2746): action: 0x4, f=0x0, d=0, '2cd5969', t=1 
03-09 20:41:12.544  2025  2314 I InputDispatcher: Delivering touch to (1572): action: 0x0, f=0x0, d=0, 'e29ea3 ', t=1 
03-09 20:41:12.544  1572  1572 I VRI[MainActivity]@5571f30: ViewPostIme pointer 0
03-09 20:41:12.545  2025  2314 D PowerManagerService: [api] userActivityFromNative : touch displayId=0 eventTime=347336054
03-09 20:41:12.545  2025  2073 I GestureDetector: obtain mCurrentDownEvent. id: 159471181 caller: com.android.server.wm.SystemGesturesPointerEventListener.onPointerEvent:17 com.android.server.wm.PointerEventDispatcher.onInputEvent:51 android.view.InputEventReceiver.dispatchInputEvent:392 
03-09 20:41:12.546  2025  2073 I GestureDetector: obtain mCurrentDownEvent. id: 159471181 caller: com.android.server.wm.SystemPerformancePointerEventListener.onPointerEvent:13 com.android.server.wm.PointerEventDispatcher.onInputEvent:51 android.view.InputEventReceiver.dispatchInputEvent:392 
03-09 20:41:12.546  4847  4847 I SemDvfsHyPerManager: acquire hyper - TATouchBoost/4847@21, type = -999
03-09 20:41:12.547  4847  4847 I SemDvfsHyPerManager: acquire hyper - TaskTurbo/4847@22, type = -999
03-09 20:41:12.547  1448  1505 I HYPER-HAL: [RequestManager.cpp]acquire(): Acquired ID : 11851167  [4847 / 21]    HINT :      list : [TABoost / 55] [TIMEOUT / 1500] 
03-09 20:41:12.547  2025  2073 I GestureDetector: obtain mCurrentMotionEventRaw. action: 2 id: 551809822
03-09 20:41:12.547  2025  2073 I GestureDetector: obtain mCurrentMotionEventRaw. action: 2 id: 551809822
03-09 20:41:12.547  1448  1505 I HYPER-HAL: [RequestManager.cpp]acquire(): Acquired ID : 11856037  [4847 / 22]    HINT :      list : [TaskTurbo / 15] [TIMEOUT / 1500] 
03-09 20:41:12.553  1496  1916 I VSyncReactor: Current= 90, Period= 90, hwcPeriod= 90
03-09 20:41:12.598  1496  1496 I BufferQueueProducer: [com.presenceprotocol.app.client/com.presenceprotocol.app.ui.MainActivity$_1572#7934](this:0xb4000077e4d7ee38,id:-1,api:0,p:-1,c:1496) queueBuffer: fps=1.48 dur=2695.90 max=2103.89 min=11.35
03-09 20:41:12.601  1496  1496 I BufferQueueProducer: [FramebufferSurface](this:0xb40000781acf0370,id:-1,api:1,p:1496,c:1496) queueBuffer: fps=4.82 dur=2904.54 max=2093.16 min=8.38
03-09 20:41:12.601  1442  1442 I hwcomposer: [HWCDisplay] (0 updateFps():4131), (type:1, mode:2) fps:4.820042,dur:2904.54,max:2092.83,min:8.26  
03-09 20:41:12.612   581   581 D io_stats: !@   8,32 r 11506476 306189108 w 2700676 42318636 d 601757 41820268 f 324034 581927 iot 3076372 0 th 0 0 0 pt 0 inp 0 0 347336.124
03-09 20:41:12.612   581   581 D io_stats: !@ Read_top(KB): ocol.app.client:top(1572) 27360 system_server:high(2025) 2032 ndroid.systemui:top(2746) 1888
03-09 20:41:12.612   581   581 D io_stats: !@ Write_top(KB): kworker/u32:2:/(29897) 168 id.diagmonagent:high(4801) 36 system_server:high(2025) 16
03-09 20:41:12.618  2025  2315 D InputReader: Btn_touch(6): value=0 when=347336.131520
03-09 20:41:12.618  2025  2315 I InputReader: Touch event's action is 0x1 (id=4, t=0) [pCnt=1, s=] when=347336.131520
03-09 20:41:12.619  2025  2314 I InputDispatcher: Delivering touch to (1572): action: 0x1, f=0x0, d=0, 'e29ea3 ', t=1 
03-09 20:41:12.619  1572  1572 I VRI[MainActivity]@5571f30: ViewPostIme pointer 1
03-09 20:41:12.621  1572  1572 E PP_BLE  : VM: toggle handler entered
03-09 20:41:12.621  1572  1572 E PP_BLE  : VM: BLE_ROLE=CLIENT_ONLY next=true
03-09 20:41:12.621  1572  1572 E PP_BLE  : VM: starting DISCOVERY
03-09 20:41:12.624  1572  1572 E PresenceDiscovery: PP_DISCOVERY: start() -> PP_DISCOVERY START 
03-09 20:41:12.627  1572  1572 D AdvertiseSettings: setTxPowerLevel: 2
03-09 20:41:12.627  1572  1572 D BluetoothAdapter: isLeEnabled(): ON
03-09 20:41:12.628  1572  1572 I BluetoothAdapter: BluetoothAdapter() : com.presenceprotocol.app.client
03-09 20:41:12.628  1572  1572 D BluetoothLeAdvertiser: TxPower == ADVERTISE_TX_POWER_MEDIUM
03-09 20:41:12.628  1572  1572 D BluetoothAdapter: isLeEnabled(): ON
03-09 20:41:12.631  1572  1572 E PresenceDiscovery: PP_DISCOVERY: startAdvertising() -> PP_DISCOVERY START_ADVERTISE
03-09 20:41:12.632  1572  1572 D BluetoothAdapter: isLeEnabled(): ON
03-09 20:41:12.633  1572  1572 D BluetoothLeScanner: Start Scan with callback
03-09 20:41:12.634  2992  3676 I bt_shim_advertiser: system/main/shim/le_advertising_manager.cc:155 StartAdvertisingSet: in shim layer
03-09 20:41:12.634  2992  3676 I bt_shim_advertiser: system/main/shim/le_advertising_manager.cc:174 StartAdvertisingSet: create advertising set, client_id:255, reg_id:-2252
03-09 20:41:12.634  2992  3615 W bluetooth: system/gd/hci/le_advertising_manager.cc:431 allocate_advertiser: advertiser_id=1
03-09 20:41:12.634  2992  3615 W bluetooth: system/gd/hci/le_advertising_manager.cc:643 create_extended_advertiser_with_id: advertiser_id=1
03-09 20:41:12.634  2992  3615 I bluetooth: system/gd/hci/le_advertising_manager.cc:722 create_extended_advertiser_with_id: Scheduling address rotation for advertiser_id=1
03-09 20:41:12.635  2992  3615 I bluetooth: system/gd/hci/le_address_manager.cc:581 GetNextPrivateAddressIntervalRange: client=advertising_set_1, nonwake=7m44s, wake=13m51s
03-09 20:41:12.635  2992  3615 I bluetooth: system/gd/hci/le_advertising_manager.cc:1307 enable_advertiser: advertiser_id=1
03-09 20:41:12.636  2992 26056 I bt_shim_scanner: system/main/shim/le_scanning_manager.cc:135 RegisterScanner: in shim layer, UUID=f8cededd-8559-4852-8211-fe0c1ae817ef
03-09 20:41:12.636  2992  3615 W bluetooth: system/gd/hci/le_scanning_manager.cc:650 register_scanner: register_scanner
03-09 20:41:12.636  1572  1664 D BluetoothLeScanner: onScannerRegistered() - status=0 scannerId=8 mScannerId=0
03-09 20:41:12.640  2992  3615 I bluetooth: system/gd/hci/le_advertising_manager.cc:1868 on_set_advertising_set_random_address_complete: update random address for advertising set 1 : xx:xx:xx:xx:c9:cd
03-09 20:41:12.643  2992  3676 E BtGatt.AdvertiseManager: [GSIM LOG]: gsimLogHandler, msg: MESSAGE_ADV_SET_START, appName: com.presenceprotocol.app.client, id: 1, isLegacy: true
03-09 20:41:12.651  1572  1572 D PresenceDiscovery: SCAN_START reason=manual_start windowMs=15000
03-09 20:41:12.651  1572  1572 E PresenceDiscovery: PP_DISCOVERY: startScanning() -> PP_DISCOVERY START_SCAN filters=NONE
03-09 20:41:12.653  1572  1572 D PresenceDiscovery: Presence BLE discovery started
03-09 20:41:12.654  2992  3684 E ScanManager: [GSIM LOG]: gsimLogHandler, msg: MESSAGE_SCAN_START, appName: com.presenceprotocol.app.client, scannerId: 8, reportDelayMillis=0
03-09 20:41:12.657  2992  3684 I bt_shim_scanner: system/main/shim/le_scanning_manager.cc:260 ScanFilterEnable: in shim layer
03-09 20:41:12.657  4801  4801 W ContextImpl: Calling a method in the system process without a qualified user: android.app.ContextImpl.startService:2068 android.content.ContextWrapper.startService:872 android.content.ContextWrapper.startService:872 com.sec.android.diagmonagent.sa.receiver.CFLogReceiver.onReceive:56 android.app.ActivityThread.handleReceiver:5663 
03-09 20:41:12.667  2992  3684 I bt_shim_scanner: system/main/shim/le_scanning_manager.cc:197 ScanFilterParamSetup: in shim layer, clientIf=8
03-09 20:41:12.668  2992  3684 I bt_shim_scanner: system/main/shim/le_scanning_manager.cc:151 Scan: in shim layer stopped
03-09 20:41:12.669  2992  3615 W bluetooth: system/gd/hci/le_scanning_manager.cc:716 scan: address_manager_registered_
03-09 20:41:12.669  2992  3615 W bluetooth: system/gd/hci/le_scanning_manager.cc:768 stop_scan: stop_scan
03-09 20:41:12.669  2992  3615 I bluetooth: system/gd/hci/le_address_manager.cc:278 unregister_client: Client unregistered
03-09 20:41:12.671  2992  3684 I bt_shim_scanner: system/main/shim/le_scanning_manager.cc:335 SetScanParameters: in shim layer, scannerId1m=8, scannerIdCoded=0
03-09 20:41:12.672  2992  3684 W bt_shim_scanner: system/main/shim/le_scanning_manager.cc:365 SetScanParameters: Set scan params scan_int_1m : 4095.625, scan_win_1m : 4095.625, Duty : 100.00% | scan_int_coded : 0, scan_win_coded : 0, Duty : nan%
03-09 20:41:12.673  2992  3684 I bt_shim_scanner: system/main/shim/le_scanning_manager.cc:151 Scan: in shim layer started
03-09 20:41:12.673  2992  3615 I bluetooth: system/gd/hci/le_scanning_manager.cc:765 stop_scan: Scanning already stopped, return!
03-09 20:41:12.673  2992  3615 W bluetooth: system/gd/hci/le_scanning_manager.cc:732 start_scan: start_scan
03-09 20:41:12.673  2992  3615 W bluetooth: system/gd/hci/le_scanning_manager.cc:735 start_scan: Register address manager
03-09 20:41:12.673  2992  3615 I bluetooth: system/gd/hci/le_address_manager.cc:263 register_client: Client registered
03-09 20:41:12.680  2992  3637 I ScanController: onScanResult to scannerId: 8- eventType=0x1a, addressType=0, address=XX:XX:XX:XX:AE:33, primaryPhy=1, secondaryPhy=0, advertisingSid=0xff, txPower=127, rssi=-90, periodicAdvInt=0x0
03-09 20:41:12.683  2992  3637 I ScanController: onScanResult to scannerId: 8- eventType=0x1b, addressType=1, address=XX:XX:XX:XX:0F:68, primaryPhy=1, secondaryPhy=0, advertisingSid=0xff, txPower=127, rssi=-82, periodicAdvInt=0x0
03-09 20:41:12.687  1572  1572 D BluetoothLeAdvertiser: onAdvertisingSetStarted(1, -10, 0)
03-09 20:41:12.693  2992  3637 I ScanController: onScanResult to scannerId: 8- eventType=0x1b, addressType=1, address=XX:XX:XX:XX:FB:4B, primaryPhy=1, secondaryPhy=0, advertisingSid=0xff, txPower=127, rssi=-80, periodicAdvInt=0x0
03-09 20:41:12.693  1572  1572 D PresenceDiscovery: SCAN_HIT addr=D4:8D:26:03:AE:33 rssi=-90 uuids=0000feb9-0000-1000-8000-00805f9b34fb
03-09 20:41:12.694  1572  1572 D PresenceDiscovery: SCAN_HIT addr=48:FD:9F:99:0F:68 rssi=-82 uuids=none
03-09 20:41:12.695  1572  1572 D PresenceDiscovery: Advertising started: Settings [mAdvertiseMode=2, mAdvertiseTxPowerLevel=2, mAdvertiseConnectable=true, mAdvertiseDiscoverable=true, mAdvertiseTimeoutMillis=0, mOwnAddressType=-1]
03-09 20:41:12.696  1572  1572 D PresenceDiscovery: SCAN_HIT addr=7F:B5:34:39:FB:4B rssi=-80 uuids=none
03-09 20:41:12.709  2992  3637 I ScanController: onScanResult to scannerId: 8- eventType=0x1b, addressType=0, address=XX:XX:XX:XX:65:42, primaryPhy=1, secondaryPhy=0, advertisingSid=0xff, txPower=127, rssi=-84, periodicAdvInt=0x0
03-09 20:41:12.710  2992  3637 E BluetoothRemoteDevices: Remote class is UNCATEGORIZED
03-09 20:41:12.712  1572  1572 D PresenceDiscovery: SCAN_HIT addr=6C:47:60:A4:65:42 rssi=-84 uuids=none
03-09 20:41:12.717  2992  3637 I ScanController: onScanResult to scannerId: 8- eventType=0x10, addressType=1, address=XX:XX:XX:XX:AB:28, primaryPhy=1, secondaryPhy=0, advertisingSid=0xff, txPower=127, rssi=-81, periodicAdvInt=0x0
03-09 20:41:12.719  1572  1572 D PresenceDiscovery: SCAN_HIT addr=FA:81:F7:44:AB:28 rssi=-81 uuids=none
03-09 20:41:12.737  2992  3637 I ScanController: onScanResult to scannerId: 8- eventType=0x10, addressType=1, address=XX:XX:XX:XX:AD:80, primaryPhy=1, secondaryPhy=0, advertisingSid=0xff, txPower=127, rssi=-70, periodicAdvInt=0x0
03-09 20:41:12.740  1572  1572 D PresenceDiscovery: SCAN_HIT addr=C3:C0:97:E5:AD:80 rssi=-70 uuids=none
03-09 20:41:12.746  2992  3637 I ScanController: onScanResult to scannerId: 8- eventType=0x1b, addressType=1, address=XX:XX:XX:XX:89:3B, primaryPhy=1, secondaryPhy=0, advertisingSid=0xff, txPower=127, rssi=-93, periodicAdvInt=0x0
03-09 20:41:12.748  2992  3637 I ScanController: onScanResult to scannerId: 8- eventType=0x1b, addressType=0, address=XX:XX:XX:XX:15:8B, primaryPhy=1, secondaryPhy=0, advertisingSid=0xff, txPower=127, rssi=-97, periodicAdvInt=0x0
03-09 20:41:12.748  1572  1572 D PresenceDiscovery: SCAN_HIT addr=7A:1A:4B:AF:89:3B rssi=-93 uuids=none
03-09 20:41:12.750  1572  1572 D PresenceDiscovery: SCAN_HIT addr=AA:B1:3B:1D:15:8B rssi=-97 uuids=0000fe78-0000-1000-8000-00805f9b34fb
03-09 20:41:12.754  2992  3637 I ScanController: onScanResult to scannerId: 1- eventType=0x1b, addressType=0, address=XX:XX:XX:XX:E1:51, primaryPhy=1, secondaryPhy=0, advertisingSid=0xff, txPower=127, rssi=-88, periodicAdvInt=0x0
03-09 20:41:12.754  2992  3637 I ScanController: onScanResult to scannerId: 8- eventType=0x1b, addressType=0, address=XX:XX:XX:XX:E1:51, primaryPhy=1, secondaryPhy=0, advertisingSid=0xff, txPower=127, rssi=-88, periodicAdvInt=0x0
03-09 20:41:12.757  1572  1572 D PresenceDiscovery: SCAN_HIT addr=64:1C:B0:F3:E1:51 rssi=-88 uuids=none
03-09 20:41:12.759  2992  3637 I ScanController: onScanResult to scannerId: 8- eventType=0x1b, addressType=1, address=XX:XX:XX:XX:7D:71, primaryPhy=1, secondaryPhy=0, advertisingSid=0xff, txPower=127, rssi=-48, periodicAdvInt=0x0
03-09 20:41:12.762  1572  1572 D PresenceDiscovery: SCAN_HIT addr=52:0A:E4:FC:7D:71 rssi=-48 uuids=7d3a2d6b-9b7a-4f2a-9e5e-0c9d6f1b1c01
03-09 20:41:12.762  1572  1572 D PresenceDiscovery: TARGET_MATCH addr=52:0A:E4:FC:7D:71 rssi=-48 uuids=7d3a2d6b-9b7a-4f2a-9e5e-0c9d6f1b1c01
03-09 20:41:12.762  1572  1572 E PresenceDiscovery: PP_DISCOVERY TARGET_MATCH addr=52:0A:E4:FC:7D:71 name=null rssi=-48 uuids=7d3a2d6b-9b7a-4f2a-9e5e-0c9d6f1b1c01
03-09 20:41:12.763  1572  1572 E PresenceDiscovery: PP_DISCOVERY PEER_SEEN addr=52:0A:E4:FC:7D:71 rssi=-48
03-09 20:41:12.774  2992  3637 I ScanController: onScanResult to scannerId: 8- eventType=0x1b, addressType=0, address=XX:XX:XX:XX:63:75, primaryPhy=1, secondaryPhy=0, advertisingSid=0xff, txPower=127, rssi=-89, periodicAdvInt=0x0
03-09 20:41:12.774  2992  3637 E BluetoothRemoteDevices: Remote class is UNCATEGORIZED
03-09 20:41:12.776  1572  1572 E PresenceHandshake: PP_HANDSHAKE CONNECT_START peer=52:0A:E4:FC:7D:71
03-09 20:41:12.777  1572  1572 D PresenceGattClient: CLIENT_CONNECT addr=52:0A:E4:FC:7D:71
03-09 20:41:12.777  4847  6246 I SDHMS:x : SIOP:: AP:297 BAT:273 USB:272 CHG:288 PA:290 BLK:0 SUBBAT:0 LRPTHM:288 SKIN:306 SKINF:302 SKINB:306 LRP2:306 LRF2:302 LRB2:306 AP2:306 CHG2:299 MEM2:304 WIFI2:305 AVGCUR:-3 AVGSYS:0 POWER:-13
03-09 20:41:12.781  1572  1572 D CompatChangeReporter: Compat change id reported: 265103382; UID 10450; state: ENABLED
03-09 20:41:12.781  1572  1572 D BluetoothGatt: connect() - device: XX:XX:XX:XX:7D:71, auto: false
03-09 20:41:12.781  1572  1572 D BluetoothGatt: registerApp()
03-09 20:41:12.781  1572  1572 D BluetoothGatt: registerApp() - UUID=f294034e-fceb-434c-b29b-cfce790e1f40
03-09 20:41:12.783  2992  3637 I ScanController: onScanResult to scannerId: 8- eventType=0x10, addressType=1, address=XX:XX:XX:XX:DF:57, primaryPhy=1, secondaryPhy=0, advertisingSid=0xff, txPower=127, rssi=-83, periodicAdvInt=0x0
03-09 20:41:12.785  2992  3609 I gatt_api: system/stack/gatt/gatt_api.cc:1289 GATT_Register: Allocated name:com.presenceprotocol.app.client uuid:f294034e-fceb-434c-b29b-cfce790e1f40 gatt_if:188 eatt_support:false
03-09 20:41:12.786  1572  1572 D PresenceDiscovery: SCAN_HIT addr=C0:28:8D:35:63:75 rssi=-89 uuids=72daa6c3-29c2-6283-0c4a-2818e4d37e75
03-09 20:41:12.787  1572  1664 D BluetoothGatt: onClientRegistered() - status=0 clientIf=188
03-09 20:41:12.809  2992  3637 I ScanController: onScanResult to scannerId: 8- eventType=0x10, addressType=1, address=XX:XX:XX:XX:3D:DA, primaryPhy=1, secondaryPhy=0, advertisingSid=0xff, txPower=127, rssi=-99, periodicAdvInt=0x0
03-09 20:41:12.814  2992  3637 W bt_bta_dm_sec: system/bta/dm/bta_dm_sec.cc:1047 bta_dm_add_ble_device: 
03-09 20:41:12.816  2992  3637 I bt_btif_gattc: system/btif/src/btif_gatt_client.cc:531 btif_gattc_open_impl: Transport=BT_TRANSPORT_LE, device type=BLE, address=xx:xx:xx:xx:7d:71, address type=1, phy=1
03-09 20:41:12.817  2992  3609 W bta_gattc_main: system/bta/gatt/bta_gattc_main.cc:283 bta_gattc_sm_execute: State 0x00 [GATTC_IDLE_ST], Event 0x1f00[BTA_GATTC_API_OPEN_EVT]
03-09 20:41:12.817  2992  3609 W gatt_api: system/stack/gatt/gatt_api.cc:1512 GATT_Connect: Starting direct connect gatt_if=188 address=xx:xx:xx:xx:7d:71 transport=2
03-09 20:41:12.817  2992  3609 W bluetooth: system/stack/gatt/gatt_api.cc:1520 GATT_Connect: Connecting without tcb to: xx:xx:xx:xx:7d:71
03-09 20:41:12.817  2992  3609 W bluetooth: system/stack/connection_manager/connection_manager.cc:516 direct_connect_add: 
03-09 20:41:12.818  2992  3615 W bluetooth: system/gd/hci/acl_manager/le_impl.h:1314 create_le_connection: device=xx:xx:xx:xx:7d:71, add=true, direct=true
03-09 20:41:12.819  2992  3615 W bluetooth: system/gd/hci/acl_manager/le_impl.h:950 add_device_to_accept_list: Adding device to accept list xx:xx:xx:xx:7d:71[RANDOM_DEVICE_ADDRESS(0x01)]
03-09 20:41:12.819  2992  3615 W bluetooth: system/gd/hci/acl_manager/le_impl.h:899 direct_connect_add: xx:xx:xx:xx:7d:71[RANDOM_DEVICE_ADDRESS(0x01)]
03-09 20:41:12.819  2992  3615 W bluetooth: system/gd/hci/acl_manager/le_impl.h:1382 create_le_connection: xx:xx:xx:xx:7d:71[RANDOM_DEVICE_ADDRESS(0x01)], already_in_accept_list: false, pause_connection false, state: ConnectabilityState::DISARMED
03-09 20:41:12.819  2992  3615 W bluetooth: system/gd/hci/acl_manager/le_impl.h:1408 create_le_connection: Deferred until filter accept list has completed
03-09 20:41:12.819  2992  3615 W bluetooth: system/gd/hci/le_address_manager.cc:337 pause_registered_clients: pause_registered_clients
03-09 20:41:12.819  2992  3615 W bluetooth: system/gd/hci/acl_manager/le_impl.h:1562 OnPause: le_impl :: AckPause
03-09 20:41:12.820  2992  3615 W bluetooth: system/gd/hci/le_scanning_manager.cc:1811 OnPause: OnPause
03-09 20:41:12.820  2992  3615 W bluetooth: system/gd/hci/le_scanning_manager.cc:768 stop_scan: stop_scan
03-09 20:41:12.820  2992  3615 I bluetooth: system/gd/hci/le_advertising_manager.cc:1484 OnPause: address_manager_registered=true
03-09 20:41:12.821  2992  3615 W bluetooth: system/gd/hci/le_address_manager.cc:337 pause_registered_clients: pause_registered_clients
03-09 20:41:12.822  2992  3615 W bluetooth: system/gd/hci/le_address_manager.cc:370 ack_pause: Client already in paused state
03-09 20:41:12.822  2992  3615 W bluetooth: system/gd/hci/le_address_manager.cc:374 ack_pause: Wait all clients paused, return
03-09 20:41:12.822  2992  3615 W bluetooth: system/gd/hci/le_address_manager.cc:370 ack_pause: Client already in paused state
03-09 20:41:12.822  2992  3615 W bluetooth: system/gd/hci/le_address_manager.cc:370 ack_pause: Client already in paused state
03-09 20:41:12.822  2992  3615 W bluetooth: system/gd/hci/le_address_manager.cc:374 ack_pause: Wait all clients paused, return
03-09 20:41:12.822  2992  3615 W bluetooth: system/gd/hci/le_address_manager.cc:370 ack_pause: Client already in paused state
03-09 20:41:12.822  2992  3615 W bluetooth: system/gd/hci/le_address_manager.cc:370 ack_pause: Client already in paused state
03-09 20:41:12.822  2992  3615 W bluetooth: system/gd/hci/le_address_manager.cc:370 ack_pause: Client already in paused state
03-09 20:41:12.826  2992  3615 I bluetooth: system/gd/hci/le_address_manager.cc:816 OnCommandComplete: Received command complete with op_code LE_ADD_DEVICE_TO_FILTER_ACCEPT_LIST(0x2011)
03-09 20:41:12.827  2992  3615 I bluetooth: system/gd/hci/le_address_manager.cc:816 OnCommandComplete: Received command complete with op_code LE_ADD_DEVICE_TO_FILTER_ACCEPT_LIST(0x2011)
03-09 20:41:12.828  2992  3615 I bluetooth: system/gd/hci/le_address_manager.cc:397 resume_registered_clients: Resuming registered clients
03-09 20:41:12.828  2992  3615 W bluetooth: system/gd/hci/acl_manager/le_impl.h:1062 arm_connectability: arm_connectability
03-09 20:41:12.828  2992  3615 W bluetooth: system/gd/hci/acl_manager/le_impl.h:413 set_connectability_state: ConnectabilityState::DISARMED --> ConnectabilityState::ARMING
03-09 20:41:12.831  2992  3615 W bluetooth: system/gd/hci/acl_manager/le_impl.h:1583 OnResume: le_impl :: AckResume
03-09 20:41:12.831  2992  3615 W bluetooth: system/gd/hci/le_scanning_manager.cc:1825 OnResume: OnResume
03-09 20:41:12.831  2992  3615 W bluetooth: system/gd/hci/le_scanning_manager.cc:1828 OnResume: scan_on_resume_
03-09 20:41:12.831  2992  3615 W bluetooth: system/gd/hci/le_scanning_manager.cc:1834 OnResume: configure_scan_on_resume
03-09 20:41:12.831  2992  3615 I bluetooth: system/gd/hci/le_scanning_manager.cc:765 stop_scan: Scanning already stopped, return!
03-09 20:41:12.831  2992  3615 W bluetooth: system/gd/hci/le_scanning_manager.cc:732 start_scan: start_scan
03-09 20:41:12.831  2992  3615 I bluetooth: system/gd/hci/le_advertising_manager.cc:1532 OnResume: address_manager_registered=true
03-09 20:41:12.832  1572  1572 D PresenceDiscovery: SCAN_HIT addr=44:3C:EA:A4:DF:57 rssi=-83 uuids=none
03-09 20:41:12.833  1572  1572 D PresenceDiscovery: SCAN_HIT addr=D9:1B:D3:FF:3D:DA rssi=-99 uuids=none
03-09 20:41:12.834  2992  3615 W bluetooth: system/gd/hci/acl_manager/le_impl.h:413 set_connectability_state: ConnectabilityState::ARMING --> ConnectabilityState::ARMED
03-09 20:41:12.834  2992  3615 I bluetooth: system/gd/hci/acl_manager/le_impl.h:1036 update_connectability_state_after_armed: Le connection state machine armed state:ConnectabilityState::ARMED status:SUCCESS(0x00)
03-09 20:41:12.843  2992  3637 I ScanController: onScanResult to scannerId: 8- eventType=0x10, addressType=0, address=XX:XX:XX:XX:E6:30, primaryPhy=1, secondaryPhy=0, advertisingSid=0xff, txPower=127, rssi=-86, periodicAdvInt=0x0
03-09 20:41:12.846  2025  2073 I GestureDetector: handleMessage TAP
03-09 20:41:12.846  2025  2025 I GestureDetector: handleMessage TAP
03-09 20:41:12.846  1572  1572 D PresenceDiscovery: SCAN_HIT addr=BC:10:2F:0A:E6:30 rssi=-86 uuids=none
03-09 20:41:12.851  2992  3637 I ScanController: onScanResult to scannerId: 8- eventType=0x10, addressType=0, address=XX:XX:XX:XX:BB:F0, primaryPhy=1, secondaryPhy=0, advertisingSid=0xff, txPower=127, rssi=-93, periodicAdvInt=0x0
03-09 20:41:12.854  1572  1572 D PresenceDiscovery: SCAN_HIT addr=BC:10:2F:07:BB:F0 rssi=-93 uuids=none
03-09 20:41:12.854  2992  3637 I ScanController: onScanResult to scannerId: 1- eventType=0x1b, addressType=0, address=XX:XX:XX:XX:E1:51, primaryPhy=1, secondaryPhy=0, advertisingSid=0xff, txPower=127, rssi=-80, periodicAdvInt=0x0
03-09 20:41:12.854  2992  3637 I ScanController: onScanResult to scannerId: 8- eventType=0x1b, addressType=0, address=XX:XX:XX:XX:E1:51, primaryPhy=1, secondaryPhy=0, advertisingSid=0xff, txPower=127, rssi=-80, periodicAdvInt=0x0
03-09 20:41:12.857  1572  1572 D PresenceDiscovery: SCAN_HIT addr=64:1C:B0:F3:E1:51 rssi=-80 uuids=none
03-09 20:41:12.859  2992  3637 I ScanController: onScanResult to scannerId: 1- eventType=0x1b, addressType=0, address=XX:XX:XX:XX:E1:51, primaryPhy=1, secondaryPhy=0, advertisingSid=0xff, txPower=127, rssi=-80, periodicAdvInt=0x0
03-09 20:41:12.859  2992  3637 I ScanController: onScanResult to scannerId: 8- eventType=0x1b, addressType=0, address=XX:XX:XX:XX:E1:51, primaryPhy=1, secondaryPhy=0, advertisingSid=0xff, txPower=127, rssi=-80, periodicAdvInt=0x0
03-09 20:41:12.861  1572  1572 D PresenceDiscovery: SCAN_HIT addr=64:1C:B0:F3:E1:51 rssi=-80 uuids=none
03-09 20:41:12.864  2992  3637 I ScanController: onScanResult to scannerId: 8- eventType=0x1b, addressType=1, address=XX:XX:XX:XX:65:86, primaryPhy=1, secondaryPhy=0, advertisingSid=0xff, txPower=127, rssi=-87, periodicAdvInt=0x0
03-09 20:41:12.866  1572  1572 D PresenceDiscovery: SCAN_HIT addr=51:33:C8:F9:65:86 rssi=-87 uuids=none
03-09 20:41:12.901  2990  3732 D SatelliteController: isInCarrierRoamingNbIotNtn: satellite is disabled
03-09 20:41:12.905  3436  3436 I EPDG -- SIM0 [SMARTCELLULAR]: onSignalStrengthsChanged: SignalStrength:{mCdma=Invalid,mGsm=Invalid,mWcdma=Invalid,mTdscdma=Invalid,mLte=CellSignalStrengthLte: rssi=-103 rsrp=-103 rsrq=-11 rssnr=6 cqiTableIndex=2147483647 cqi=2147483647 ta=2147483647 level=3 parametersUseForLevel=0,mNr=Invalid,SignalBarInfo{ lteLevel=2 },rat=14,primary=CellSignalStrengthLte}
03-09 20:41:12.905  3436  4398 I EPDG -- SIM0 [SMARTCELLULAR]: lastLteRSRP is -103 currentLteRSRP is -103 lastLteRSRQ is -12 currentLteRSRQ is -11 lastLteSNR is 7 currentLteSNR is 6
03-09 20:41:12.931  2025  2747 I Pageboost: Launcher App Execution
03-09 20:41:12.935  2025  2747 E Pageboost: ioinfo read failed
03-09 20:41:12.954  2992  3637 I ScanController: onScanResult to scannerId: 1- eventType=0x1b, addressType=0, address=XX:XX:XX:XX:E1:51, primaryPhy=1, secondaryPhy=0, advertisingSid=0xff, txPower=127, rssi=-88, periodicAdvInt=0x0
03-09 20:41:12.954  2992  3637 I ScanController: onScanResult to scannerId: 8- eventType=0x1b, addressType=0, address=XX:XX:XX:XX:E1:51, primaryPhy=1, secondaryPhy=0, advertisingSid=0xff, txPower=127, rssi=-88, periodicAdvInt=0x0
03-09 20:41:12.955 11336 11366 I BCMGR[11.2.04.4]: BeaconMainController] onReceive - [1 : bad rssi][2 : bad rssi][3 : bad rssi][4 : bad rssi][5 : bad rssi][6 : bad rssi][7 : bad rssi][8 : bad rssi][9 : bad rssi][10 : bad rssi]
03-09 20:41:12.957  1572  1572 D PresenceDiscovery: SCAN_HIT addr=64:1C:B0:F3:E1:51 rssi=-88 uuids=none
03-09 20:41:12.958  2992  3637 I ScanController: onScanResult to scannerId: 1- eventType=0x1b, addressType=0, address=XX:XX:XX:XX:E1:51, primaryPhy=1, secondaryPhy=0, advertisingSid=0xff, txPower=127, rssi=-88, periodicAdvInt=0x0
03-09 20:41:12.958  2992  3637 I ScanController: onScanResult to scannerId: 8- eventType=0x1b, addressType=0, address=XX:XX:XX:XX:E1:51, primaryPhy=1, secondaryPhy=0, advertisingSid=0xff, txPower=127, rssi=-88, periodicAdvInt=0x0
03-09 20:41:12.961  1572  1572 D PresenceDiscovery: SCAN_HIT addr=64:1C:B0:F3:E1:51 rssi=-88 uuids=none
03-09 20:41:13.012  2992  3637 I ScanController: onScanResult to scannerId: 8- eventType=0x10, addressType=1, address=XX:XX:XX:XX:3E:F3, primaryPhy=1, secondaryPhy=0, advertisingSid=0xff, txPower=127, rssi=-85, periodicAdvInt=0x0
03-09 20:41:13.015  1572  1572 D PresenceDiscovery: SCAN_HIT addr=CD:B7:F1:2E:3E:F3 rssi=-85 uuids=none
03-09 20:41:13.035  2025  3641 D SemWifiUsabilityStatsMonitor: onWifiUsabilityStats - seqNum 111738, isSameBssidAndFreq true
03-09 20:41:13.036  2025  2652 I SemWifiLinkQualityMonitor: Link stat: 0 / 0 / 1.00 (11) / 390 / -43.0 || 100.0 : 390.00 / 0.5 : 1.00 / 0.55 : 0.30 / G (G) || 30968fbf2452: 0.123 / 64.846 / D || N N / 0 0 / Y 2.0 / Y X 0 / 347336548 0 || Invalid
03-09 20:41:13.053  2992  3637 I ScanController: onScanResult to scannerId: 8- eventType=0x10, addressType=1, address=XX:XX:XX:XX:07:14, primaryPhy=1, secondaryPhy=0, advertisingSid=0xff, txPower=127, rssi=-84, periodicAdvInt=0x0
03-09 20:41:13.056  1572  1572 D PresenceDiscovery: SCAN_HIT addr=E1:A1:4A:03:07:14 rssi=-84 uuids=none
03-09 20:41:13.057  2992  3637 I ScanController: onScanResult to scannerId: 8- eventType=0x10, addressType=1, address=XX:XX:XX:XX:8B:3E, primaryPhy=1, secondaryPhy=0, advertisingSid=0xff, txPower=127, rssi=-89, periodicAdvInt=0x0
03-09 20:41:13.060  1572  1572 D PresenceDiscovery: SCAN_HIT addr=0F:F7:63:AC:8B:3E rssi=-89 uuids=none
03-09 20:41:13.078  2992  3637 I ScanController: onScanResult to scannerId: 5- eventType=0x10, addressType=1, address=XX:XX:XX:XX:B5:0A, primaryPhy=1, secondaryPhy=0, advertisingSid=0xff, txPower=127, rssi=-97, periodicAdvInt=0x0
03-09 20:41:13.078  2992  3637 I ScanController: onScanResult to scannerId: 8- eventType=0x10, addressType=1, address=XX:XX:XX:XX:B5:0A, primaryPhy=1, secondaryPhy=0, advertisingSid=0xff, txPower=127, rssi=-97, periodicAdvInt=0x0
03-09 20:41:13.080  1572  1572 D PresenceDiscovery: SCAN_HIT addr=31:B3:AB:77:B5:0A rssi=-97 uuids=none
03-09 20:41:13.114  2992  3615 W bluetooth: system/gd/hci/acl_manager/le_impl.h:456 on_le_connection_complete: on_le_connection_complete()
03-09 20:41:13.114  2992  3615 W bluetooth: system/gd/hci/acl_manager/le_impl.h:413 set_connectability_state: ConnectabilityState::ARMED --> ConnectabilityState::DISARMED
03-09 20:41:13.114  2992  3615 W bluetooth: system/gd/hci/acl_manager/le_impl.h:439 on_common_le_connection_complete: xx:xx:xx:xx:7d:71[RANDOM_DEVICE_ADDRESS(0x01)]
03-09 20:41:13.114  2992  3615 W bluetooth: system/gd/hci/acl_manager/le_impl.h:921 direct_connect_remove: xx:xx:xx:xx:7d:71[RANDOM_DEVICE_ADDRESS(0x01)]
03-09 20:41:13.114  2992  3615 W bluetooth: system/gd/hci/acl_manager/le_impl.h:921 direct_connect_remove: xx:xx:xx:xx:7d:71[PUBLIC_DEVICE_ADDRESS(0x00)]
03-09 20:41:13.115  2992  3615 W bluetooth: system/gd/hci/acl_manager/le_impl.h:973 remove_device_from_accept_list: Removing device from accept list xx:xx:xx:xx:7d:71[RANDOM_DEVICE_ADDRESS(0x01)]
03-09 20:41:13.116  2992  3615 I bluetooth: system/gd/hci/acl_manager/round_robin_scheduler.cc:67 Register: registering acl_queue handle=512, acl_credits=6, le_credits=8
03-09 20:41:13.116  2992  3615 I bluetooth: system/gd/hci/acl_manager/round_robin_scheduler.cc:78 Register: start round robin
03-09 20:41:13.116  2992  3615 I bluetooth: system/gd/hci/acl_manager/le_impl.h:618 on_le_connection_complete: addr=xx:xx:xx:xx:7d:71[RANDOM_DEVICE_ADDRESS(0x01)], conn_interval=39
03-09 20:41:13.116  2992  3615 W bluetooth: system/gd/hci/acl_manager/le_impl.h:319 add: le_impl::add() handle=0x200 addr=xx:xx:xx:xx:7d:71
03-09 20:41:13.116  2992  3615 W bluetooth: system/gd/hci/le_address_manager.cc:337 pause_registered_clients: pause_registered_clients
03-09 20:41:13.116  2992  3615 W bluetooth: system/gd/hci/acl_manager/le_impl.h:1562 OnPause: le_impl :: AckPause
03-09 20:41:13.116  2992  3615 W bluetooth: system/gd/hci/le_scanning_manager.cc:1811 OnPause: OnPause
03-09 20:41:13.116  2992  3615 W bluetooth: system/gd/hci/le_scanning_manager.cc:768 stop_scan: stop_scan
03-09 20:41:13.116  2992  3615 I bluetooth: system/gd/hci/le_advertising_manager.cc:1484 OnPause: address_manager_registered=true
