03-09 20:41:03.246  1501  1588 I WindowManager: Reparenting to original parent: Surface(name=WindowToken{a5caa13 type=2000 android.os.BinderProxy@7bed24d})/@0x782af2, destroy=false, syncState=0, syncCommitDepth=0, surface=Surface(name=2f86450 StatusBar)/@0x2ebdfd
03-09 20:41:03.246  1501  1588 I WindowManager: Reparenting to leash, surface=Surface(name=2f86450 StatusBar)/@0x2ebdfd, syncState=0, syncCommitDepth=0, leashParent=Surface(name=WindowToken{a5caa13 type=2000 android.os.BinderProxy@7bed24d})/@0x782af2
03-09 20:41:03.246  1126  1806 I SurfaceFlinger: id=6420 createSurf, flag=24000, Surface(name=2f86450 StatusBar)/@0x2ebdfd - animation-leash of insets_animation#6420
03-09 20:41:03.247  1501  1588 D WindowManager: makeSurface duration=1 leash=Surface(name=Surface(name=2f86450 StatusBar)/@0x2ebdfd - animation-leash of insets_animation)/@0x7903278
03-09 20:41:03.247  1501  1588 D InsetsSourceProvider: updateControlForTarget: control=InsetsSourceControl: {588b0000 mType=statusBars initiallyVisible mSurfacePosition=Point(0, 0) mInsetsHint=Insets{left=0, top=51, right=0, bottom=0}}, target=Window{871431a u0 Splash Screen com.presenceprotocol.app.server}, from=com.android.server.wm.InsetsStateController.onControlTargetChanged:81 com.android.server.wm.InsetsPolicy.updateBarControlTarget:175 com.android.server.wm.DisplayPolicy.updateSystemBarAttributes:281 com.android.server.wm.DisplayPolicy.finishPostLayoutPolicyLw:17 com.android.server.wm.RootWindowContainer.applySurfaceChangesTransaction$1:194 
03-09 20:41:03.247  1501  1588 I WindowManager: Cancelling animation restarting=true, leash=Surface(name=Surface(name=226afb NavigationBar0)/@0x1f47c0 - animation-leash of insets_animation)/@0xb456c2a
03-09 20:41:03.247  1501  1588 I WindowManager: Reparenting to original parent: Surface(name=WindowToken{ba3448a type=2019 android.os.BinderProxy@2b3042c})/@0x3ae3cf9, destroy=false, syncState=0, syncCommitDepth=0, surface=Surface(name=226afb NavigationBar0)/@0x1f47c0
03-09 20:41:03.247  1501  1588 I WindowManager: Reparenting to leash, surface=Surface(name=226afb NavigationBar0)/@0x1f47c0, syncState=0, syncCommitDepth=0, leashParent=Surface(name=WindowToken{ba3448a type=2019 android.os.BinderProxy@2b3042c})/@0x3ae3cf9
03-09 20:41:03.248  1126  1806 I SurfaceFlinger: id=6421 createSurf, flag=24000, Surface(name=226afb NavigationBar0)/@0x1f47c0 - animation-leash of insets_animation#6421
03-09 20:41:03.248  1501  1588 D WindowManager: makeSurface duration=1 leash=Surface(name=Surface(name=226afb NavigationBar0)/@0x1f47c0 - animation-leash of insets_animation)/@0xc4cf9b6
03-09 20:41:03.248  1501  1588 D InsetsSourceProvider: updateControlForTarget: control=InsetsSourceControl: {bd50001 mType=navigationBars initiallyVisible mSurfacePosition=Point(0, 1492) mInsetsHint=Insets{left=0, top=0, right=0, bottom=108}}, target=Window{871431a u0 Splash Screen com.presenceprotocol.app.server}, from=com.android.server.wm.InsetsStateController.onControlTargetChanged:81 com.android.server.wm.InsetsPolicy.updateBarControlTarget:188 com.android.server.wm.DisplayPolicy.updateSystemBarAttributes:281 com.android.server.wm.DisplayPolicy.finishPostLayoutPolicyLw:17 com.android.server.wm.RootWindowContainer.applySurfaceChangesTransaction$1:194 
03-09 20:41:03.248  1501  1588 D WindowManager: updateSystemBarAttributes: displayId=0, focusedCanBeNavColorWin=false, win=Window{871431a u0 Splash Screen com.presenceprotocol.app.server}, navColorWin=Window{871431a u0 Splash Screen com.presenceprotocol.app.server}, caller=com.android.server.wm.DisplayPolicy.finishPostLayoutPolicyLw:17 com.android.server.wm.RootWindowContainer.applySurfaceChangesTransaction$1:194 com.android.server.wm.RootWindowContainer.performSurfacePlacementNoTrace:61 
03-09 20:41:03.249  2090  2090 D SysUiState: SysUiState changed: old=0x10000030 new=0x10020030
03-09 20:41:03.249  1501  1588 D WindowManager: updateSystemBarAttributes, bhv=1, apr=0, statusBarAprRegions=[AppearanceRegion{ bounds=[0,0][720,1600]}], requestedVisibilities=-9
03-09 20:41:03.249  2605  8752 I HoneySpace.SystemUiRepository: systemUiFlags: a11y_click|a11y_long_click|allow_gesture|awake
03-09 20:41:03.250  2605  8752 I HoneySpace.RecentTasks: onRecentTasksChanged
03-09 20:41:03.250  2605  2700 I HoneySpace.TaskbarEventTracker: invokeEvent() called with: event = SystemUiStateChanged(stateFlags=268566576)
03-09 20:41:03.250  1501  2218 W UserManagerService: Requested status bar icon for non-badged user 0
03-09 20:41:03.250  1501  1587 D PowerManagerService: [api] setScreenDimDurationOverrideFromWindowManagerInternal: timeoutMillis: -1
03-09 20:41:03.251  2605  8752 I HoneySpace.HistoryViewModel@190403095@Easy: Illegal access. Unknown type. skip load history items
03-09 20:41:03.252  2605  2605 I HoneySpace.FloatingFinishHelper: finishInProgress: false
03-09 20:41:03.257  1501  2241 D SGM:GameManager: identifyGamePackage. com.presenceprotocol.app.server, mCurrentUserId: 0, callerUserId: 0, callingMethodInfo: com.samsung.android.game.IGameManagerService$Stub.onTransact(IGameManagerService.java:228)
03-09 20:41:03.257  2605  2605 I HoneySpace.DeJankUtils: traversals callback's received
03-09 20:41:03.257  2605  2605 I HoneySpace.DeJankUtils: doActionRunnable is called com.honeyspace.common.performance.JankWrapper$addCujInstrumentation$1$4$1@e4de1f9, immediate = true, detail : app transition end
03-09 20:41:03.257  1126  1126 I SurfaceFlinger: Layer [Task=1#52] hidden!! flag(1)
03-09 20:41:03.257  1126  1126 I SurfaceFlinger: [LayerHierarchy{RequestedLayerState{Task=1#52 parentId=11} 2 children}] reparent to LayerHierarchy{RequestedLayerState{DefaultTaskDisplayArea_d0#11 parentId=10} 10 children}
03-09 20:41:03.258  1126  1126 I SurfaceFlinger: [LayerHierarchy{RequestedLayerState{WallpaperWindowToken{7eb0548 token=android.os.Binder@a5a4f5c}#69 parentId=9 z=1} 1 children}] reparent to LayerHierarchy{RequestedLayerState{Leaf:1:1#9 parentId=8} 2 children}
03-09 20:41:03.258  1126  1126 I SurfaceFlinger: [LayerHierarchy{RequestedLayerState{Task=1165#6410 parentId=11 z=7} 1 children}] reparent to LayerHierarchy{RequestedLayerState{DefaultTaskDisplayArea_d0#11 parentId=10} 11 children}
03-09 20:41:03.258  1126  1126 I SurfaceFlinger: [LayerHierarchy{RequestedLayerState{Transition Root: Task=1165#6414 z=7} 2 children}] reparent to OffscreenRoot
03-09 20:41:03.258  1126  1126 I SurfaceFlinger: [LayerHierarchy{RequestedLayerState{Transition Root: Task=1165#6414 z=7} 2 children}] RelativeParent to null
03-09 20:41:03.258  1126  1126 I SurfaceFlinger: [Surface(name=2f86450 StatusBar)/@0x2ebdfd - animation-leash of insets_animation#6420] attach to parent LayerHierarchy{RequestedLayerState{WindowToken{a5caa13 type=2000 android.os.BinderProxy@7bed24d}#85 parentId=19} 2 children}
03-09 20:41:03.258  1126  1126 I SurfaceFlinger: [Surface(name=226afb NavigationBar0)/@0x1f47c0 - animation-leash of insets_animation#6421] attach to parent LayerHierarchy{RequestedLayerState{WindowToken{ba3448a type=2019 android.os.BinderProxy@2b3042c}#81 parentId=31} 2 children}
03-09 20:41:03.259  1126  1126 I SurfaceFlinger: id=6414 Removed Transition Root: Task=1165#6414 (137)
03-09 20:41:03.260  2090  2173 I InsetsSourceConsumer: applyRequestedVisibilityToControl: visible=true, type=statusBars, host=Splash Screen com.presenceprotocol.app.server
03-09 20:41:03.260  2090  2173 I InsetsSourceConsumer: applyRequestedVisibilityToControl: visible=true, type=navigationBars, host=Splash Screen com.presenceprotocol.app.server
03-09 20:41:03.261  1501  2241 V WindowManager: Relayout Window{56bf206 u0 com.sec.android.app.launcher/com.sec.android.app.launcher.activities.LauncherActivity}: viewVisibility=8 req=720x1600 ty=1 d0
03-09 20:41:03.261  1126  1126 D SurfaceFlinger: Display 4633128672291735937 HWC layers:
03-09 20:41:03.261  1126  1126 D SurfaceFlinger:        DEVICE |   0xb400007d0c3e9490 | 0000 | RGBA_8888    |   74.0  164.0  646.0 1436.0 |    0    0  720 1600 | Wallpaper BBQ wrapper 5_system#77 (1)
03-09 20:41:03.261  1126  1126 D SurfaceFlinger:        DEVICE |   0xb400007d0c415e90 | 0001 | RGBA_8888    |    0.0    0.0  720.0 1600.0 |    0    0  720 1600 | Splash Screen com.presenceprotocol.app.server$_2090#6413 (1)
03-09 20:41:03.261  1126  1126 D SurfaceFlinger:        DEVICE |   0xb400007d0c3f9790 | 0001 | RGBA_8888    |    0.0    0.0  720.0   51.0 |    0    0  720   51 | StatusBar$_2090#93 (30579)
03-09 20:41:03.261  1126  1126 D SurfaceFlinger:        DEVICE |   0xb400007d0c3f25d0 | 0001 | RGBA_8888    |    0.0    0.0  720.0  108.0 |    0 1492  720 1600 | NavigationBar0$_2090#89 (5341)
03-09 20:41:03.261  1126  1126 D SurfaceFlinger: 
03-09 20:41:03.262  1501  2241 V WindowManager: Relayout hash=56bf206, pid=2605, syncId=-1: mAttrs={(0,0)(fillxfill) sim={adjust=nothing} layoutInDisplayCutoutMode=always ty=BASE_APPLICATION fmt=TRANSPARENT wanim=0x1030301
03-09 20:41:03.262  1501  2241 V WindowManager:   fl=81910100
03-09 20:41:03.262  1501  2241 V WindowManager:   pfl=10008840
03-09 20:41:03.262  1501  2241 V WindowManager:   bhv=2
03-09 20:41:03.262  1501  2241 V WindowManager:   fitSides=0
03-09 20:41:03.262  1501  2241 V WindowManager:   frameRateBoostOnTouch=true
03-09 20:41:03.262  1501  2241 V WindowManager:   dvrrWindowFrameRateHint=true screenDimDuration=200000 naviIconColor=0}
03-09 20:41:03.262  1126  1159 I SurfaceFlinger: id=6416 Removed Surface(name=Task=1)/@0x6890318_transition-leash#6416 (137)
03-09 20:41:03.262  1126  1159 I SurfaceFlinger: id=6415 Removed Surface(name=Task=1165)/@0x342308a_transition-leash#6415 (137)
03-09 20:41:03.263  2605  2605 I VRI[LauncherActivity]@a46cb51: Relayout returned: old=(0,0,720,1600) new=(0,0,720,1600) relayoutAsync=false req=(720,1600)8 dur=2 res=0x2 s={false 0x0} ch=true seqId=0
03-09 20:41:03.263  2605  2605 I HoneySpace.AppTransitionAnimationAwait: proceed 1
03-09 20:41:03.272  1501  2241 D BluetoothManagerService: mDisableBleCallbacks count 22, isSwitching: false
03-09 20:41:03.272  9130  9130 I BluetoothAdapter: BluetoothAdapter() : com.presenceprotocol.app.server
03-09 20:41:03.273  9130  9130 D CompatChangeReporter: Compat change id reported: 263076149; UID 10538; state: ENABLED
03-09 20:41:03.274  2605  2605 I HoneySpace.AppscreenViewModel: endGestureHint
03-09 20:41:03.274  2605  2605 I HoneySpace.AppscreenViewModel: resetAnimatedValues
03-09 20:41:03.274  2605  2605 I HoneySpace.HoneyScreenManagerImpl: transitionAnimator is ended, onCancel: false
03-09 20:41:03.274  2605  2605 I HoneySpace.ContentsAnimator: ContentsAnimator end [138599516]
03-09 20:41:03.275  1126  1126 I SurfaceFlinger: Layer [com.android.systemui.wallpapers.ImageWallpaper$_2090#76] hidden!! flag(1)
03-09 20:41:03.275  1126  1126 I SurfaceFlinger: Layer [com.sec.android.app.launcher/com.sec[...]tivities.LauncherActivity$_2605#6401] hidden!! flag(1)
03-09 20:41:03.275  1126  1126 I SurfaceFlinger: Layer [ActivityRecord{d8b338b u0 com.sec.an[...]tivities.LauncherActivity t1052}#126] hidden!! flag(1)
03-09 20:41:03.275  1126  1126 I SurfaceFlinger: Layer [WallpaperWindowToken{7eb0548 token=android.os.Binder@a5a4f5c}#69] hidden!! flag(1)
03-09 20:41:03.275  1126  1126 I SurfaceFlinger: Layer [Task=1052#125] hidden!! flag(1)
03-09 20:41:03.275  1126  1126 I SurfaceFlinger: destroyed Transition Root: Task=1165#6414
03-09 20:41:03.275  1126  1126 I SurfaceFlinger: destroyed Surface(name=Task=1165)/@0x342308a_transition-leash#6415
03-09 20:41:03.275  1126  1126 I SurfaceFlinger: destroyed Surface(name=Task=1)/@0x6890318_transition-leash#6416
03-09 20:41:03.275  1126  1126 I SurfaceFlinger: [LayerHierarchy{RequestedLayerState{226afb NavigationBar0#82 parentId=6421} 1 children}] reparent to LayerHierarchy{RequestedLayerState{Surface(name=226afb NavigationBar0)/@0x1f47c0 - animation-leash of insets_animation#6421 parentId=81} 1 children}
03-09 20:41:03.275  1126  1126 I SurfaceFlinger: [LayerHierarchy{RequestedLayerState{2f86450 StatusBar#86 parentId=6420} 1 children}] reparent to LayerHierarchy{RequestedLayerState{Surface(name=2f86450 StatusBar)/@0x2ebdfd - animation-leash of insets_animation#6420 parentId=85} 1 children}
03-09 20:41:03.275  1126  1126 I SurfaceFlinger: [LayerHierarchy{RequestedLayerState{Surface(name=226afb NavigationBar0)/@0x1f47c0 - animation-leash of insets_animation#6403} no children}] reparent to OffscreenRoot
03-09 20:41:03.275  1126  1126 I SurfaceFlinger: [LayerHierarchy{RequestedLayerState{Surface(name=226afb NavigationBar0)/@0x1f47c0 - animation-leash of insets_animation#6403} no children}] RelativeParent to null
03-09 20:41:03.275  1126  1126 I SurfaceFlinger: [LayerHierarchy{RequestedLayerState{Surface(name=2f86450 StatusBar)/@0x2ebdfd - animation-leash of insets_animation#6402} no children}] reparent to OffscreenRoot
03-09 20:41:03.275  1126  1126 I SurfaceFlinger: [LayerHierarchy{RequestedLayerState{Surface(name=2f86450 StatusBar)/@0x2ebdfd - animation-leash of insets_animation#6402} no children}] RelativeParent to null
03-09 20:41:03.276  1501  1888 D MdnieScenarioControlService:  packageName : com.presenceprotocol.app.server    className : com.presenceprotocol.app.ui.MainActivity
03-09 20:41:03.276  1501  1888 V MdnieScenarioControlService: setUIMode from UI function(3)
03-09 20:41:03.277  1126  1126 I Layer   : id=6416 Destroyed Surface(name=Task=1)/@0x6890318_transition-leash#6416
03-09 20:41:03.277  1126  1126 I Layer   : id=6414 Destroyed Transition Root: Task=1165#6414
03-09 20:41:03.277  1126  1126 I Layer   : id=6415 Destroyed Surface(name=Task=1165)/@0x342308a_transition-leash#6415
03-09 20:41:03.277  1126  1126 I SurfaceFlinger: id=6403 Removed Surface(name=226afb NavigationBar0)/@0x1f47c0 - animation-leash of insets_animation#6403 (134)
03-09 20:41:03.277  1126  1126 I SurfaceFlinger: id=6402 Removed Surface(name=2f86450 StatusBar)/@0x2ebdfd - animation-leash of insets_animation#6402 (134)
03-09 20:41:03.279  1126  1126 D SurfaceFlinger: Display 4633128672291735937 HWC layers:
03-09 20:41:03.279  1126  1126 D SurfaceFlinger:        DEVICE |   0xb400007d0c415e90 | 0001 | RGBA_8888    |    0.0    0.0  720.0 1600.0 |    0    0  720 1600 | Splash Screen com.presenceprotocol.app.server$_2090#6413 (1)
03-09 20:41:03.279  1126  1126 D SurfaceFlinger:        DEVICE |   0xb400007d0c3f9790 | 0001 | RGBA_8888    |    0.0    0.0  720.0   51.0 |    0    0  720   51 | StatusBar$_2090#93 (30579)
03-09 20:41:03.279  1126  1126 D SurfaceFlinger:        DEVICE |   0xb400007d0c4599d0 | 0001 | RGBA_8888    |    0.0    0.0  720.0  108.0 |    0 1492  720 1600 | NavigationBar0$_2090#89 (5342)
03-09 20:41:03.279  1126  1126 D SurfaceFlinger: 
03-09 20:41:03.287   674   674 D io_stats: !@   8,0 r 6850255 153122044 w 4897956 51950920 d 1172285 196070248 f 0 0 iot 3575860 0 th 0 0 0 pt 0 inp 0 0 188816.328
03-09 20:41:03.291  1126  1126 I SurfaceFlinger: destroyed Surface(name=226afb NavigationBar0)/@0x1f47c0 - animation-leash of insets_animation#6403
03-09 20:41:03.291  1126  1126 I SurfaceFlinger: destroyed Surface(name=2f86450 StatusBar)/@0x2ebdfd - animation-leash of insets_animation#6402
03-09 20:41:03.291  2605  2605 I HoneySpace.WallpaperAnimator: destroyWallpaperSurface Surface(name=Surface(name=RemoteWallpaperAnim:1:1)/@0x5cefb05 - animation-leash of remote_wallpaper)/@0x87984c7
03-09 20:41:03.291  2605  2605 I HoneySpace.WallpaperAnimator: wallpaper animation end [186407668]
03-09 20:41:03.291  1501  2241 I WindowManager: Cancelling animation restarting=false, leash=Surface(name=Surface(name=RemoteWallpaperAnim:1:1)/@0x5cefb05 - animation-leash of remote_wallpaper)/@0xc939bcd
03-09 20:41:03.291  1501  2241 I WindowManager: Reparenting to original parent: Surface(name=OneHanded:0:14)/@0x47a975a, destroy=false, syncState=0, syncCommitDepth=0, surface=Surface(name=RemoteWallpaperAnim:1:1)/@0x5cefb05
03-09 20:41:03.291  1501  2241 D WindowManager: mRunner#onAnimationCancelled, leash=Surface(name=Surface(name=RemoteWallpaperAnim:1:1)/@0x5cefb05 - animation-leash of remote_wallpaper)/@0xc939bcd, caller=com.android.server.wm.SurfaceAnimator.cancelAnimation:16 com.android.server.wm.SurfaceAnimator.cancelAnimation:1 com.android.server.wm.WindowContainer.cancelAnimation:12 com.android.server.wm.WindowManagerService.finishRemoteWallpaperAnimation:79 android.view.IWindowManager$Stub.onTransact:4119 
03-09 20:41:03.291  1126  1126 I Layer   : id=6403 Destroyed Surface(name=226afb NavigationBar0)/@0x1f47c0 - animation-leash of insets_animation#6403
03-09 20:41:03.292  2605  4913 I HoneySpace.WallpaperAnimator: onAnimationCancelled
03-09 20:41:03.292  1501  2241 D WindowManager: finishRemoteWallpaperAnimation, success=true
03-09 20:41:03.292  1126  1126 I Layer   : id=6402 Destroyed Surface(name=2f86450 StatusBar)/@0x2ebdfd - animation-leash of insets_animation#6402
03-09 20:41:03.314  1020  1020 I Sensors : batch(19) - light_cct_sensor try to batching with 200000000
03-09 20:41:03.315  1020  1020 I Sensors : LightCCT_Sensor old sensor_state 279040, new sensor_state : 316680823915008 en : 1
03-09 20:41:03.316  1020  1020 I Sensors : enable:: light_cct_sensor(19)
03-09 20:41:03.316  1501  1890 D SensorManager: registerListener :: 33, TMD4912 Light CCT, 200000, 0, com.samsung.android.displaysolution.EyeComfortSolutionService$1@5804baa
03-09 20:41:03.324  1126  1126 I SurfaceFlinger: [LayerHierarchy{RequestedLayerState{RemoteWallpaperAnim:1:1#7 parentId=4 z=1} 1 children}] reparent to LayerHierarchy{RequestedLayerState{OneHanded:0:14#4 parentId=3} 5 children}
03-09 20:41:03.324  1126  1126 I SurfaceFlinger: [LayerHierarchy{RequestedLayerState{Surface(name=RemoteWallpaperAnim:1:1)/@0x5cefb05 - animation-leash of remote_wallpaper#6418} no children}] reparent to OffscreenRoot
03-09 20:41:03.324  1126  1126 I SurfaceFlinger: [LayerHierarchy{RequestedLayerState{Surface(name=RemoteWallpaperAnim:1:1)/@0x5cefb05 - animation-leash of remote_wallpaper#6418} no children}] RelativeParent to null
03-09 20:41:03.325  1126  1126 I SurfaceFlinger: id=6418 Removed Surface(name=RemoteWallpaperAnim:1:1)/@0x5cefb05 - animation-leash of remote_wallpaper#6418 (132)
03-09 20:41:03.340  1126  1126 I SurfaceFlinger: destroyed Surface(name=RemoteWallpaperAnim:1:1)/@0x5cefb05 - animation-leash of remote_wallpaper#6418
03-09 20:41:03.341  1126  1126 I Layer   : id=6418 Destroyed Surface(name=RemoteWallpaperAnim:1:1)/@0x5cefb05 - animation-leash of remote_wallpaper#6418
03-09 20:41:03.341  1501  2241 D CoreBackPreview: Window{ecd2419 u0 com.presenceprotocol.app.server/com.presenceprotocol.app.ui.MainActivity}: Setting back callback OnBackInvokedCallbackInfo{mCallback=android.window.IOnBackInvokedCallback$Stub$Proxy@5a6fb42, mPriority=0, mIsAnimationCallback=false}
03-09 20:41:03.346  1020  1758 I Sensors : lux = 0, CCT = 0, r = 5, g = 0, b = 8, c = 0, atime = 800, again = 4096, lux_raw = 0, brightness = 48, time = 192307521221991
03-09 20:41:03.347  1501  1890 V EyeComfortSolutionService: count : 961 , bopr_value : 32.0, platform_value : 48.0 , app_weighting : 1.0 , cal_value : 0.4948154 , sum_value : 2626.613 , BOPR_MAX_VALUE : 21000
03-09 20:41:03.347  1020  1020 I Sensors : LightCCT_Sensor old sensor_state 279040, new sensor_state : 316676528947712 en : 0
03-09 20:41:03.348  1020  1020 I Sensors : disable:: light_cct_sensor(19)
03-09 20:41:03.348  1501  1890 D SensorManager: unregisterListener :: com.samsung.android.displaysolution.EyeComfortSolutionService$1@5804baa
03-09 20:41:03.376  1501  1888 V MdnieScenarioControlService: mAclOffEnabled : false
03-09 20:41:03.398  1501  2241 V WindowManager: Relayout Window{ecd2419 u0 com.presenceprotocol.app.server/com.presenceprotocol.app.ui.MainActivity}: viewVisibility=0 req=720x1600 ty=1 d0
03-09 20:41:03.398  1126  1158 I SurfaceFlinger: id=6422 createSurf, flag=44004, com.presenceprotocol.app.server/com.presenceprotocol.app.ui.MainActivity$_9130#6422
03-09 20:41:03.399  1501  2241 D WindowManager: makeSurface duration=1 name=com.presenceprotocol.app.server/com.presenceprotocol.app.ui.MainActivity$_9130
03-09 20:41:03.400  1501  2241 D WindowManager: Changing focus from null to Window{ecd2419 u0 com.presenceprotocol.app.server/com.presenceprotocol.app.ui.MainActivity} displayId=0 Callers=com.android.server.wm.WindowManagerService.relayoutWindowInner:142 com.android.server.wm.WindowManagerService.relayoutWindow:6 com.android.server.wm.Session.relayout:27 android.view.IWindowSession$Stub.onTransact:861 
03-09 20:41:03.400  1501  2241 I WindowManager: Cancelling animation restarting=true, leash=Surface(name=Surface(name=2f86450 StatusBar)/@0x2ebdfd - animation-leash of insets_animation)/@0x7903278
03-09 20:41:03.400  1501  2241 I WindowManager: Reparenting to original parent: Surface(name=WindowToken{a5caa13 type=2000 android.os.BinderProxy@7bed24d})/@0x782af2, destroy=false, syncState=0, syncCommitDepth=0, surface=Surface(name=2f86450 StatusBar)/@0x2ebdfd
03-09 20:41:03.400  1501  2241 I WindowManager: Reparenting to leash, surface=Surface(name=2f86450 StatusBar)/@0x2ebdfd, syncState=0, syncCommitDepth=0, leashParent=Surface(name=WindowToken{a5caa13 type=2000 android.os.BinderProxy@7bed24d})/@0x782af2
03-09 20:41:03.400  1126  1158 I SurfaceFlinger: id=6423 createSurf, flag=24000, Surface(name=2f86450 StatusBar)/@0x2ebdfd - animation-leash of insets_animation#6423
03-09 20:41:03.400  1501  2241 D WindowManager: makeSurface duration=1 leash=Surface(name=Surface(name=2f86450 StatusBar)/@0x2ebdfd - animation-leash of insets_animation)/@0x5d24589
03-09 20:41:03.401  1501  2241 D InsetsSourceProvider: updateControlForTarget: control=InsetsSourceControl: {588b0000 mType=statusBars initiallyVisible mSurfacePosition=Point(0, 0) mInsetsHint=Insets{left=0, top=51, right=0, bottom=0}}, target=Window{ecd2419 u0 com.presenceprotocol.app.server/com.presenceprotocol.app.ui.MainActivity}, from=com.android.server.wm.InsetsStateController.onControlTargetChanged:81 com.android.server.wm.InsetsPolicy.updateBarControlTarget:175 com.android.server.wm.DisplayPolicy.updateSystemBarAttributes:281 com.android.server.wm.WindowManagerService.updateFocusedWindowLocked:375 com.android.server.wm.WindowManagerService.relayoutWindowInner:142 
03-09 20:41:03.401  1501  2241 I WindowManager: Cancelling animation restarting=true, leash=Surface(name=Surface(name=226afb NavigationBar0)/@0x1f47c0 - animation-leash of insets_animation)/@0xc4cf9b6
03-09 20:41:03.401  1501  2241 I WindowManager: Reparenting to original parent: Surface(name=WindowToken{ba3448a type=2019 android.os.BinderProxy@2b3042c})/@0x3ae3cf9, destroy=false, syncState=0, syncCommitDepth=0, surface=Surface(name=226afb NavigationBar0)/@0x1f47c0
03-09 20:41:03.401  1501  2241 I WindowManager: Reparenting to leash, surface=Surface(name=226afb NavigationBar0)/@0x1f47c0, syncState=0, syncCommitDepth=0, leashParent=Surface(name=WindowToken{ba3448a type=2019 android.os.BinderProxy@2b3042c})/@0x3ae3cf9
03-09 20:41:03.401  1126  1158 I SurfaceFlinger: id=6424 createSurf, flag=24000, Surface(name=226afb NavigationBar0)/@0x1f47c0 - animation-leash of insets_animation#6424
03-09 20:41:03.401  1501  2241 D WindowManager: makeSurface duration=1 leash=Surface(name=Surface(name=226afb NavigationBar0)/@0x1f47c0 - animation-leash of insets_animation)/@0x7a105af
03-09 20:41:03.401  1501  2241 D InsetsSourceProvider: updateControlForTarget: control=InsetsSourceControl: {bd50001 mType=navigationBars initiallyVisible mSurfacePosition=Point(0, 1492) mInsetsHint=Insets{left=0, top=0, right=0, bottom=108}}, target=Window{ecd2419 u0 com.presenceprotocol.app.server/com.presenceprotocol.app.ui.MainActivity}, from=com.android.server.wm.InsetsStateController.onControlTargetChanged:81 com.android.server.wm.InsetsPolicy.updateBarControlTarget:188 com.android.server.wm.DisplayPolicy.updateSystemBarAttributes:281 com.android.server.wm.WindowManagerService.updateFocusedWindowLocked:375 com.android.server.wm.WindowManagerService.relayoutWindowInner:142 
03-09 20:41:03.401  1501  2241 V SystemKeyManager: updateFocusedWindow() is called, com.presenceprotocol.app.server/com.presenceprotocol.app.ui.MainActivity
03-09 20:41:03.402  1501  2241 V WindowManager: Relayout hash=ecd2419, pid=9130, syncId=-1: mAttrs={(0,0)(fillxfill) sim={adjust=resize forwardNavigation} ty=BASE_APPLICATION wanim=0x1030312
03-09 20:41:03.402  1501  2241 V WindowManager:   fl=81810100
03-09 20:41:03.402  1501  2241 V WindowManager:   pfl=100080c0
03-09 20:41:03.402  1501  2241 V WindowManager:   bhv=1
03-09 20:41:03.402  1501  2241 V WindowManager:   fitSides=0
03-09 20:41:03.402  1501  2241 V WindowManager:   frameRateBoostOnTouch=true
03-09 20:41:03.402  1501  2241 V WindowManager:   dvrrWindowFrameRateHint=true naviIconColor=0}
03-09 20:41:03.403  9130  9130 I BLASTBufferQueue_Java: new BLASTBufferQueue, mName= VRI[MainActivity]@5b19a0c mNativeObject= 0xb4000074d97e0770 sc.mNativeObject= 0xb4000074597d3890 caller= android.view.ViewRootImpl.updateBlastSurfaceIfNeeded:3397 android.view.ViewRootImpl.relayoutWindow:11361 android.view.ViewRootImpl.performTraversals:4544 android.view.ViewRootImpl.doTraversal:3708 android.view.ViewRootImpl$TraversalRunnable.run:12542 android.view.Choreographer$CallbackRecord.run:1751 android.view.Choreographer$CallbackRecord.run:1760 android.view.Choreographer.doCallbacks:1216 android.view.Choreographer.doFrame:1142 android.view.Choreographer$FrameDisplayEventReceiver.run:1707 
03-09 20:41:03.403  9130  9130 I BLASTBufferQueue_Java: update, w= 720 h= 1600 mName = VRI[MainActivity]@5b19a0c mNativeObject= 0xb4000074d97e0770 sc.mNativeObject= 0xb4000074597d3890 format= -1 caller= android.graphics.BLASTBufferQueue.<init>:88 android.view.ViewRootImpl.updateBlastSurfaceIfNeeded:3397 android.view.ViewRootImpl.relayoutWindow:11361 android.view.ViewRootImpl.performTraversals:4544 android.view.ViewRootImpl.doTraversal:3708 android.view.ViewRootImpl$TraversalRunnable.run:12542 
03-09 20:41:03.403  9130  9130 I VRI[MainActivity]@5b19a0c: Relayout returned: old=(0,0,720,1600) new=(0,0,720,1600) relayoutAsync=false req=(720,1600)0 dur=5 res=0x3 s={true 0xb40000742980edf0} ch=true seqId=0
03-09 20:41:03.404  9130  9130 I VRI[MainActivity]@5b19a0c: performConfigurationChange setNightDimText nightDimLevel=0
03-09 20:41:03.404  9130  9130 D VRI[MainActivity]@5b19a0c: mThreadedRenderer.initialize() mSurface={isValid=true 0xb40000742980edf0} hwInitialized=true
03-09 20:41:03.407  1126  1126 I SurfaceFlinger: [com.presenceprotocol.app.server/com.presenceprotocol.app.ui.MainActivity$_9130#6422] attach to parent LayerHierarchy{RequestedLayerState{ecd2419 com.presenceprotocol.app.server/com.presenceprotocol.app.ui.MainActivity#6419 parentId=6411} 1 children}
03-09 20:41:03.407  1126  1126 I SurfaceFlinger: [Surface(name=2f86450 StatusBar)/@0x2ebdfd - animation-leash of insets_animation#6423] attach to parent LayerHierarchy{RequestedLayerState{WindowToken{a5caa13 type=2000 android.os.BinderProxy@7bed24d}#85 parentId=19} 2 children}
03-09 20:41:03.407  1126  1126 I SurfaceFlinger: [Surface(name=226afb NavigationBar0)/@0x1f47c0 - animation-leash of insets_animation#6424] attach to parent LayerHierarchy{RequestedLayerState{WindowToken{ba3448a type=2019 android.os.BinderProxy@2b3042c}#81 parentId=31} 2 children}
03-09 20:41:03.419  9130  9130 D VRI[MainActivity]@5b19a0c: reportNextDraw android.view.ViewRootImpl.performTraversals:5193 android.view.ViewRootImpl.doTraversal:3708 android.view.ViewRootImpl$TraversalRunnable.run:12542 android.view.Choreographer$CallbackRecord.run:1751 android.view.Choreographer$CallbackRecord.run:1760 
03-09 20:41:03.419  9130  9130 D VRI[MainActivity]@5b19a0c: Setup new sync=wmsSync-VRI[MainActivity]@5b19a0c#0
03-09 20:41:03.420  9130  9130 I VRI[MainActivity]@5b19a0c: Creating new active sync group VRI[MainActivity]@5b19a0c#1
03-09 20:41:03.420  9130  9130 D VRI[MainActivity]@5b19a0c: registerCallbacksForSync syncBuffer=false
03-09 20:41:03.424  1126  1126 I SurfaceFlinger: [LayerHierarchy{RequestedLayerState{226afb NavigationBar0#82 parentId=6424} 1 children}] reparent to LayerHierarchy{RequestedLayerState{Surface(name=226afb NavigationBar0)/@0x1f47c0 - animation-leash of insets_animation#6424 parentId=81} 1 children}
03-09 20:41:03.424  1126  1126 I SurfaceFlinger: [LayerHierarchy{RequestedLayerState{2f86450 StatusBar#86 parentId=6423} 1 children}] reparent to LayerHierarchy{RequestedLayerState{Surface(name=2f86450 StatusBar)/@0x2ebdfd - animation-leash of insets_animation#6423 parentId=85} 1 children}
03-09 20:41:03.424  1126  1126 I SurfaceFlinger: [LayerHierarchy{RequestedLayerState{Surface(name=226afb NavigationBar0)/@0x1f47c0 - animation-leash of insets_animation#6421} no children}] reparent to OffscreenRoot
03-09 20:41:03.424  1126  1126 I SurfaceFlinger: [LayerHierarchy{RequestedLayerState{Surface(name=226afb NavigationBar0)/@0x1f47c0 - animation-leash of insets_animation#6421} no children}] RelativeParent to null
03-09 20:41:03.424  1126  1126 I SurfaceFlinger: [LayerHierarchy{RequestedLayerState{Surface(name=2f86450 StatusBar)/@0x2ebdfd - animation-leash of insets_animation#6420} no children}] reparent to OffscreenRoot
03-09 20:41:03.424  1126  1126 I SurfaceFlinger: [LayerHierarchy{RequestedLayerState{Surface(name=2f86450 StatusBar)/@0x2ebdfd - animation-leash of insets_animation#6420} no children}] RelativeParent to null
03-09 20:41:03.425  1126  1126 I SurfaceFlinger: id=6421 Removed Surface(name=226afb NavigationBar0)/@0x1f47c0 - animation-leash of insets_animation#6421 (134)
03-09 20:41:03.425  1126  1126 I SurfaceFlinger: id=6420 Removed Surface(name=2f86450 StatusBar)/@0x2ebdfd - animation-leash of insets_animation#6420 (134)
03-09 20:41:03.426  1126  1248 D SurfaceFlinger: [input] setFocusedWindow: ecd2419 com.presenceprotocol.app.server/com.presenceprotocol.app.ui.MainActivity
03-09 20:41:03.426  1501  2218 D InputDispatcher: Once focus requested (0): ecd2419 com.presenceprotocol.app.server/com.presenceprotocol.app.ui.MainActivity
03-09 20:41:03.426  1501  2218 D InputDispatcher: Focus request (0): ecd2419 com.presenceprotocol.app.server/com.presenceprotocol.app.ui.MainActivity but waiting because NOT_VISIBLE
03-09 20:41:03.431  9130  9172 D VRI[MainActivity]@5b19a0c: Received frameDrawingCallback syncResult=0 frameNum=1.
03-09 20:41:03.431  9130  9172 I VRI[MainActivity]@5b19a0c: mWNT: t=0xb4000076797c3010 mBlastBufferQueue=0xb4000074d97e0770 fn= 1 HdrRenderState mRenderHdrSdrRatio=1.0 caller= android.view.ViewRootImpl$11.onFrameDraw:15016 android.view.ThreadedRenderer$1.onFrameDraw:761 <bottom of call stack> 
03-09 20:41:03.431  9130  9172 I VRI[MainActivity]@5b19a0c: Setting up sync and frameCommitCallback
03-09 20:41:03.441  1126  1126 I SurfaceFlinger: destroyed Surface(name=226afb NavigationBar0)/@0x1f47c0 - animation-leash of insets_animation#6421
03-09 20:41:03.441  1126  1126 I SurfaceFlinger: destroyed Surface(name=2f86450 StatusBar)/@0x2ebdfd - animation-leash of insets_animation#6420
03-09 20:41:03.441  1126  1126 I Layer   : id=6420 Destroyed Surface(name=2f86450 StatusBar)/@0x2ebdfd - animation-leash of insets_animation#6420
03-09 20:41:03.442  1126  1126 I Layer   : id=6421 Destroyed Surface(name=226afb NavigationBar0)/@0x1f47c0 - animation-leash of insets_animation#6421
03-09 20:41:03.446  9130  9155 I BLASTBufferQueue: [VRI[MainActivity]@5b19a0c#0](f:0,a:0,s:0) onFrameAvailable the first frame is available
03-09 20:41:03.446  9130  9155 I VRI[MainActivity]@5b19a0c: Received frameCommittedCallback lastAttemptedDrawFrameNum=1 didProduceBuffer=true
03-09 20:41:03.447  9130  9155 D HWUI    : CFMS:: SetUp Pid : 9130    Tid : 9155
03-09 20:41:03.447  1126  1158 I SurfaceFlinger: [com.presenceprotocol.app.server/com.presenceprotocol.app.ui.MainActivity$_9130#6422] setTransactionState with the first frame. bufferData(ID: 39213051412483, frameNumber: 1)
03-09 20:41:03.447  9130  9130 D VRI[MainActivity]@5b19a0c: reportDrawFinished seqId=0
03-09 20:41:03.447  1501  2241 D WindowManager: finishDrawingWindow: Window{ecd2419 u0 com.presenceprotocol.app.server/com.presenceprotocol.app.ui.MainActivity} mDrawState=DRAW_PENDING seqId=0
03-09 20:41:03.447  9130  9155 D HWUI    : HWUI - treat SMPTE_170M as sRGB
03-09 20:41:03.448  1501  1588 V WindowManager: Finish starting ActivityRecord{ddf17d3 u0 com.presenceprotocol.app.server/com.presenceprotocol.app.ui.MainActivity t1165}: first real window is shown, no animation
03-09 20:41:03.448  1501  1588 V WindowManager: Schedule remove starting ActivityRecord{ddf17d3 u0 com.presenceprotocol.app.server/com.presenceprotocol.app.ui.MainActivity t1165} startingWindow=Window{871431a u0 Splash Screen com.presenceprotocol.app.server} animate=true Callers=com.android.server.wm.ActivityRecord.removeStartingWindow:150 com.android.server.wm.WindowState.performShowLocked:147 com.android.server.wm.WindowStateAnimator.commitFinishDrawingLocked:59 com.android.server.wm.DisplayContent$$ExternalSyntheticLambda1.accept$com$android$server$wm$DisplayContent$$ExternalSyntheticLambda40:22 com.android.server.wm.DisplayContent$$ExternalSyntheticLambda1.accept:305 
03-09 20:41:03.448  1501  1588 D TaskOrganizerController: applyStartingWindowAnimation, window=Window{ecd2419 u0 com.presenceprotocol.app.server/com.presenceprotocol.app.ui.MainActivity}, caller=com.android.server.wm.TaskOrganizerController.removeStartingWindow:131 com.android.server.wm.StartingSurfaceController$StartingSurface.remove:23 com.android.server.wm.ActivityRecord.removeStartingWindowAnimation:181 
03-09 20:41:03.448  1501  1588 I WindowManager: Reparenting to leash, surface=Surface(name=ecd2419 com.presenceprotocol.app.server/com.presenceprotocol.app.ui.MainActivity)/@0x3a4edbc, syncState=0, syncCommitDepth=0, leashParent=Surface(name=ActivityRecord{ddf17d3 u0 com.presenceprotocol.app.server/com.presenceprotocol.app.ui.MainActivity t1165})/@0x910b145
03-09 20:41:03.448  1126  1158 I SurfaceFlinger: id=6425 createSurf, flag=24000, Surface(name=ecd2419 com.presenceprotocol.app.server/com.presenceprotocol.app.ui.MainActivity)/@0x3a4edbc - animation-leash of starting_reveal#6425
03-09 20:41:03.449  1501  1588 D WindowManager: makeSurface duration=1 leash=Surface(name=Surface(name=ecd2419 com.presenceprotocol.app.server/com.presenceprotocol.app.ui.MainActivity)/@0x3a4edbc - animation-leash of starting_reveal)/@0x27cb09a
03-09 20:41:03.449  1501  1588 V WindowManager: performShowLocked: mDrawState=HAS_DRAWN in Window{ecd2419 u0 com.presenceprotocol.app.server/com.presenceprotocol.app.ui.MainActivity}
03-09 20:41:03.449  2090  2132 D ShellTaskOrganizer: removeStartingWindow, removalInfo=StartingWindowRemovalInfo{taskId=1165 frame=Rect(0, 0 - 720, 1600) playRevealAnimation=true roundedCornerRadius=0.0 deferRemoveMode=0 windowlessSurface=false removeImmediately=false}
03-09 20:41:03.451  9130  9134 I ocol.app.server: Compiler allocated 7408KB to compile void android.view.ViewRootImpl.performTraversals()
03-09 20:41:03.451  1501  1584 D [secipm]: mSecIpmManager report to nap
03-09 20:41:03.452  1501  1584 I PkgPredictorService-SecIpmManagerServiceImpl: reportToNAP uid:10538 com.presenceprotocol.app.server/com.presenceprotocol.app.ui.MainActivity thisTime:630
03-09 20:41:03.452  1501  1584 D PkgPredictorService-SecIpmManagerServiceImpl: reportToNAP: mHeavyLaunchCounter is false
03-09 20:41:03.452  9130  9130 I InsetsSourceConsumer: applyRequestedVisibilityToControl: visible=true, type=statusBars, host=com.presenceprotocol.app.server/com.presenceprotocol.app.ui.MainActivity
03-09 20:41:03.453  1501  1584 I ActivityTaskManager: Displayed com.presenceprotocol.app.server/com.presenceprotocol.app.ui.MainActivity for user 0: +630ms
03-09 20:41:03.453  1501  1584 I Pageboost: Launch time gathered : pid 9130 com.presenceprotocol.app.server 630
03-09 20:41:03.453  9130  9130 I InsetsSourceConsumer: applyRequestedVisibilityToControl: visible=true, type=navigationBars, host=com.presenceprotocol.app.server/com.presenceprotocol.app.ui.MainActivity
03-09 20:41:03.453  3185  3185 E pageboostd: Received HALT command code 2
03-09 20:41:03.455  1501  2241 I SemDvfsHyPerManager: acquire hyper - AMS_RESUME_TAIL/1501@20, type = -999
03-09 20:41:03.455  1501  2241 I SemDvfsHyPerManager: acquire hyper - AMS_ACT_LAZY/1501@21, type = -999
03-09 20:41:03.455  1501  2241 D ActivityManagerPerformance: AMP_acquire() TAIL
03-09 20:41:03.455  1501  2241 D ActivityManagerPerformance: AMP_release() APP_SWITCH
03-09 20:41:03.455  1030  1081 I HYPER-HAL: [RequestManager.cpp]acquire(): Acquired ID : 1157501  [1501 / 20]    HINT : AMS_RESUME_TAIL    list : 
03-09 20:41:03.456  1501  3102 D FreecessController: BG freezed, skip OLAF unfreeze for (com.samsung.android.game.gamehome, 10093)
03-09 20:41:03.456  1030  1081 I HYPER-HAL: [ResourceManager.cpp]updateResource(): [CPUMinFreq] UpdateResource Request ID : 1157501    Value : 1768000
03-09 20:41:03.456  1030  1081 I HYPER-HAL: [ResourceManager.cpp]removeResource(): [CPUMinFreq] RemoveResource Request ID : 1171244
03-09 20:41:03.456  1030  1081 I HYPER-HAL: [RequestManager.cpp]releaseLocked(): Released ID : 1171244
03-09 20:41:03.456  2605  2605 I SearchHoneyPot: onViewCreated: onStop
03-09 20:41:03.457  2605  2605 I HoneySpace.ContentsAnimator: end call
03-09 20:41:03.457  2605  6872 I HoneySpace.HoneyAppWidgetHost: stopListening, host: @128cf66
03-09 20:41:03.457  2605  2605 I VRI[LauncherActivity]@a46cb51: stopped(true) old = false
03-09 20:41:03.457  1501  2241 I AppWidgetServiceImpl: stopListening callbacks : null
03-09 20:41:03.457  1126  1126 I SurfaceFlinger: [Surface(name=ecd2419 com.presenceprotocol.app.server/com.presenceprotocol.app.ui.MainActivity)/@0x3a4edbc - animation-leash of starting_reveal#6425] attach to parent LayerHierarchy{RequestedLayerState{ActivityRecord{ddf17d3 u0 com.presenceprotocol.app.server/com.presenceprotocol.app.ui.MainActivity t1165}#6411 parentId=6410} 4 children}
03-09 20:41:03.458  2090  2804 I VRI[server]@dd6c357: mWNT: t=0xb400007679ba0310 mBlastBufferQueue=0xb4000074d981b410 fn= 2 HdrRenderState mRenderHdrSdrRatio=1.0 caller= android.view.SyncRtSurfaceTransactionApplier.applyTransaction:96 android.view.SyncRtSurfaceTransactionApplier.lambda$scheduleApply$0:69 android.view.SyncRtSurfaceTransactionApplier.$r8$lambda$afI4fXg3U3-nBZQEDQMiNy-B06s:0 
03-09 20:41:03.458  2090  2804 I VRI[server]@dd6c357: mWNT: t=0xb400007679bbb510 mBlastBufferQueue=0xb4000074d981b410 fn= 2 HdrRenderState mRenderHdrSdrRatio=1.0 caller= android.view.SyncRtSurfaceTransactionApplier.applyTransaction:96 android.view.SyncRtSurfaceTransactionApplier.lambda$scheduleApply$0:69 android.view.SyncRtSurfaceTransactionApplier.$r8$lambda$afI4fXg3U3-nBZQEDQMiNy-B06s:0 
03-09 20:41:03.458  1501  1588 I SurfaceControl: apply, lowDebugName=CreateStartingRevealAnim, caller=android.view.SurfaceControl$Transaction.apply:3122 android.view.SurfaceControl$Transaction.apply:3078 com.android.server.wm.WindowAnimator.animate:380 com.android.server.wm.WindowAnimator$$ExternalSyntheticLambda1.doFrame:14 android.view.Choreographer$CallbackRecord.run:1749 android.view.Choreographer$CallbackRecord.run:1760 
03-09 20:41:03.458  2605  2605 I HoneySpace.Launcher: !@Boot_EBS_D: Launcher.onStop()
03-09 20:41:03.458  2605  2605 I HoneySpace.EasySpace: onSaveInstanceState honeyScreen=J2.M@6164048
03-09 20:41:03.459  2605 26498 I HoneySpace.Memory-Monitor: scheduleTrim
03-09 20:41:03.459  1501  2241 W PresentationStatsEventLogger: Shouldn't be logging AutofillPresentationEventReported again for same event
03-09 20:41:03.459  1501  1587 I ActivityManager: Changes in 10152 2 to 5, 127 to 56
03-09 20:41:03.461  1501  3102 D FreecessController: UFZ : com.android.vending(10239) [4252, 21708] reason: JOB_ADD
03-09 20:41:03.463  1272  1748 I CameraService: onUidStateChanged: uid=10245, procState is changed. (3 -> 5)
03-09 20:41:03.468  1501  3102 D FreecessController: BG freezed, skip OLAF unfreeze for (com.facebook.katana, 10304)
03-09 20:41:03.471  1501  3102 D FreecessController: BG freezed, skip OLAF unfreeze for (com.zhiliaoapp.musically, 10399)
03-09 20:41:03.471  1501  3102 D FreecessController: BG freezed, skip OLAF unfreeze for (com.openai.chatgpt, 10512)
03-09 20:41:03.472  1501  2218 I ActivityManager: Changes in 10245 5 to 17, 56 to 0
03-09 20:41:03.472  1272 18692 I CameraService: onUidStateChanged: uid=10245, procState is changed. (5 -> 17)
03-09 20:41:03.472  2289  2289 D HidDeviceService: handleMessage(): msg.what=8
03-09 20:41:03.472  2289  2289 D HidDeviceService: unregisterAppUid(): uid=10245
03-09 20:41:03.472  2289  2289 D HidDeviceService: unregisterAppUid(): caller UID doesn't match user UID
03-09 20:41:03.473 21708 21708 I Finsky  : [2] SCH: job service start with id 9365.
03-09 20:41:03.474  1126  1126 I SurfaceFlinger: Layer [com.presenceprotocol.app.server/com.[...]tocol.app.ui.MainActivity$_9130#6422] hidden!! flag(0)
03-09 20:41:03.474  1126  1126 I SurfaceFlinger: [LayerHierarchy{RequestedLayerState{ecd2419 com.presenceprotocol.app.server/com.presenceprotocol.app.ui.MainActivity#6419 parentId=6425} 1 children}] reparent to LayerHierarchy{RequestedLayerState{Surface(name=ecd2419 com.presenceprotocol.app.server/com.presenceprotocol.app.ui.MainActivity)/@0x3a4edbc - animation-leash of starting_reveal#6425 parentId=6411} 1 children}
03-09 20:41:03.474  2090  2805 I VRI[server]@dd6c357: mWNT: t=0xb400007679b57590 mBlastBufferQueue=0xb4000074d981b410 fn= 3 HdrRenderState mRenderHdrSdrRatio=1.0 caller= android.view.SyncRtSurfaceTransactionApplier.applyTransaction:96 android.view.SyncRtSurfaceTransactionApplier.lambda$scheduleApply$0:69 android.view.SyncRtSurfaceTransactionApplier.$r8$lambda$afI4fXg3U3-nBZQEDQMiNy-B06s:0 
03-09 20:41:03.476  1501  2218 E WindowManager: win=Window{56bf206 u0 com.sec.android.app.launcher/com.sec.android.app.launcher.activities.LauncherActivity} destroySurfaces: appStopped=true cleanupOnResume=false win.mWindowRemovalAllowed=false win.mRemoveOnExit=false win.mViewVisibility=8 caller=com.android.server.wm.ActivityRecord.destroySurfaces:25 com.android.server.wm.ActivityRecord.activityStopped:204 com.android.server.wm.ActivityClientController.activityStopped:95 android.app.IActivityClientController$Stub.onTransact:722 com.android.server.wm.ActivityClientController.onTransact:1 android.os.Binder.execTransactInternal:1541 android.os.Binder.execTransact:1480 
03-09 20:41:03.476  1501  2218 I WindowManager: Destroying surface Surface(name=com.sec.android.app.launcher/com.sec.android.app.launcher.activities.LauncherActivity$_2605)/@0x4a5def0 called by com.android.server.wm.WindowStateAnimator.destroySurface:11 com.android.server.wm.WindowStateAnimator.destroySurfaceLocked:54 com.android.server.wm.WindowState.destroySurfaceUnchecked:5 com.android.server.wm.WindowState.destroySurface:126 com.android.server.wm.ActivityRecord.destroySurfaces:25 com.android.server.wm.ActivityRecord.activityStopped:204 com.android.server.wm.ActivityClientController.activityStopped:95 android.app.IActivityClientController$Stub.onTransact:722 
03-09 20:41:03.477  1501  1587 D SGM:FgCheckThread: getForegroundApp(), foregroundPkgName=com.presenceprotocol.app.server
03-09 20:41:03.477 21708  9178 I Finsky  : [2723] SCH: Satisfied jobs for 9365 are: 12-1
03-09 20:41:03.477 21708  9177 I Finsky  : [2722] SCH: Job 12-1 starting
03-09 20:41:03.477  1126  1126 D SurfaceFlinger: Display 4633128672291735937 HWC layers:
03-09 20:41:03.477  1126  1126 D SurfaceFlinger:        DEVICE |   0xb400007d0c4529d0 | 0001 | RGBA_8888    |    0.0    0.0  720.0 1555.0 |    0   45  720 1600 | com.presenceprotocol.app.server/com.[...]tocol.app.ui.MainActivity$_9130#6422 (2)
03-09 20:41:03.477  1126  1126 D SurfaceFlinger:        DEVICE |   0xb400007d0c3c7d10 | 0001 | RGBA_8888    |    0.0    0.0  720.0 1600.0 |    0    0  720 1600 | Splash Screen com.presenceprotocol.app.server$_2090#6413 (2)
03-09 20:41:03.477  1126  1126 D SurfaceFlinger:        DEVICE |   0xb400007d0c3f9790 | 0001 | RGBA_8888    |    0.0    0.0  720.0   51.0 |    0    0  720   51 | StatusBar$_2090#93 (30579)
03-09 20:41:03.477  1126  1126 D SurfaceFlinger:        DEVICE |   0xb400007d0c470410 | 0001 | RGBA_8888    |    0.0    0.0  720.0  108.0 |    0 1492  720 1600 | NavigationBar0$_2090#89 (5343)
03-09 20:41:03.477  1126  1126 D SurfaceFlinger: 
03-09 20:41:03.477 21708 21708 I Finsky  : [2] WM::SCH: Logging work start for 12-1
03-09 20:41:03.478 21708 21708 I Finsky  : [2] [ContentSync] job started
03-09 20:41:03.478  1501  2241 D InputDispatcher: Focus entered window (0): ecd2419 com.presenceprotocol.app.server/com.presenceprotocol.app.ui.MainActivity
03-09 20:41:03.479  9130  9130 D VRI[MainActivity]@5b19a0c: mThreadedRenderer.initializeIfNeeded()#2 mSurface={isValid=true 0xb40000742980edf0}
03-09 20:41:03.479  1501  1585 D PkgPredictorService-SecIpmManagerServiceImpl: bg information pid:2605 uid:10152 pkgName:com.sec.android.app.launcher
03-09 20:41:03.479  1501  3102 D FreecessController: restrictJobsByOlaf: restrict=false, uid=-1
03-09 20:41:03.479  9130  9130 D InputMethodManagerUtils: startInputInner - Id : 0
03-09 20:41:03.479  9130  9130 I InputMethodManager: startInputInner - IInputMethodManagerGlobalInvoker.startInputOrWindowGainedFocus
03-09 20:41:03.480  1501  3102 I PowerManagerService: [PWL] SetWakeLockEnableDisable uid = 10239 , disable= false
03-09 20:41:03.480  1501  3102 I PowerManagerService: [PWL] can not change uid =  10239
03-09 20:41:03.480  1501  1587 D SGM:FgCheckThread: pkgName: com.sec.android.app.launcher is not in foreground
03-09 20:41:03.480  1501  1587 D SGM:FgCheckThread: noteStopComponent(), received pkgName: com.sec.android.app.launcher, focusedPkgName: com.presenceprotocol.app.server, userId: 0
03-09 20:41:03.480  1501  1501 D OlafRestriction:  olaf state update: state=false
03-09 20:41:03.480  1501  1501 D OlafRestriction:  trigger onRestrictionStateChanged.
03-09 20:41:03.481  2605  2605 I HoneySpace.DiscoverPageMover: onDestroy : checkConnection false , isDisplayChanged false
03-09 20:41:03.481  2605  2605 I HoneySpace.DiscoverClientCallback: onOverlayMoveUpdated : 0.0
03-09 20:41:03.481  2605  2605 I HoneySpace.SPayHandler: updateSpayHandler launcher activity is paused false
03-09 20:41:03.481  2605  2605 I HoneySpace.DiscoverClientCallback: discover page is not shown
03-09 20:41:03.481  2605  2605 I HoneySpace.DiscoverClientCallback: discover page is not visible
03-09 20:41:03.481  2605  2605 I HoneySpace.DiscoverClient: onDestroy
03-09 20:41:03.481  1501  1765 W UsageStatsService: Unexpected activity event reported! (com.sec.android.app.launcher/com.sec.android.app.launcher.Launcher event : 23 instanceId : 36663424)
03-09 20:41:03.481  1501  1587 D SGM:FgCheckThread: getForegroundApp(), foregroundPkgName=com.presenceprotocol.app.server
03-09 20:41:03.482  1501  2241 W UserManagerService: Requested status bar icon for non-badged user 0
03-09 20:41:03.482  1501  1825 D InputMethodManagerService: setWindowStateInner, windowToken=android.os.BinderProxy@79ad760, state=ImeTargetWindowState{ imeToken null imeFocusChanged true hasEditorFocused false requestedImeVisible false imeDisplayId 0 softInputModeState STATE_UNSPECIFIED|ADJUST_RESIZE|IS_FORWARD_NAVIGATION isStartInputByGainFocus true}
03-09 20:41:03.482  1501  1825 V InputMethodManagerService: Unspecified window will hide input
03-09 20:41:03.482  1501  1825 I ImeTracker: com.presenceprotocol.app.server:97727478: onRequestHide at ORIGIN_SERVER reason HIDE_UNSPECIFIED_WINDOW fromUser false
03-09 20:41:03.482  1501  1825 V InputMethodManagerService: applyImeVisibility state=6
03-09 20:41:03.482  1501  1501 I WALLPAPER_SVC:SemWallpaperManagerService: isHomeActivityVisible : false 
03-09 20:41:03.482  1501  1587 D SGM:FgCheckThread: pkgName: com.sec.android.app.launcher is not in foreground
03-09 20:41:03.482  1501  1501 D WALLPAPER_SVC:WallpaperData: getWallpaperFile: file = /data/system/users/0/wallpaper_orig 
03-09 20:41:03.482  1501  1587 D SGM:FgCheckThread: noteStopComponent(), received pkgName: com.sec.android.app.launcher, focusedPkgName: com.presenceprotocol.app.server, userId: 0
03-09 20:41:03.482  2605  2605 I HoneySpace.DiscoverClientCallback: onOverlayMoveUpdated : 0.0
03-09 20:41:03.482  2605  2605 I HoneySpace.SPayHandler: updateSpayHandler launcher activity is paused false
03-09 20:41:03.482  2605  2605 I HoneySpace.DiscoverClientCallback: discover page is not shown
03-09 20:41:03.482  2605  2605 I HoneySpace.DiscoverClientCallback: discover page is not visible
03-09 20:41:03.482  2605  2605 I HoneySpace.DiscoverClient: onDestroy
03-09 20:41:03.482  2605  2605 I HoneySpace.PageOverlayMover: onDestroy isDisplaychanged : false >>>
03-09 20:41:03.482  2605  2605 I HoneySpace.PageOverlayMover: updateActivityLifecycleState : 5
03-09 20:41:03.482  2605  2605 I HoneySpace.PageOverlayMover: UnbindOverlay reason : OnDestroy isService Connected : false
03-09 20:41:03.482  2605  2605 I HoneySpace.BackgroundManagerImpl: onDestroy: (180777423)
03-09 20:41:03.482  2605  2605 I HoneySpace.RealtimeBlurManager: WallpaperBlurView: destroy(180777423)
03-09 20:41:03.482  2605  2605 I HoneySpace.BackgroundManagerImpl: scrimView: destroy(180777423)
03-09 20:41:03.483  1501  1825 D InputMethodManagerService: setWindowStateInner, windowToken=android.os.BinderProxy@79ad760, state=ImeTargetWindowState{ imeToken android.os.Binder@b33078f imeFocusChanged true hasEditorFocused false requestedImeVisible false imeDisplayId 0 softInputModeState STATE_UNSPECIFIED|ADJUST_RESIZE|IS_FORWARD_NAVIGATION isStartInputByGainFocus true}
03-09 20:41:03.483  1501  1501 D WALLPAPER_SVC:WallpaperData: getWallpaperFile: file = /data/system/users/0/wallpaper_orig 
03-09 20:41:03.483  1501  1825 I ImeTracker: com.presenceprotocol.app.server:97727478: onCancelled at PHASE_SERVER_SHOULD_HIDE
03-09 20:41:03.483  1501  1825 V InputMethodManagerService: hideCurrentInputLocked : canceled, shouldHideSoftInput=false, mInputShown=false, mImeWindowVis=0
03-09 20:41:03.483  1501  1825 D InputMethodManagerService: DESKTOP MODE! : 2
