03-09 20:41:05.885  9130  9130 D PresenceGatt: GATT_SERVER_ADD_SERVICE ok=true
03-09 20:41:05.885  2289  2428 I gatt_api: system/stack/gatt/gatt_api.cc:179 GATTS_AddService: 
03-09 20:41:05.885  9130  9130 D PresenceGatt: GATT_SERVER_START_COMPLETE waiting_for_onServiceAdded
03-09 20:41:05.885  2289  2428 I gatt_api: system/stack/gatt/gatt_api.cc:292 GATTS_AddService: service parsed correctly, now starting
03-09 20:41:05.885  9130  9130 E PresenceDiscovery: PP_DISCOVERY: start() -> PP_DISCOVERY START 
03-09 20:41:05.885  2289  2428 I bluetooth: system/stack/gatt/gatt_sr_hash.cc:129 gatts_calculate_database_hash: hash=0D5BD34076244F24A0ECF4454F685E42
03-09 20:41:05.885  9130  9130 D AdvertiseSettings: setTxPowerLevel: 2
03-09 20:41:05.885  2289  2428 D gatt_utils: system/stack/gatt/gatt_utils.cc:294 gatt_find_the_connected_bda: start_idx=0
03-09 20:41:05.885  2289  2428 D gatt_utils: system/stack/gatt/gatt_utils.cc:306 gatt_find_the_connected_bda: found=false found_idx=16
03-09 20:41:05.885  9130  9130 D BluetoothAdapter: isLeEnabled(): ON
03-09 20:41:05.885  2289  2902 D BtGatt.GattService: onServiceAdded(), status=0
03-09 20:41:05.886  9130  9139 D BluetoothGattServer: onServiceAdded() - handle=141 uuid=7d3a2d6b-9b7a-4f2a-9e5e-0c9d6f1b1c01 status=0
03-09 20:41:05.886  9130  9130 I BluetoothAdapter: BluetoothAdapter() : com.presenceprotocol.app.server
03-09 20:41:05.886  9130  9139 D PresenceGatt: GATT_SERVER_SERVICE_ADDED status=0 uuid=7d3a2d6b-9b7a-4f2a-9e5e-0c9d6f1b1c01
03-09 20:41:05.886  9130  9130 D BluetoothLeAdvertiser: TxPower == ADVERTISE_TX_POWER_MEDIUM
03-09 20:41:05.886  9130  9139 D PresenceGatt: PP_HANDSHAKE SERVER_READY true
03-09 20:41:05.886  9130  9130 D BluetoothAdapter: isLeEnabled(): ON
03-09 20:41:05.887  2289 12699 D BtGatt.AdvertiseManager: startAdvertisingSet() - reg_id=-1198, callback: android.os.BinderProxy@7237d0a
03-09 20:41:05.887  2289 12699 D BtGatt.ContextMap: advertiseInstanceCount is 3
03-09 20:41:05.887  2289 12699 I bt_shim_advertiser: system/main/shim/le_advertising_manager.cc:150 StartAdvertisingSet: in shim layer
03-09 20:41:05.887  2289 12699 I bt_shim_advertiser: system/main/shim/le_advertising_manager.cc:170 StartAdvertisingSet: create advertising set, client_id:255, reg_id:-1198
03-09 20:41:05.887  2289  2433 W bluetooth: system/gd/hci/le_advertising_manager.cc:435 allocate_advertiser: advertiser_id=0
03-09 20:41:05.887  2289  2433 W bluetooth: system/gd/hci/le_advertising_manager.cc:670 create_extended_advertiser_with_id: advertiser_id=0
03-09 20:41:05.887  9130  9130 E PresenceDiscovery: PP_DISCOVERY: startAdvertising() -> PP_DISCOVERY START_ADVERTISE
03-09 20:41:05.887  2289  2433 D bluetooth: system/gd/os/linux_generic/non_wake_alarm.cc:53 Schedule: NonWakeAlarm::Schedule delay=364539
03-09 20:41:05.887  9130  9130 D BluetoothAdapter: isLeEnabled(): ON
03-09 20:41:05.887  2289  2433 I bluetooth: system/gd/hci/le_advertising_manager.cc:1378 enable_advertiser: advertiser_id=0
03-09 20:41:05.887  9130  9130 D BluetoothLeScanner: Start Scan with callback
03-09 20:41:05.888  2289 12699 D BtGatt.ScanHelper: registerScanner() - UUID=e5fce6ce-5a32-465a-a2d7-b3947fb3c098
03-09 20:41:05.888  2289 12699 D BtGatt.ContextMap: add() - appUid: 10538, appPid: 9130, appName: com.presenceprotocol.app.server, uuid : e5fce6ce-5a32-465a-a2d7-b3947fb3c098
03-09 20:41:05.888  2289 12699 I bt_shim_scanner: system/main/shim/le_scanning_manager.cc:172 RegisterScanner: in shim layer
03-09 20:41:05.888  2289  2902 D BtGatt.ScanHelper: onScannerRegistered() - UUID=e5fce6ce-5a32-465a-a2d7-b3947fb3c098, scannerId=5, status=0
03-09 20:41:05.888  9130  9139 D BluetoothLeScanner: onScannerRegistered() - status=0 scannerId=5 mScannerId=0
03-09 20:41:05.888  2289 12699 D BtGatt.ScanHelper: start scan with filters
03-09 20:41:05.888  2289 12699 D BtGatt.ScanHelper: enforcePrivilegedPermissionIfNeeded(null)
03-09 20:41:05.890  2289 12699 D BtGatt.AppScanStats: recordScanStart() - dutyCycle: 100
03-09 20:41:05.890  2289 12699 D BtGatt.AppScanStats: recordScanStart() - app: com.presenceprotocol.app.server(uid=0), max duty cycle updated from 0 to 100
03-09 20:41:05.890  2289 12699 D BtGatt.AppScanStats: recordScanStart() - app: com.presenceprotocol.app.server(uid=0), first scan started at 03-09 20:41:05.889
03-09 20:41:05.890  2289 12699 D BtGatt.AppScanStats: recordScanStart() - app: com.presenceprotocol.app.server(uid=0), isUnoptimized: true, maxDutyCycle: 100, note ble duty scan started
03-09 20:41:05.890  2289 12699 D BtGatt.AppScanStats: recordScanStart() - app: com.presenceprotocol.app.server(uid=0), # of scans started/stopped/ongoing: 268/267/1
03-09 20:41:05.890  2289 12699 D BtGatt.ScanManager: startScan() ScanClient [scannerIf=5, appUid=10538, appPid=9130, appName=com.presenceprotocol.app.server, startTime: 2026-03-09T07:41:05.888, scanModeApp=2, scanModeUsed=2, callbackType=1, matchMode=1, reportDelayMillis=0]
03-09 20:41:05.890  2289  2933 D BtGatt.ScanManager: handling starting scan
03-09 20:41:05.890  9130  9130 D PresenceDiscovery: SCAN_START reason=manual_start windowMs=15000
03-09 20:41:05.890  9130  9130 E PresenceDiscovery: PP_DISCOVERY: startScanning() -> PP_DISCOVERY START_SCAN filters=NONE
03-09 20:41:05.891  9130  9130 D PresenceDiscovery: Presence BLE discovery started
03-09 20:41:05.892  2289  2433 I bluetooth: system/gd/hci/le_advertising_manager.cc:1950 on_set_advertising_set_random_address_complete: update random address for advertising set 0 : xx:xx:xx:xx:7d:71
03-09 20:41:05.895  2289  2902 D BtGatt.AdvertiseManager: onAdvertisingSetStarted() - regId=-1198, advertiserId=0, status=0
03-09 20:41:05.895  2289  2935 E BtGatt.GattService: [GSIM LOG]: gsimLogHandler, msg: MESSAGE_ADV_SET_START, appName: com.presenceprotocol.app.server, id: 0, isLegacy: true
03-09 20:41:05.902  2289  2933 D BtGatt.ScanManager: Scan mode update during screen on from 2 to 2
03-09 20:41:05.902  2289  2933 I bt_shim_scanner: system/main/shim/le_scanning_manager.cc:306 ScanFilterEnable: in shim layer
03-09 20:41:05.902  2289  2935 E BtGatt.GattService: [GSIM LOG]: gsimLogHandler, msg: MESSAGE_SCAN_START, appName: com.presenceprotocol.app.server, scannerId: 5, reportDelayMillis=0
03-09 20:41:05.902  4825  4825 W ContextImpl: Calling a method in the system process without a qualified user: android.app.ContextImpl.startService:1993 android.content.ContextWrapper.startService:844 android.content.ContextWrapper.startService:844 com.sec.android.diagmonagent.sa.receiver.CFLogReceiver.onReceive:56 android.app.ActivityThread.handleReceiver:5377 
03-09 20:41:05.902  2289  2902 D BtGatt.ScanHelper: onScanFilterEnableDisabled() - clientIf=5, status=0, action=1
03-09 20:41:05.903  2289  2902 D BtGatt.ScanManager: callback done for scannerId - 5 status - 0
03-09 20:41:05.903  2289  2933 D BtGatt.ScanManager: configureFilterParameter 500 10000 1 0
03-09 20:41:05.903  2289  2933 D BtGatt.ScanManager: configureFilterParamter() : onFoundTimeout | onLostTimeout | onFoundCount | numOfTrackingEntries | scanFilterRssiThreshold | trackableScanFilterRssiThreshold | matchMode
03-09 20:41:05.903  2289  2933 D BtGatt.ScanManager: configureFilterParamter() : __________500__|________10000__|___________1__|___________________0__|___________________-128__|____________________________-128__|________1_
03-09 20:41:05.903  2289  2933 I bt_shim_scanner: system/main/shim/le_scanning_manager.cc:237 ScanFilterParamSetup: in shim layer, clientIf=5
03-09 20:41:05.903  2289  2902 D BtGatt.ScanHelper: onScanFilterParamsConfigured() - clientIf=5, status=0, action=0, availableSpace=0
03-09 20:41:05.903  2289  2902 D BtGatt.ScanManager: callback done for scannerId - 5 status - 0
03-09 20:41:05.903  2289  2933 D BtGatt.ScanManager: rest of scan filters : 52
03-09 20:41:05.903  2289  2933 D BtGatt.ScanManager: configureRegularScanParams() - queue=5
03-09 20:41:05.903  2289  2933 I bt_shim_scanner: system/main/shim/le_scanning_manager.cc:189 Scan: in shim layer stopped
03-09 20:41:05.903  2289  2433 I bluetooth: system/gd/hci/le_address_manager.cc:253 unregister_client: Client unregistered
03-09 20:41:05.903  2289  2933 D BtGatt.ScanManager: Start gattClientScanNative with old scanMode 0 new scanMode 2 ( in MS: 4095.0 / 4095.0, in scan unit: 6553 / 6553, scanPhyMask: 1 )ScanClient [scannerIf=5, appUid=10538, appPid=9130, appName=com.presenceprotocol.app.server, startTime: 2026-03-09T07:41:05.888, scanModeApp=2, scanModeUsed=2, callbackType=1, matchMode=1, reportDelayMillis=0]
03-09 20:41:05.903  2289  2933 I bt_shim_scanner: system/main/shim/le_scanning_manager.cc:387 SetScanParameters: in shim layer, scannerId=5
03-09 20:41:05.903  2289  2933 W bt_shim_scanner: system/main/shim/le_scanning_manager.cc:407 SetScanParameters: Set scan params scan_int : 4095.625, scan_win : 4095.625, Duty : 100.00%
03-09 20:41:05.903  2289  2933 I bt_shim_scanner: system/main/shim/le_scanning_manager.cc:189 Scan: in shim layer started
03-09 20:41:05.903  2289  2433 I bluetooth: system/gd/hci/le_scanning_manager.cc:795 stop_scan: Scanning already stopped, return!
03-09 20:41:05.903  2289  2902 D BtGatt.ScanHelper: onScanParamSetupCompleted() status=0, scannerId=5
03-09 20:41:05.903  2289  2902 D BtGatt.ScanHelper: onScanParamSetupCompleted : 0
03-09 20:41:05.904  2289  2433 I bluetooth: system/gd/hci/le_address_manager.cc:238 register_client: Client registered
03-09 20:41:05.904  2289  2933 D BtGatt.ScanManager: apply scan timeout (300000)to scannerId 5
03-09 20:41:05.905  2289  2433 W bluetooth: system/gd/hci/hci_layer.cc:835 on_vs_event: Unhandled vendor specific event of type DBFW_BRCM_PLUS_INFO_SUB_EVT(0x90)
03-09 20:41:05.916  9130  9130 D BluetoothLeAdvertiser: onAdvertisingSetStarted(0, -7, 0)
03-09 20:41:05.917  9130  9130 D PresenceDiscovery: Advertising started: Settings [mAdvertiseMode=2, mAdvertiseTxPowerLevel=2, mAdvertiseConnectable=true, mAdvertiseDiscoverable=true, mAdvertiseTimeoutMillis=0, mOwnAddressType=-1]
03-09 20:41:05.946  2289  2902 I BtGatt.ScanHelper: onScanResult to scannerId: 4- eventType=0x10, addressType=1, address=XX:XX:XX:XX:F1:13, primaryPhy=1, secondaryPhy=0, advertisingSid=0xff, txPower=127, rssi=-48, periodicAdvInt=0x0
03-09 20:41:05.946  2289  2902 I BtGatt.ScanHelper: onScanResult to scannerId: 5- eventType=0x10, addressType=1, address=XX:XX:XX:XX:F1:13, primaryPhy=1, secondaryPhy=0, advertisingSid=0xff, txPower=127, rssi=-48, periodicAdvInt=0x0
03-09 20:41:05.948  9130  9130 D PresenceDiscovery: SCAN_HIT addr=6D:F7:9E:62:F1:13 rssi=-48 uuids=none
03-09 20:41:05.977  2289  2902 I BtGatt.ScanHelper: onScanResult to scannerId: 5- eventType=0x1b, addressType=1, address=XX:XX:XX:XX:5F:FE, primaryPhy=1, secondaryPhy=0, advertisingSid=0xff, txPower=127, rssi=-41, periodicAdvInt=0x0
03-09 20:41:05.978  9130  9130 D PresenceDiscovery: SCAN_HIT addr=38:FB:20:1A:5F:FE rssi=-41 uuids=none
03-09 20:41:05.980  2289  2902 I BtGatt.ScanHelper: onScanResult to scannerId: 5- eventType=0x1a, addressType=0, address=XX:XX:XX:XX:AE:33, primaryPhy=1, secondaryPhy=0, advertisingSid=0xff, txPower=127, rssi=-82, periodicAdvInt=0x0
03-09 20:41:05.980  2289  2902 D BluetoothRemoteDevices: Update property, device=XX:XX:XX:XX:AE:33, type: 1
03-09 20:41:05.980  2289  2902 D BluetoothRemoteDevices: Skip name update for XX:XX:XX:XX:AE:33
03-09 20:41:05.980  2289  2902 D BluetoothRemoteDevices: Update property, device=XX:XX:XX:XX:AE:33, type: 4
03-09 20:41:05.980  2289  2902 E BluetoothRemoteDevices: Remote class is UNCATEGORIZED
03-09 20:41:05.980  2289  2902 D BluetoothRemoteDevices: Update property, device=XX:XX:XX:XX:AE:33, type: 5
03-09 20:41:05.982  9130  9130 D PresenceDiscovery: SCAN_HIT addr=D4:8D:26:03:AE:33 rssi=-82 uuids=0000feb9-0000-1000-8000-00805f9b34fb
03-09 20:41:05.996  2289  2902 I BtGatt.ScanHelper: onScanResult to scannerId: 5- eventType=0x10, addressType=1, address=XX:XX:XX:XX:8B:3E, primaryPhy=1, secondaryPhy=0, advertisingSid=0xff, txPower=127, rssi=-87, periodicAdvInt=0x0
03-09 20:41:05.997  9130  9130 D PresenceDiscovery: SCAN_HIT addr=0F:F7:63:AC:8B:3E rssi=-87 uuids=none
03-09 20:41:06.058  1501  3616 D SemWifiUsabilityStatsMonitor: onWifiUsabilityStats - seqNum 56264, isSameBssidAndFreq true
03-09 20:41:06.062  2289  2902 I BtGatt.ScanHelper: onScanResult to scannerId: 4- eventType=0x10, addressType=1, address=XX:XX:XX:XX:F1:13, primaryPhy=1, secondaryPhy=0, advertisingSid=0xff, txPower=127, rssi=-48, periodicAdvInt=0x0
03-09 20:41:06.063  2289  2902 I BtGatt.ScanHelper: onScanResult to scannerId: 5- eventType=0x10, addressType=1, address=XX:XX:XX:XX:F1:13, primaryPhy=1, secondaryPhy=0, advertisingSid=0xff, txPower=127, rssi=-48, periodicAdvInt=0x0
03-09 20:41:06.064  9130  9130 D PresenceDiscovery: SCAN_HIT addr=6D:F7:9E:62:F1:13 rssi=-48 uuids=none
03-09 20:41:06.072  2289  2902 I BtGatt.ScanHelper: onScanResult to scannerId: 4- eventType=0x10, addressType=1, address=XX:XX:XX:XX:62:09, primaryPhy=1, secondaryPhy=0, advertisingSid=0xff, txPower=127, rssi=-41, periodicAdvInt=0x0
03-09 20:41:06.072  2289  2902 I BtGatt.ScanHelper: onScanResult to scannerId: 5- eventType=0x10, addressType=1, address=XX:XX:XX:XX:62:09, primaryPhy=1, secondaryPhy=0, advertisingSid=0xff, txPower=127, rssi=-41, periodicAdvInt=0x0
03-09 20:41:06.073   999  1025 I audio_hw_proxy2: fast_out-proxy_stop_playback_stream: stop Device
03-09 20:41:06.073   999  1025 I audio_hw_playback: fast_out-out_standby: transited to Idle
03-09 20:41:06.073   999  1025 I audio_hw_proxy2: fast_out-proxy_close_playback_stream: closed PCM Device FD(27)
03-09 20:41:06.073  9130  9130 D PresenceDiscovery: SCAN_HIT addr=36:75:CA:E6:62:09 rssi=-41 uuids=none
03-09 20:41:06.084  2289  2902 I BtGatt.ScanHelper: onScanResult to scannerId: 5- eventType=0x1a, addressType=0, address=XX:XX:XX:XX:AE:33, primaryPhy=1, secondaryPhy=0, advertisingSid=0xff, txPower=127, rssi=-83, periodicAdvInt=0x0
03-09 20:41:06.085  9130  9130 D PresenceDiscovery: SCAN_HIT addr=D4:8D:26:03:AE:33 rssi=-83 uuids=0000feb9-0000-1000-8000-00805f9b34fb
03-09 20:41:06.098  2289  2902 I BtGatt.ScanHelper: onScanResult to scannerId: 5- eventType=0x1b, addressType=1, address=XX:XX:XX:XX:5F:FE, primaryPhy=1, secondaryPhy=0, advertisingSid=0xff, txPower=127, rssi=-41, periodicAdvInt=0x0
03-09 20:41:06.099  9130  9130 D PresenceDiscovery: SCAN_HIT addr=38:FB:20:1A:5F:FE rssi=-41 uuids=none
03-09 20:41:06.104  1501  1585 I GestureDetector: handleMessage TAP
03-09 20:41:06.104  1501  1501 I GestureDetector: handleMessage TAP
03-09 20:41:06.140   999  1025 I audio_hw_playback: fast_out-out_standby: transited to Standby
03-09 20:41:06.140   999  1025 I audio_hw_playback: fast_out-out_standby: try to unroute for standby
03-09 20:41:06.140   999  1025 V audio_route: Reset path: media-dual-speaker
03-09 20:41:06.140   999  1025 I audio_route: > audio_route_update_path : "media-dual-speaker" reverse(1)
03-09 20:41:06.146   999  1025 I audio_hw_proxy_route: proxy-reset_route: unrouted media-dual-speaker
03-09 20:41:06.146   999  1025 V audio_route: Reset path: gain-media-dual-speaker
03-09 20:41:06.146   999  1025 I audio_route: > audio_route_update_path : "gain-media-dual-speaker" reverse(1)
03-09 20:41:06.147   999  1025 I audio_hw_proxy_route: proxy-reset_route: reset gain gain-media-dual-speaker
03-09 20:41:06.147   999  1025 I audio_hw_route: fast_out-set_unroute_for_playback-1: unroutes to device(speaker) for usage(media)
03-09 20:41:06.147  1115  1704 D NativeSemDvfsManager: release():: mIsAcquired = 1 , mName =   , mTagName : AudioFlinger 
03-09 20:41:06.147  1115  1704 E NativeCustomFrequencyManager: [NativeCFMS] BpCustomFrequencyManager::release()
03-09 20:41:06.147  1030  1081 I HYPER-HAL: [ResourceManager.cpp]removeResource(): [CPUMinFreq] RemoveResource Request ID : 2238670
03-09 20:41:06.148  1030  1081 I HYPER-HAL: [RequestManager.cpp]releaseLocked(): Released ID : 2238670
03-09 20:41:06.184  2289  2902 I BtGatt.ScanHelper: onScanResult to scannerId: 5- eventType=0x1a, addressType=0, address=XX:XX:XX:XX:AE:33, primaryPhy=1, secondaryPhy=0, advertisingSid=0xff, txPower=127, rssi=-82, periodicAdvInt=0x0
03-09 20:41:06.185  9130  9130 D PresenceDiscovery: SCAN_HIT addr=D4:8D:26:03:AE:33 rssi=-82 uuids=0000feb9-0000-1000-8000-00805f9b34fb
03-09 20:41:06.186  2289  2902 I BtGatt.ScanHelper: onScanResult to scannerId: 4- eventType=0x10, addressType=1, address=XX:XX:XX:XX:F1:13, primaryPhy=1, secondaryPhy=0, advertisingSid=0xff, txPower=127, rssi=-48, periodicAdvInt=0x0
03-09 20:41:06.186  2289  2902 I BtGatt.ScanHelper: onScanResult to scannerId: 5- eventType=0x10, addressType=1, address=XX:XX:XX:XX:F1:13, primaryPhy=1, secondaryPhy=0, advertisingSid=0xff, txPower=127, rssi=-48, periodicAdvInt=0x0
03-09 20:41:06.187  9130  9130 D PresenceDiscovery: SCAN_HIT addr=6D:F7:9E:62:F1:13 rssi=-48 uuids=none
03-09 20:41:06.208  2289  2902 I BtGatt.ScanHelper: onScanResult to scannerId: 5- eventType=0x10, addressType=1, address=XX:XX:XX:XX:8B:3E, primaryPhy=1, secondaryPhy=0, advertisingSid=0xff, txPower=127, rssi=-88, periodicAdvInt=0x0
03-09 20:41:06.209  9130  9130 D PresenceDiscovery: SCAN_HIT addr=0F:F7:63:AC:8B:3E rssi=-88 uuids=none
03-09 20:41:06.218  2289  2902 I BtGatt.ScanHelper: onScanResult to scannerId: 5- eventType=0x1b, addressType=1, address=XX:XX:XX:XX:0F:68, primaryPhy=1, secondaryPhy=0, advertisingSid=0xff, txPower=127, rssi=-86, periodicAdvInt=0x0
03-09 20:41:06.218  9130  9130 D PresenceDiscovery: SCAN_HIT addr=48:FD:9F:99:0F:68 rssi=-86 uuids=none
03-09 20:41:06.220  2289  2902 I BtGatt.ScanHelper: onScanResult to scannerId: 5- eventType=0x1b, addressType=1, address=XX:XX:XX:XX:5F:FE, primaryPhy=1, secondaryPhy=0, advertisingSid=0xff, txPower=127, rssi=-41, periodicAdvInt=0x0
03-09 20:41:06.221  1501  3102 D FreecessController: com.google.android.inputmethod.latin(10316) is important[11]
03-09 20:41:06.221  9130  9130 D PresenceDiscovery: SCAN_HIT addr=38:FB:20:1A:5F:FE rssi=-41 uuids=none
03-09 20:41:06.287  2289  2902 I BtGatt.ScanHelper: onScanResult to scannerId: 5- eventType=0x1a, addressType=0, address=XX:XX:XX:XX:AE:33, primaryPhy=1, secondaryPhy=0, advertisingSid=0xff, txPower=127, rssi=-82, periodicAdvInt=0x0
03-09 20:41:06.288  9130  9130 D PresenceDiscovery: SCAN_HIT addr=D4:8D:26:03:AE:33 rssi=-82 uuids=0000feb9-0000-1000-8000-00805f9b34fb
03-09 20:41:06.308  2289  2902 I BtGatt.ScanHelper: onScanResult to scannerId: 4- eventType=0x10, addressType=1, address=XX:XX:XX:XX:F1:13, primaryPhy=1, secondaryPhy=0, advertisingSid=0xff, txPower=127, rssi=-47, periodicAdvInt=0x0
03-09 20:41:06.308  2289  2902 I BtGatt.ScanHelper: onScanResult to scannerId: 5- eventType=0x10, addressType=1, address=XX:XX:XX:XX:F1:13, primaryPhy=1, secondaryPhy=0, advertisingSid=0xff, txPower=127, rssi=-47, periodicAdvInt=0x0
03-09 20:41:06.309  9130  9130 D PresenceDiscovery: SCAN_HIT addr=6D:F7:9E:62:F1:13 rssi=-47 uuids=none
03-09 20:41:06.343  2289  2902 I BtGatt.ScanHelper: onScanResult to scannerId: 4- eventType=0x0, addressType=1, address=XX:XX:XX:XX:71:3E, primaryPhy=1, secondaryPhy=1, advertisingSid=0x2, txPower=127, rssi=-37, periodicAdvInt=0x0
03-09 20:41:06.397  2289  2902 I BtGatt.ScanHelper: onScanResult to scannerId: 5- eventType=0x1a, addressType=1, address=XX:XX:XX:XX:6F:C4, primaryPhy=1, secondaryPhy=0, advertisingSid=0xff, txPower=127, rssi=-85, periodicAdvInt=0x0
03-09 20:41:06.398  9130  9130 D PresenceDiscovery: SCAN_HIT addr=64:A4:A4:99:6F:C4 rssi=-85 uuids=0000fe9f-0000-1000-8000-00805f9b34fb
03-09 20:41:06.427  2289  2902 I BtGatt.ScanHelper: onScanResult to scannerId: 4- eventType=0x10, addressType=1, address=XX:XX:XX:XX:F1:13, primaryPhy=1, secondaryPhy=0, advertisingSid=0xff, txPower=127, rssi=-49, periodicAdvInt=0x0
03-09 20:41:06.428  2289  2902 I BtGatt.ScanHelper: onScanResult to scannerId: 5- eventType=0x10, addressType=1, address=XX:XX:XX:XX:F1:13, primaryPhy=1, secondaryPhy=0, advertisingSid=0xff, txPower=127, rssi=-49, periodicAdvInt=0x0
03-09 20:41:06.429  9130  9130 D PresenceDiscovery: SCAN_HIT addr=6D:F7:9E:62:F1:13 rssi=-49 uuids=none
03-09 20:41:06.466  1501  2064 I Pageboost: Launcher App Execution
03-09 20:41:06.487  2289  2902 I BtGatt.ScanHelper: onScanResult to scannerId: 5- eventType=0x1b, addressType=1, address=XX:XX:XX:XX:0F:68, primaryPhy=1, secondaryPhy=0, advertisingSid=0xff, txPower=127, rssi=-85, periodicAdvInt=0x0
03-09 20:41:06.489  9130  9130 D PresenceDiscovery: SCAN_HIT addr=48:FD:9F:99:0F:68 rssi=-85 uuids=none
03-09 20:41:06.498  2289  2902 I BtGatt.ScanHelper: onScanResult to scannerId: 5- eventType=0x10, addressType=0, address=XX:XX:XX:XX:BB:F0, primaryPhy=1, secondaryPhy=0, advertisingSid=0xff, txPower=127, rssi=-84, periodicAdvInt=0x0
03-09 20:41:06.499  9130  9130 D PresenceDiscovery: SCAN_HIT addr=BC:10:2F:07:BB:F0 rssi=-84 uuids=none
03-09 20:41:06.531  2289  2902 I BtGatt.ScanHelper: onScanResult to scannerId: 5- eventType=0x1b, addressType=1, address=XX:XX:XX:XX:C3:D7, primaryPhy=1, secondaryPhy=0, advertisingSid=0xff, txPower=127, rssi=-77, periodicAdvInt=0x0
03-09 20:41:06.532  9130  9130 D PresenceDiscovery: SCAN_HIT addr=DA:94:7B:28:C3:D7 rssi=-77 uuids=none
03-09 20:41:06.544  2289  2902 I BtGatt.ScanHelper: onScanResult to scannerId: 4- eventType=0x10, addressType=1, address=XX:XX:XX:XX:F1:13, primaryPhy=1, secondaryPhy=0, advertisingSid=0xff, txPower=127, rssi=-49, periodicAdvInt=0x0
03-09 20:41:06.544  2289  2902 I BtGatt.ScanHelper: onScanResult to scannerId: 5- eventType=0x10, addressType=1, address=XX:XX:XX:XX:F1:13, primaryPhy=1, secondaryPhy=0, advertisingSid=0xff, txPower=127, rssi=-49, periodicAdvInt=0x0
03-09 20:41:06.546  9130  9130 D PresenceDiscovery: SCAN_HIT addr=6D:F7:9E:62:F1:13 rssi=-49 uuids=none
03-09 20:41:06.614  2289  2902 I BtGatt.ScanHelper: onScanResult to scannerId: 4- eventType=0x0, addressType=1, address=XX:XX:XX:XX:71:3E, primaryPhy=1, secondaryPhy=1, advertisingSid=0x2, txPower=127, rssi=-41, periodicAdvInt=0x0
03-09 20:41:06.628  2289  2902 I BtGatt.ScanHelper: onScanResult to scannerId: 5- eventType=0x1b, addressType=1, address=XX:XX:XX:XX:5F:FE, primaryPhy=1, secondaryPhy=0, advertisingSid=0xff, txPower=127, rssi=-42, periodicAdvInt=0x0
03-09 20:41:06.629  9130  9130 D PresenceDiscovery: SCAN_HIT addr=38:FB:20:1A:5F:FE rssi=-42 uuids=none
03-09 20:41:06.659  2289  2902 I BtGatt.ScanHelper: onScanResult to scannerId: 4- eventType=0x10, addressType=1, address=XX:XX:XX:XX:F1:13, primaryPhy=1, secondaryPhy=0, advertisingSid=0xff, txPower=127, rssi=-49, periodicAdvInt=0x0
03-09 20:41:06.659  2289  2902 I BtGatt.ScanHelper: onScanResult to scannerId: 5- eventType=0x10, addressType=1, address=XX:XX:XX:XX:F1:13, primaryPhy=1, secondaryPhy=0, advertisingSid=0xff, txPower=127, rssi=-49, periodicAdvInt=0x0
03-09 20:41:06.661  9130  9130 D PresenceDiscovery: SCAN_HIT addr=6D:F7:9E:62:F1:13 rssi=-49 uuids=none
03-09 20:41:06.752  2289  2902 I BtGatt.ScanHelper: onScanResult to scannerId: 5- eventType=0x1b, addressType=1, address=XX:XX:XX:XX:5F:FE, primaryPhy=1, secondaryPhy=0, advertisingSid=0xff, txPower=127, rssi=-42, periodicAdvInt=0x0
03-09 20:41:06.754  9130  9130 D PresenceDiscovery: SCAN_HIT addr=38:FB:20:1A:5F:FE rssi=-42 uuids=none
03-09 20:41:06.761  2289  2902 I BtGatt.ScanHelper: onScanResult to scannerId: 5- eventType=0x1b, addressType=1, address=XX:XX:XX:XX:0F:68, primaryPhy=1, secondaryPhy=0, advertisingSid=0xff, txPower=127, rssi=-82, periodicAdvInt=0x0
03-09 20:41:06.763  9130  9130 D PresenceDiscovery: SCAN_HIT addr=48:FD:9F:99:0F:68 rssi=-82 uuids=none
03-09 20:41:06.776  2289  2902 I BtGatt.ScanHelper: onScanResult to scannerId: 4- eventType=0x10, addressType=1, address=XX:XX:XX:XX:F1:13, primaryPhy=1, secondaryPhy=0, advertisingSid=0xff, txPower=127, rssi=-49, periodicAdvInt=0x0
03-09 20:41:06.776  2289  2902 I BtGatt.ScanHelper: onScanResult to scannerId: 5- eventType=0x10, addressType=1, address=XX:XX:XX:XX:F1:13, primaryPhy=1, secondaryPhy=0, advertisingSid=0xff, txPower=127, rssi=-49, periodicAdvInt=0x0
03-09 20:41:06.778  9130  9130 D PresenceDiscovery: SCAN_HIT addr=6D:F7:9E:62:F1:13 rssi=-49 uuids=none
03-09 20:41:06.805  2289  2902 I BtGatt.ScanHelper: onScanResult to scannerId: 5- eventType=0x10, addressType=0, address=XX:XX:XX:XX:BB:F0, primaryPhy=1, secondaryPhy=0, advertisingSid=0xff, txPower=127, rssi=-84, periodicAdvInt=0x0
03-09 20:41:06.807  9130  9130 D PresenceDiscovery: SCAN_HIT addr=BC:10:2F:07:BB:F0 rssi=-84 uuids=none
03-09 20:41:06.821  2289  2902 I BtGatt.ScanHelper: onScanResult to scannerId: 5- eventType=0x1a, addressType=0, address=XX:XX:XX:XX:AE:33, primaryPhy=1, secondaryPhy=0, advertisingSid=0xff, txPower=127, rssi=-84, periodicAdvInt=0x0
03-09 20:41:06.823  9130  9130 D PresenceDiscovery: SCAN_HIT addr=D4:8D:26:03:AE:33 rssi=-84 uuids=0000feb9-0000-1000-8000-00805f9b34fb
03-09 20:41:06.832  1501  5988 E TaskPersister: File error accessing recents directory (directory doesn't exist?).
03-09 20:41:06.832  1501  5988 E TaskPersister: File error accessing recents directory (directory doesn't exist?).
03-09 20:41:06.832  1501  5988 E TaskPersister: File error accessing recents directory (directory doesn't exist?).
03-09 20:41:06.832  1030  9147 I HYPER-HAL: [ResourceManager.cpp]removeResource(): [CPUMaxFreq] RemoveResource Request ID : 12372841
03-09 20:41:06.833  1030  9147 I HYPER-HAL: [RequestManager.cpp]releaseLocked(): Released ID : 12372841
03-09 20:41:06.860 21708 21708 W Finsky  : [2] STU: Failed to get storage stats for package 'com.google.android.media.swcodec' (1601: Error getting stats: android.content.pm.PackageManager.NameNotFoundException)
03-09 20:41:06.867  8682  8687 I artd    : GetBestInfo: odex next to the dex file (/data/app/~~Q-TliFl_1UYRaTreMChzxA==/com.sofascore.results-7GiRtGhK8Mmoe5SqQLXc3w==/oat/arm64/base.odex) is kOatUpToDate with filter 'speed-profile' executable 'false'
03-09 20:41:06.873  8682  8687 I artd    : GetBestInfo: /data/app/~~taMHMQjEdtehLtoJ5Ol-ZQ==/com.sec.android.app.voicenote-6JPowO2sh7QlPhUdMEQzZw==/base.apk has no usable artifacts
03-09 20:41:06.881  2289  2902 I BtGatt.ScanHelper: onScanResult to scannerId: 4- eventType=0x10, addressType=1, address=XX:XX:XX:XX:62:09, primaryPhy=1, secondaryPhy=0, advertisingSid=0xff, txPower=127, rssi=-43, periodicAdvInt=0x0
03-09 20:41:06.881  8682  8687 I artd    : GetBestInfo: dm (/data/app/~~14Cq8vC4c-h2QnL3v3a2Sw==/com.google.android.projection.gearhead-fm0nGAJ6uTrmpXXghH7nwA==/base.dm) is kOatUpToDate with filter 'verify' executable 'false'
03-09 20:41:06.882  2289  2902 I BtGatt.ScanHelper: onScanResult to scannerId: 5- eventType=0x10, addressType=1, address=XX:XX:XX:XX:62:09, primaryPhy=1, secondaryPhy=0, advertisingSid=0xff, txPower=127, rssi=-43, periodicAdvInt=0x0
03-09 20:41:06.883  9130  9130 D PresenceDiscovery: SCAN_HIT addr=36:75:CA:E6:62:09 rssi=-43 uuids=none
03-09 20:41:06.884  8682  8687 I artd    : GetBestInfo: vdex next to the dex file (/data/user/0/com.google.android.projection.gearhead/app_impl/oat/arm64/sdk_impl.vdex) is kOatUpToDate with filter 'verify' executable 'false'
03-09 20:41:06.896  2289  2902 I BtGatt.ScanHelper: onScanResult to scannerId: 5- eventType=0x1b, addressType=1, address=XX:XX:XX:XX:5F:FE, primaryPhy=1, secondaryPhy=0, advertisingSid=0xff, txPower=127, rssi=-42, periodicAdvInt=0x0
03-09 20:41:06.897  9130  9130 D PresenceDiscovery: SCAN_HIT addr=38:FB:20:1A:5F:FE rssi=-42 uuids=none
03-09 20:41:06.898 21708 21708 W Finsky  : [2] STU: Failed to get storage stats for package 'com.android.profiling' (1601: Error getting stats: android.content.pm.PackageManager.NameNotFoundException)
03-09 20:41:06.908  8682  8687 I artd    : GetBestInfo: vdex next to the dex file (/data/app/~~t2N4iLJoiCR2L9Wahxq4Yg==/zapsolutions.strike-UbzcL9Jdzr21TBoXmcX41Q==/oat/arm64/base.vdex) is kOatUpToDate with filter 'verify' executable 'false'
03-09 20:41:06.910  2289  2902 I BtGatt.ScanHelper: onScanResult to scannerId: 4- eventType=0x10, addressType=1, address=XX:XX:XX:XX:F1:13, primaryPhy=1, secondaryPhy=0, advertisingSid=0xff, txPower=127, rssi=-50, periodicAdvInt=0x0
03-09 20:41:06.910  2289  2902 I BtGatt.ScanHelper: onScanResult to scannerId: 5- eventType=0x10, addressType=1, address=XX:XX:XX:XX:F1:13, primaryPhy=1, secondaryPhy=0, advertisingSid=0xff, txPower=127, rssi=-50, periodicAdvInt=0x0
03-09 20:41:06.912  9130  9130 D PresenceDiscovery: SCAN_HIT addr=6D:F7:9E:62:F1:13 rssi=-50 uuids=none
03-09 20:41:06.915  2289  2902 I BtGatt.ScanHelper: onScanResult to scannerId: 5- eventType=0x1b, addressType=1, address=XX:XX:XX:XX:65:86, primaryPhy=1, secondaryPhy=0, advertisingSid=0xff, txPower=127, rssi=-85, periodicAdvInt=0x0
03-09 20:41:06.916  9130  9130 D PresenceDiscovery: SCAN_HIT addr=51:33:C8:F9:65:86 rssi=-85 uuids=none
03-09 20:41:06.922  2289  2902 I BtGatt.ScanHelper: onScanResult to scannerId: 5- eventType=0x1a, addressType=0, address=XX:XX:XX:XX:AE:33, primaryPhy=1, secondaryPhy=0, advertisingSid=0xff, txPower=127, rssi=-83, periodicAdvInt=0x0
03-09 20:41:06.923  9130  9130 D PresenceDiscovery: SCAN_HIT addr=D4:8D:26:03:AE:33 rssi=-83 uuids=0000feb9-0000-1000-8000-00805f9b34fb
03-09 20:41:06.925  8682  8687 I artd    : GetBestInfo: dm (/data/app/~~2n0EgXMJIJ9L-tG4DLV9ww==/com.samsung.android.visionintelligence-JfcktbJtSrXSsrt0ydZOVg==/base.dm) is kOatUpToDate with filter 'verify' executable 'false'
03-09 20:41:06.941  8682  8687 I artd    : GetBestInfo: vdex next to the dex file (/data/app/~~lniVfrRrb66VZ68fdYHy3g==/com.samsung.knox.securefolder-VPb4RCaurTARC3km_sSScQ==/oat/arm64/base.vdex) is kOatUpToDate with filter 'verify' executable 'false'
03-09 20:41:06.957  8682  8687 I artd    : GetBestInfo: vdex next to the dex file (/data/app/~~FuFmaWgnJ_-d6yoMbt5hPw==/com.samsung.android.spayfw-JmCiAf6poR3fxGp-04B-rw==/oat/arm64/base.vdex) is kOatUpToDate with filter 'verify' executable 'false'
03-09 20:41:06.975  8682  8687 I artd    : GetBestInfo: odex next to the dex file (/data/app/~~PwtTDqTHbD3XBzrYa5ep-Q==/com.google.android.apps.authenticator2-uwoR2961EqvLc4Ysp_7uew==/oat/arm64/base.odex) is kOatUpToDate with filter 'speed-profile' executable 'false'
03-09 20:41:06.987  8682  8687 I artd    : GetBestInfo: dm (/data/app/~~s3wlQvrDKElERtYFwQx97Q==/com.blinkslabs.blinkist.android-J48Ll6Ue5Rt_-eQCBKgRNA==/base.dm) is kOatUpToDate with filter 'verify' executable 'false'
03-09 20:41:07.018  8682  8687 I artd    : GetBestInfo: vdex next to the dex file (/data/app/~~3a4wYa8zl7ZUcs_3dNa1Bg==/com.revolut.revolut-xZRTRrS-p9HT3hfkt-FKzg==/oat/arm64/base.vdex) is kOatUpToDate with filter 'verify' executable 'false'
03-09 20:41:07.020  2289  2902 I BtGatt.ScanHelper: onScanResult to scannerId: 5- eventType=0x1b, addressType=1, address=XX:XX:XX:XX:5F:FE, primaryPhy=1, secondaryPhy=0, advertisingSid=0xff, txPower=127, rssi=-43, periodicAdvInt=0x0
03-09 20:41:07.021  9130  9130 D PresenceDiscovery: SCAN_HIT addr=38:FB:20:1A:5F:FE rssi=-43 uuids=none
03-09 20:41:07.024  8682  8687 I artd    : GetBestInfo: dm (/data/app/~~3a4wYa8zl7ZUcs_3dNa1Bg==/com.revolut.revolut-xZRTRrS-p9HT3hfkt-FKzg==/split_feature_apm_multibanco_sdk_impl.dm) is kOatUpToDate with filter 'verify' executable 'false'
03-09 20:41:07.028  8682  8687 I artd    : GetBestInfo: dm (/data/app/~~3a4wYa8zl7ZUcs_3dNa1Bg==/com.revolut.revolut-xZRTRrS-p9HT3hfkt-FKzg==/split_feature_credit_data_monitoring_sdk.dm) is kOatUpToDate with filter 'verify' executable 'false'
03-09 20:41:07.032  8682  8687 I artd    : GetBestInfo: dm (/data/app/~~3a4wYa8zl7ZUcs_3dNa1Bg==/com.revolut.revolut-xZRTRrS-p9HT3hfkt-FKzg==/split_feature_fourthline_impl.dm) is kOatUpToDate with filter 'verify' executable 'false'
03-09 20:41:07.037  8682  8687 I artd    : GetBestInfo: vdex next to the dex file (/data/app/~~3a4wYa8zl7ZUcs_3dNa1Bg==/com.revolut.revolut-xZRTRrS-p9HT3hfkt-FKzg==/oat/arm64/split_feature_incode_sdk.vdex) is kOatUpToDate with filter 'verify' executable 'false'
03-09 20:41:07.073  8682  8687 I artd    : GetBestInfo: dm (/data/app/~~zl8b-b0_lCCbbB169vTY5A==/com.samsung.android.beaconmanager-TeIMGYZe8SUDpGaW8UnQpQ==/base.dm) is kOatUpToDate with filter 'verify' executable 'false'
03-09 20:41:07.088  8682  8687 I artd    : GetBestInfo: odex next to the dex file (/data/app/~~jnxy1PRgeiqjMFCGeB7GnQ==/com.fiverr.fiverr-ql7Ks7TjOt7eySJma4q7-Q==/oat/arm64/base.odex) is kOatUpToDate with filter 'speed-profile' executable 'false'
03-09 20:41:07.104  2289  2902 I BtGatt.ScanHelper: onScanResult to scannerId: 5- eventType=0x10, addressType=0, address=XX:XX:XX:XX:E6:30, primaryPhy=1, secondaryPhy=0, advertisingSid=0xff, txPower=127, rssi=-90, periodicAdvInt=0x0
03-09 20:41:07.105  9130  9130 D PresenceDiscovery: SCAN_HIT addr=BC:10:2F:0A:E6:30 rssi=-90 uuids=none
03-09 20:41:07.112  8682  8687 I artd    : GetBestInfo: odex next to the dex file (/data/app/~~zy4vfN1u1yiSa-AylO6XwA==/com.google.android.apps.walletnfcrel-jpHdWP1bwKT8N8HCOtmhgg==/oat/arm64/base.odex) is kOatUpToDate with filter 'speed-profile' executable 'false'
03-09 20:41:07.123  8682  8687 I artd    : GetBestInfo: vdex next to the dex file (/data/app/~~_RsCuAKwZFk9tWHtcD7New==/com.streema.simpleradio-6uxFOhj08eaFyakH9C4NSw==/oat/arm64/base.vdex) is kOatUpToDate with filter 'verify' executable 'false'
03-09 20:41:07.133  8682  8687 I artd    : GetBestInfo: odex next to the dex file (/data/app/~~zg_VYazEQRR6DdGmJ3RoIQ==/com.twitter.android-2SEam98nG0inYVqQo-iY9Q==/oat/arm64/base.odex) is kOatUpToDate with filter 'speed-profile' executable 'false'
03-09 20:41:07.135 21708 21708 W Finsky  : [2] STU: Failed to get storage stats for package 'com.google.android.adbd' (1601: Error getting stats: android.content.pm.PackageManager.NameNotFoundException)
03-09 20:41:07.138  8682  8687 I artd    : GetBestInfo: vdex next to the dex file (/data/app/~~ezPD8ghPax6pi37hzWxvGA==/com.samsung.android.service.health-xkSnQE9AYvhrvaspRtcZAA==/oat/arm64/base.vdex) is kOatUpToDate with filter 'verify' executable 'false'
03-09 20:41:07.149  2289  2902 I BtGatt.ScanHelper: onScanResult to scannerId: 4- eventType=0x0, addressType=1, address=XX:XX:XX:XX:71:3E, primaryPhy=1, secondaryPhy=1, advertisingSid=0x2, txPower=127, rssi=-42, periodicAdvInt=0x0
03-09 20:41:07.153  8682  8687 I artd    : GetBestInfo: odex next to the dex file (/data/app/~~QaT0pWNdpNTXzdVInzrQRg==/com.secretkeylabs.xverse-CI4bLBH7W-HJNXs2HCuUrw==/oat/arm64/base.odex) is kOatUpToDate with filter 'speed-profile' executable 'false'
03-09 20:41:07.158  8682  8687 I artd    : GetBestInfo: vdex next to the dex file (/data/app/~~mCIpn2msc-QhTQSSZhJ3mw==/com.samsung.android.samsungpassautofill-p-BYTAUsVd8ww5VzuNjIkg==/oat/arm64/base.vdex) is kOatUpToDate with filter 'verify' executable 'false'
03-09 20:41:07.163  2289  2902 I BtGatt.ScanHelper: onScanResult to scannerId: 5- eventType=0x1b, addressType=1, address=XX:XX:XX:XX:5F:FE, primaryPhy=1, secondaryPhy=0, advertisingSid=0xff, txPower=127, rssi=-41, periodicAdvInt=0x0
03-09 20:41:07.164  9130  9130 D PresenceDiscovery: SCAN_HIT addr=38:FB:20:1A:5F:FE rssi=-41 uuids=none
03-09 20:41:07.168 21708 21708 W Finsky  : [2] STU: Failed to get storage stats for package 'com.android.i18n' (1601: Error getting stats: android.content.pm.PackageManager.NameNotFoundException)
03-09 20:41:07.171  8682  8687 I artd    : GetBestInfo: vdex next to the dex file (/data/app/~~GxpZy21NFaXpp2FZxA0Z1w==/com.sec.android.app.billing-fVSs65QKHOax8wCQ7hZrTQ==/oat/arm64/base.vdex) is kOatUpToDate with filter 'verify' executable 'false'
03-09 20:41:07.177  2289  2902 I BtGatt.ScanHelper: onScanResult to scannerId: 4- eventType=0x10, addressType=1, address=XX:XX:XX:XX:F1:13, primaryPhy=1, secondaryPhy=0, advertisingSid=0xff, txPower=127, rssi=-48, periodicAdvInt=0x0
03-09 20:41:07.178  2289  2902 I BtGatt.ScanHelper: onScanResult to scannerId: 5- eventType=0x10, addressType=1, address=XX:XX:XX:XX:F1:13, primaryPhy=1, secondaryPhy=0, advertisingSid=0xff, txPower=127, rssi=-48, periodicAdvInt=0x0
03-09 20:41:07.179  9130  9130 D PresenceDiscovery: SCAN_HIT addr=6D:F7:9E:62:F1:13 rssi=-48 uuids=none
03-09 20:41:07.283  2289  2902 I BtGatt.ScanHelper: onScanResult to scannerId: 5- eventType=0x1b, addressType=1, address=XX:XX:XX:XX:5F:FE, primaryPhy=1, secondaryPhy=0, advertisingSid=0xff, txPower=127, rssi=-43, periodicAdvInt=0x0
03-09 20:41:07.285  9130  9130 D PresenceDiscovery: SCAN_HIT addr=38:FB:20:1A:5F:FE rssi=-43 uuids=none
03-09 20:41:07.289   674   674 D io_stats: !@   8,0 r 6884429 153288768 w 4898003 51951272 d 1172285 196070248 f 0 0 iot 3578860 0 th 0 0 0 pt 0 inp 0 0 188820.331
03-09 20:41:07.290   674   674 D io_stats: !@ MemInfo(KB): total 10829468 free 238516 avail 3844364 actv(f) 2179960 inactv(f) 1662688 dirty 608 wb 180 anonpg 3915580 slab 670908
03-09 20:41:07.318  2289  2902 I BtGatt.ScanHelper: onScanResult to scannerId: 5- eventType=0x1b, addressType=1, address=XX:XX:XX:XX:0F:68, primaryPhy=1, secondaryPhy=0, advertisingSid=0xff, txPower=127, rssi=-79, periodicAdvInt=0x0
03-09 20:41:07.320  9130  9130 D PresenceDiscovery: SCAN_HIT addr=48:FD:9F:99:0F:68 rssi=-79 uuids=none
03-09 20:41:07.335  2247 20691 D IpClient/wlan0: addressUpdated: 2401:7000:531c:2201:8074:e3ff:fe87:55e3/64 on ifindex 23 flags 0x00000100 scope 0
03-09 20:41:07.336  2247 20691 D IpClient/wlan0: addressUpdated: 2401:7000:531c:2201:18b2:1023:c2a0:66e9/64 on ifindex 23 flags 0x00000001 scope 0
03-09 20:41:07.336  2247 20691 W AlarmManager: Unrecognized alarm listener com.android.networkstack.android.net.ip.IpClientLinkObserver$Dhcp6PdPreferredPrefixAlarmListener@a83426b
03-09 20:41:07.336  2247 20691 D ApfFilter: (wlan0): Adding RA fe80::42ae:30ff:fe96:8fbf -> ff02::1 30s 2401:7000:531c:2201::/64 901s/900s RIO 30s 2401:7000:531c:2200::/56 
03-09 20:41:07.338  2247 20691 E ProcfsParsingUtils: failed to read /sys/class/net/wlan0/mtu
03-09 20:41:07.338  2247 20691 E ProcfsParsingUtils: java.nio.file.AccessDeniedException: /sys/class/net/wlan0/mtu
03-09 20:41:07.338  2247 20691 E ProcfsParsingUtils: 	at sun.nio.fs.UnixFileSystemProvider.newByteChannel(UnixFileSystemProvider.java:220)
03-09 20:41:07.338  2247 20691 E ProcfsParsingUtils: 	at java.nio.file.Files.newByteChannel(Files.java:371)
03-09 20:41:07.338  2247 20691 E ProcfsParsingUtils: 	at java.nio.file.Files.newByteChannel(Files.java:422)
03-09 20:41:07.338  2247 20691 E ProcfsParsingUtils: 	at java.nio.file.spi.FileSystemProvider.newInputStream(FileSystemProvider.java:420)
03-09 20:41:07.338  2247 20691 E ProcfsParsingUtils: 	at java.nio.file.Files.newInputStream(Files.java:156)
03-09 20:41:07.338  2247 20691 E ProcfsParsingUtils: 	at java.nio.file.Files.newBufferedReader(Files.java:2844)
03-09 20:41:07.338  2247 20691 E ProcfsParsingUtils: 	at com.android.networkstack.com.android.net.module.util.ProcfsParsingUtils.readFile(ProcfsParsingUtils.java:75)
03-09 20:41:07.338  2247 20691 E ProcfsParsingUtils: 	at com.android.networkstack.com.android.net.module.util.ProcfsParsingUtils.getInterfaceMtu(ProcfsParsingUtils.java:350)
03-09 20:41:07.338  2247 20691 E ProcfsParsingUtils: 	at com.android.networkstack.android.net.apf.ApfFilter$Dependencies.getInterfaceMtu(ApfFilter.java:823)
03-09 20:41:07.338  2247 20691 E ProcfsParsingUtils: 	at com.android.networkstack.android.net.apf.ApfFilter.installNewProgram(ApfFilter.java:4004)
03-09 20:41:07.338  2247 20691 E ProcfsParsingUtils: 	at com.android.networkstack.android.net.apf.ApfFilter.processRa(ApfFilter.java:4215)
03-09 20:41:07.338  2247 20691 E ProcfsParsingUtils: 	at com.android.networkstack.android.net.apf.ApfFilter$RaPacketReader.handlePacket(ApfFilter.java:374)
03-09 20:41:07.338  2247 20691 E ProcfsParsingUtils: 	at com.android.networkstack.android.net.apf.ApfFilter$RaPacketReader.handlePacket(ApfFilter.java:358)
03-09 20:41:07.338  2247 20691 E ProcfsParsingUtils: 	at com.android.networkstack.com.android.net.module.util.FdEventsReader.handleInput(FdEventsReader.java:277)
03-09 20:41:07.338  2247 20691 E ProcfsParsingUtils: 	at com.android.networkstack.com.android.net.module.util.FdEventsReader.lambda$createAndRegisterFd$0(FdEventsReader.java:233)
03-09 20:41:07.338  2247 20691 E ProcfsParsingUtils: 	at com.android.networkstack.com.android.net.module.util.FdEventsReader.$r8$lambda$jjSC4hVD2AlVH3T-DbWnF2T3fK8(FdEventsReader.java:0)
03-09 20:41:07.338  2247 20691 E ProcfsParsingUtils: 	at com.android.networkstack.com.android.net.module.util.FdEventsReader$$ExternalSyntheticLambda0.onFileDescriptorEvents(R8$$SyntheticClass:0)
03-09 20:41:07.338  2247 20691 E ProcfsParsingUtils: 	at android.os.MessageQueue.dispatchEvents(MessageQueue.java:304)
03-09 20:41:07.338  2247 20691 E ProcfsParsingUtils: 	at android.os.MessageQueue.nativePollOnce(Native Method)
03-09 20:41:07.338  2247 20691 E ProcfsParsingUtils: 	at android.os.MessageQueue.next(MessageQueue.java:346)
03-09 20:41:07.338  2247 20691 E ProcfsParsingUtils: 	at android.os.Looper.loopOnce(Looper.java:214)
03-09 20:41:07.338  2247 20691 E ProcfsParsingUtils: 	at android.os.Looper.loop(Looper.java:342)
03-09 20:41:07.338  2247 20691 E ProcfsParsingUtils: 	at android.os.HandlerThread.run(HandlerThread.java:85)
03-09 20:41:07.341  2267  2267 I EPDG -- SIM0 [EpdgIntfCont]: Not Mobile Interface. Ignoring Event
03-09 20:41:07.341  2267  2267 I EPDG -- SIM0 [EpdgIntfCont]: Not Mobile Interface. Ignoring Event
03-09 20:41:07.342  2267  2267 I EPDG -- SIM1 [EpdgIntfCont]: Not Mobile Interface. Ignoring Event
03-09 20:41:07.342  1022  1022 D WifiHAL : Setting APF program, halHandle = 0xb400007874b4a310
03-09 20:41:07.342  1022  1022 I WifiHAL : createRequest: APF set program request
03-09 20:41:07.342  2267  2267 I EPDG -- SIM1 [EpdgIntfCont]: Not Mobile Interface. Ignoring Event
03-09 20:41:07.354  1022  1022 I WifiHAL : Done!
03-09 20:41:07.392  2289  2902 I BtGatt.ScanHelper: onScanResult to scannerId: 5- eventType=0x1b, addressType=1, address=XX:XX:XX:XX:5F:FE, primaryPhy=1, secondaryPhy=0, advertisingSid=0xff, txPower=127, rssi=-43, periodicAdvInt=0x0
03-09 20:41:07.395  9130  9130 D PresenceDiscovery: SCAN_HIT addr=38:FB:20:1A:5F:FE rssi=-43 uuids=none
03-09 20:41:07.414  2289  2902 I BtGatt.ScanHelper: onScanResult to scannerId: 5- eventType=0x10, addressType=1, address=XX:XX:XX:XX:DF:57, primaryPhy=1, secondaryPhy=0, advertisingSid=0xff, txPower=127, rssi=-89, periodicAdvInt=0x0
03-09 20:41:07.416  9130  9130 D PresenceDiscovery: SCAN_HIT addr=44:3C:EA:A4:DF:57 rssi=-89 uuids=none
03-09 20:41:07.420  2289  2902 I BtGatt.ScanHelper: onScanResult to scannerId: 4- eventType=0x10, addressType=1, address=XX:XX:XX:XX:62:09, primaryPhy=1, secondaryPhy=0, advertisingSid=0xff, txPower=127, rssi=-43, periodicAdvInt=0x0
03-09 20:41:07.420  2289  2902 I BtGatt.ScanHelper: onScanResult to scannerId: 5- eventType=0x10, addressType=1, address=XX:XX:XX:XX:62:09, primaryPhy=1, secondaryPhy=0, advertisingSid=0xff, txPower=127, rssi=-43, periodicAdvInt=0x0
03-09 20:41:07.421  9130  9130 D PresenceDiscovery: SCAN_HIT addr=36:75:CA:E6:62:09 rssi=-43 uuids=none
03-09 20:41:07.434  2289  2902 I BtGatt.ScanHelper: onScanResult to scannerId: 4- eventType=0x10, addressType=1, address=XX:XX:XX:XX:F1:13, primaryPhy=1, secondaryPhy=0, advertisingSid=0xff, txPower=127, rssi=-49, periodicAdvInt=0x0
03-09 20:41:07.434  2289  2902 I BtGatt.ScanHelper: onScanResult to scannerId: 5- eventType=0x10, addressType=1, address=XX:XX:XX:XX:F1:13, primaryPhy=1, secondaryPhy=0, advertisingSid=0xff, txPower=127, rssi=-49, periodicAdvInt=0x0
03-09 20:41:07.437  9130  9130 D PresenceDiscovery: SCAN_HIT addr=6D:F7:9E:62:F1:13 rssi=-49 uuids=none
03-09 20:41:07.472  2289  2902 I BtGatt.ScanHelper: onScanResult to scannerId: 5- eventType=0x10, addressType=1, address=XX:XX:XX:XX:AD:80, primaryPhy=1, secondaryPhy=0, advertisingSid=0xff, txPower=127, rssi=-73, periodicAdvInt=0x0
03-09 20:41:07.473  9130  9130 D PresenceDiscovery: SCAN_HIT addr=C3:C0:97:E5:AD:80 rssi=-73 uuids=none
03-09 20:41:07.507  2289  2902 I BtGatt.ScanHelper: onScanResult to scannerId: 5- eventType=0x1b, addressType=1, address=XX:XX:XX:XX:5F:FE, primaryPhy=1, secondaryPhy=0, advertisingSid=0xff, txPower=127, rssi=-41, periodicAdvInt=0x0
03-09 20:41:07.510  9130  9130 D PresenceDiscovery: SCAN_HIT addr=38:FB:20:1A:5F:FE rssi=-41 uuids=none
03-09 20:41:07.554  2289  2902 I BtGatt.ScanHelper: onScanResult to scannerId: 4- eventType=0x10, addressType=1, address=XX:XX:XX:XX:F1:13, primaryPhy=1, secondaryPhy=0, advertisingSid=0xff, txPower=127, rssi=-48, periodicAdvInt=0x0
03-09 20:41:07.554  2289  2902 I BtGatt.ScanHelper: onScanResult to scannerId: 5- eventType=0x10, addressType=1, address=XX:XX:XX:XX:F1:13, primaryPhy=1, secondaryPhy=0, advertisingSid=0xff, txPower=127, rssi=-48, periodicAdvInt=0x0
03-09 20:41:07.555  2289  2902 I BtGatt.ScanHelper: onScanResult to scannerId: 5- eventType=0x1a, addressType=0, address=XX:XX:XX:XX:AE:33, primaryPhy=1, secondaryPhy=0, advertisingSid=0xff, txPower=127, rssi=-84, periodicAdvInt=0x0
03-09 20:41:07.557  9130  9130 D PresenceDiscovery: SCAN_HIT addr=6D:F7:9E:62:F1:13 rssi=-48 uuids=none
03-09 20:41:07.560  9130  9130 D PresenceDiscovery: SCAN_HIT addr=D4:8D:26:03:AE:33 rssi=-84 uuids=0000feb9-0000-1000-8000-00805f9b34fb
03-09 20:41:07.581  2289  2902 I BtGatt.ScanHelper: onScanResult to scannerId: 5- eventType=0x10, addressType=0, address=XX:XX:XX:XX:BB:F0, primaryPhy=1, secondaryPhy=0, advertisingSid=0xff, txPower=127, rssi=-85, periodicAdvInt=0x0
03-09 20:41:07.583  9130  9130 D PresenceDiscovery: SCAN_HIT addr=BC:10:2F:07:BB:F0 rssi=-85 uuids=none
03-09 20:41:07.629  2289  2902 I BtGatt.ScanHelper: onScanResult to scannerId: 5- eventType=0x1b, addressType=1, address=XX:XX:XX:XX:5F:FE, primaryPhy=1, secondaryPhy=0, advertisingSid=0xff, txPower=127, rssi=-42, periodicAdvInt=0x0
03-09 20:41:07.632  9130  9130 D PresenceDiscovery: SCAN_HIT addr=38:FB:20:1A:5F:FE rssi=-42 uuids=none
03-09 20:41:07.662  2289  2902 I BtGatt.ScanHelper: onScanResult to scannerId: 4- eventType=0x10, addressType=1, address=XX:XX:XX:XX:F1:13, primaryPhy=1, secondaryPhy=0, advertisingSid=0xff, txPower=127, rssi=-49, periodicAdvInt=0x0
03-09 20:41:07.662  2289  2902 I BtGatt.ScanHelper: onScanResult to scannerId: 5- eventType=0x10, addressType=1, address=XX:XX:XX:XX:F1:13, primaryPhy=1, secondaryPhy=0, advertisingSid=0xff, txPower=127, rssi=-49, periodicAdvInt=0x0
03-09 20:41:07.664  9130  9130 D PresenceDiscovery: SCAN_HIT addr=6D:F7:9E:62:F1:13 rssi=-49 uuids=none
03-09 20:41:07.753  2289  2902 I BtGatt.ScanHelper: onScanResult to scannerId: 5- eventType=0x1b, addressType=1, address=XX:XX:XX:XX:5F:FE, primaryPhy=1, secondaryPhy=0, advertisingSid=0xff, txPower=127, rssi=-43, periodicAdvInt=0x0
03-09 20:41:07.756  9130  9130 D PresenceDiscovery: SCAN_HIT addr=38:FB:20:1A:5F:FE rssi=-43 uuids=none
03-09 20:41:07.781  2289  2902 I BtGatt.ScanHelper: onScanResult to scannerId: 4- eventType=0x10, addressType=1, address=XX:XX:XX:XX:F1:13, primaryPhy=1, secondaryPhy=0, advertisingSid=0xff, txPower=127, rssi=-50, periodicAdvInt=0x0
03-09 20:41:07.781  2289  2902 I BtGatt.ScanHelper: onScanResult to scannerId: 5- eventType=0x10, addressType=1, address=XX:XX:XX:XX:F1:13, primaryPhy=1, secondaryPhy=0, advertisingSid=0xff, txPower=127, rssi=-50, periodicAdvInt=0x0
03-09 20:41:07.783  9130  9130 D PresenceDiscovery: SCAN_HIT addr=6D:F7:9E:62:F1:13 rssi=-50 uuids=none
03-09 20:41:07.788  2289  2902 I BtGatt.ScanHelper: onScanResult to scannerId: 5- eventType=0x10, addressType=1, address=XX:XX:XX:XX:DF:57, primaryPhy=1, secondaryPhy=0, advertisingSid=0xff, txPower=127, rssi=-85, periodicAdvInt=0x0
03-09 20:41:07.789  9130  9130 D PresenceDiscovery: SCAN_HIT addr=44:3C:EA:A4:DF:57 rssi=-85 uuids=none
03-09 20:41:07.793  8682  8687 I artd    : GetBestInfo: dm (/data/app/~~ixcjOMRC7nsOasJhzVEuiw==/com.paypal.android.p2pmobile-mKi_X6WwqwqWNV9AKao2LA==/base.dm) is kOatUpToDate with filter 'verify' executable 'false'
03-09 20:41:07.820  8682  8687 I artd    : GetBestInfo: dm (/data/app/~~ixcjOMRC7nsOasJhzVEuiw==/com.paypal.android.p2pmobile-mKi_X6WwqwqWNV9AKao2LA==/split_facialcapture.dm) is kOatUpToDate with filter 'verify' executable 'false'
03-09 20:41:07.826  1501  2064 I Pageboost: IoRecord pid : 9130
03-09 20:41:07.830  1501  2064 I Pageboost: IoRecord pid : 9130, result_size : 13502
03-09 20:41:07.833  1501  2064 I Pageboost: db create : CREATE TABLE IF NOT EXISTS compresenceprotocolappserver (FILENAME TEXT, OFFSET INTEGER, SIZE INTEGER, FORVRAMDISK INTEGER, BITMAP BLOB, unique (FILENAME, OFFSET) );
03-09 20:41:07.837  1501  2064 I Pageboost: db create : CREATE TABLE IF NOT EXISTS compresenceprotocolappserver (FILENAME TEXT, OFFSET INTEGER, SIZE INTEGER, FORVRAMDISK INTEGER, BITMAP BLOB, unique (FILENAME, OFFSET) );
03-09 20:41:07.838  1501  2064 I Pageboost: db insert start
03-09 20:41:07.839  8682  8687 I artd    : GetBestInfo: odex next to the dex file (/data/app/~~NxsjWLdM-bu9V5Go9paBWA==/ai.chat.app-VZuO0NvRtfza7CX1KSsWuQ==/oat/arm64/base.odex) is kOatUpToDate with filter 'speed-profile' executable 'false'
03-09 20:41:07.841 21708 21708 W Finsky  : [2] STU: Failed to get storage stats for package 'com.samsung.android.spqr' (1601: Error getting stats: android.content.pm.PackageManager.NameNotFoundException)
03-09 20:41:07.842 21708 21708 W Finsky  : [2] STU: Failed to get storage stats for package 'com.google.android.conscrypt' (1601: Error getting stats: android.content.pm.PackageManager.NameNotFoundException)
03-09 20:41:07.845  1501  2064 I Pageboost: db insert done, overLimit false
03-09 20:41:07.845  1501  2064 I Pageboost: captureFinished success : 16044032
03-09 20:41:07.847  1501  2064 I Pageboost: db update :com.presenceprotocol.app.server ret 1
03-09 20:41:07.847  8682  8687 I artd    : GetBestInfo: odex next to the dex file (/data/app/~~13sNByPGtJ1bwE1-TOS33g==/com.google.android.apps.tachyon-WeEvWTULfqPc8r_G-ZOnAg==/oat/arm64/base.odex) is kOatUpToDate with filter 'speed-profile' executable 'false'
