03-09 20:40:58.414  2605  2605 I HoneySpace.PageIndicatorViewModel: updateTargetPage 3
03-09 20:40:58.414  1501  1501 I SemDvfsHyPerManager: acquire hyper - SMOOTH_SCROLL/1501@23, type = -999
03-09 20:40:58.415  2605  2605 I HoneySpace.PageIndicatorViewModel: updateCurrentPage 3
03-09 20:40:58.415  1501  1501 I SemDvfsHyPerManager: acquire hyper - GESTURE_DETECTED/1501@27, type = -999
03-09 20:40:58.415  2605  2605 I HoneySpace.PageIndicatorViewModel: updateCurrentPage: 3, forSync = 3
03-09 20:40:58.415  1030  1081 I HYPER-HAL: [RequestManager.cpp]acquire(): Acquired ID : 1168183  [1501 / 27]    HINT : GESTURE_DETECTED    list : [TIMEOUT / 2989] 
03-09 20:40:58.415  2605  2605 I HoneySpace.ApplistFastRecyclerView: Touch Pos(ApplistFastRecyclerView) : D-(570, 188811396)-D-(570, 188811397)-M-(421, 188811434)-S--M-(97.12109, 188811451)-M-(94.921875, 188811455)-U-(94, 188811456)-End
03-09 20:40:58.415  1030  1081 I HYPER-HAL: [ResourceManager.cpp]updateResource(): [CPUMinFreq] UpdateResource Request ID : 1168183    Value : 1248000
03-09 20:40:58.415  2605  2605 I HoneySpace.ApplistFastRecyclerView: resetTouchState
03-09 20:40:58.415  1030  1081 I HYPER-HAL: [RequestManager.cpp]acquire(): Acquired ID : 1162073  [1501 / 23]    HINT : SMOOTH_SCROLL    list : 
03-09 20:40:58.415  2605  2690 I HoneySpace.SALoggingUtils: SA Logging screenID: 201 eventId: 1504 detail: {} value: 0
03-09 20:40:58.415  1030  1081 I HYPER-HAL: [ResourceManager.cpp]updateResource(): [CPUMinFreq] UpdateResource Request ID : 1162073    Value : 1352000
03-09 20:40:58.416  1030  1081 I HYPER-HAL: [ResourceManager.cpp]removeResource(): [CPUMinFreq] RemoveResource Request ID : 1162073
03-09 20:40:58.417  1030  1081 I HYPER-HAL: [RequestManager.cpp]releaseLocked(): Released ID : 1162073
03-09 20:40:58.417  1030  1081 I HYPER-HAL: [RequestManager.cpp]acquire(): Acquired ID : 1168183  [1501 / 27]    HINT : GESTURE_DETECTED    list : [TIMEOUT / 2989] 
03-09 20:40:58.417  1030  1081 I HYPER-HAL: [ResourceManager.cpp]updateResource(): [CPUMinFreq] UpdateResource Request ID : 1168183    Value : 1248000
03-09 20:40:58.426  2605  2605 I HoneySpace.PageIndicatorView: change current page : 3, com.honeyspace.ui.common.pageindicator.PageIndicatorView{9357ff3 V.E...... .......D 0,1539-720,1600 #7f0a0093 app:id/applist_page_indicator}
03-09 20:40:58.426  2605  2605 I HoneySpace.PageIndicatorView: setActiveMarker : 3
03-09 20:40:58.426  2605  2605 I HoneySpace.PageIndicatorView: markers.size = 12
03-09 20:40:58.433  1501  1766 E JobScheduler.Background: Couldn't determine stopped state for unknown package: com.samsung.android.sm.policy
03-09 20:40:58.435  8590  8590 W SmApplication: onTrimMemory : 40
03-09 20:40:58.439  8590  8590 I DC.AppIconCache: clear icon cache
03-09 20:40:58.510  2605  2605 I HoneySpace.DvfsManager: releasePageSwipe takenTime: 117
03-09 20:40:58.511  1030  1081 I HYPER-HAL: [RequestManager.cpp]releaseLocked(): Released ID : 3402139
03-09 20:40:58.526  2605  2605 I HoneySpace.ApplistFastRecyclerView: updateCellLayoutAlpha() showAll: false
03-09 20:40:58.526  2605  2605 I HoneySpace.ApplistFastRecyclerView: Scroll Pos(ApplistFastRecyclerView) : (1535, 188811434)-(1858, 188811451)-(1861, 188811455)-(1965, 188811467)-(2045, 188811484)-(2072, 188811501)-(2078, 188811517)-(2079, 188811534)-End
03-09 20:40:58.638  1501  1811 D InputReader: Btn_touch(9): value=1 when=188811.680086
03-09 20:40:58.638  1501  1811 I InputReader: Touch event's action is 0x0 (id=6, t=0) [pCnt=1, s=0.2941 ] when=188811.680086
03-09 20:40:58.639  1501  1810 I InputDispatcher: Delivering touch to (2090): action: 0x4, f=0x0, d=0, '226afb ', t=1 
03-09 20:40:58.639  1501  1810 I InputDispatcher: Delivering touch to (2605): action: 0x0, f=0x0, d=0, '56bf206', t=1 *(0.50)
03-09 20:40:58.639  1501  1585 I GestureDetector: obtain mCurrentDownEvent. id: 1038235150 caller: com.android.server.wm.SystemGesturesPointerEventListener.onPointerEvent:17 com.android.server.wm.PointerEventDispatcher.onInputEvent:51 android.view.InputEventReceiver.dispatchInputEvent:385 
03-09 20:40:58.639  1501  1585 I GestureDetector: obtain mCurrentDownEvent. id: 1038235150 caller: com.android.server.wm.SystemPerformancePointerEventListener.onPointerEvent:13 com.android.server.wm.PointerEventDispatcher.onInputEvent:51 android.view.InputEventReceiver.dispatchInputEvent:385 
03-09 20:40:58.639  2605  2605 I VRI[LauncherActivity]@a46cb51: ViewPostIme pointer 0
03-09 20:40:58.640  2605  2605 I HoneySpace.AppscreenContainerView: findActiveTouchController ev = 0
03-09 20:40:58.640  2605  2605 I HoneySpace.AppscreenHomeTouchController: onControllerInterceptTouchEvent ev = 0
03-09 20:40:58.640  2605  2605 I HoneySpace.AppscreenHomeTouchController: canIntercept = true
03-09 20:40:58.640  2605  2605 I HoneySpace.ApplistFastRecyclerView: dispatchTouchEvent() event.action=0
03-09 20:40:58.640  2605  2605 I HoneySpace.ApplistFastRecyclerView: processDownMotionEvent, index = 0, id = 0
03-09 20:40:58.640  2605  2605 I HoneySpace.ApplistFastRecyclerView: initTouchPoint, index = 0, id = 0
03-09 20:40:58.640  2605  2605 I HoneySpace.ApplistFastRecyclerView: processDownMotionEvent, index = 0, id = 0
03-09 20:40:58.647  1501  1585 I GestureDetector: obtain mCurrentMotionEventRaw. action: 2 id: 322063104
03-09 20:40:58.647  1501  1585 I GestureDetector: obtain mCurrentMotionEventRaw. action: 2 id: 322063104
03-09 20:40:58.659  2605  2605 I HoneySpace.AppscreenContainerView: findActiveTouchController ev = 2
03-09 20:40:58.659  2605  2605 I HoneySpace.AppscreenHomeTouchController: onControllerInterceptTouchEvent ev = 2
03-09 20:40:58.659  2605  2605 I HoneySpace.ApplistFastRecyclerView: updateIsBeingDraggedOnTouchDown touchSlop:18, diff:20, moved:true, useLongTouchSlop:false
03-09 20:40:58.659  2605  2605 I HoneySpace.ApplistFastRecyclerView: startScroll
03-09 20:40:58.659  2605  2605 I HoneySpace.ApplistFastRecyclerView: updateCellLayoutAlpha() showAll: true
03-09 20:40:58.659  2605  2605 I HoneySpace.DvfsManager: boostPageSwipe takenTime: 1773042058659
03-09 20:40:58.659  2605  2605 I SemDvfsHyPerManager: acquire hyper - LAUNCHER_TOUCH/2605@3, type = -999
03-09 20:40:58.659  1030  1081 I HYPER-HAL: [RequestManager.cpp]acquire(): Acquired ID : 3402139  [2605 / 3]    HINT : LAUNCHER_TOUCH    list : [TIMEOUT / 10000] 
03-09 20:40:58.713  1501  1811 D InputReader: Btn_touch(9): value=0 when=188811.754980
03-09 20:40:58.713  1501  1811 I InputReader: Touch event's action is 0x1 (id=6, t=0) [pCnt=1, s=] when=188811.754980
03-09 20:40:58.713  1501  1810 I InputDispatcher: Delivering touch to (2605): action: 0x1, f=0x0, d=0, '56bf206', t=1 *(0.50)
03-09 20:40:58.713  2605  2605 I VRI[LauncherActivity]@a46cb51: ViewPostIme pointer 1
03-09 20:40:58.713  2605  2605 I HoneySpace.ApplistFastRecyclerView: resetPageAndTouchState MotionEvent { action=ACTION_UP, actionButton=0, id[0]=0, x[0]=153.28125, y[0]=1200.7812, toolType[0]=TOOL_TYPE_FINGER, buttonState=0, classification=NONE, metaState=0, flags=0x0, edgeFlags=0x0, pointerCount=1, historySize=0, eventTime=188811754, downTime=188811680, deviceId=6, source=0x1002, displayId=0, eventId=581994875 }
03-09 20:40:58.713  2605  2605 I HoneySpace.ApplistFastRecyclerView: snapToPageForLooping() velocityX: -14979, isSignificantMove: true, isFling: true, isDeltaXLeft: true, isVelocityXLeft: true, supportInfiniteLoop: false, currentPage: 3, childCount: 12, visibleCount: 1
03-09 20:40:58.713  2605  2605 I HoneySpace.ApplistFastRecyclerView: getSnapToFinalPage() currentPage: 3, getNextPage(): 3, scrollDelta: 1
03-09 20:40:58.713  2605  2605 I HoneySpace.ApplistFastRecyclerView: snapToPage() currentPage: 3, toPage: 4
03-09 20:40:58.714  2605  2605 I HoneySpace.PageIndicatorViewModel: updateTargetPage 4
03-09 20:40:58.714  2605  2605 I HoneySpace.PageIndicatorViewModel: updateCurrentPage 4
03-09 20:40:58.714  2605  2605 I HoneySpace.PageIndicatorViewModel: updateCurrentPage: 4, forSync = 4
03-09 20:40:58.714  2605  2605 I HoneySpace.ApplistFastRecyclerView: Touch Pos(ApplistFastRecyclerView) : D-(621, 188811681)-D-(621, 188811681)-M-(600, 188811700)-S--M-(522.0, 188811717)-M-(381.70898, 188811734)-M-(154.51855, 188811750)-M-(153.28125, 188811755)-U-(153, 188811755)-End
03-09 20:40:58.714  2605  2605 I HoneySpace.ApplistFastRecyclerView: resetTouchState
03-09 20:40:58.714  2605  2690 I HoneySpace.SALoggingUtils: SA Logging screenID: 201 eventId: 1504 detail: {} value: 0
03-09 20:40:58.714  1501  1501 I SemDvfsHyPerManager: acquire hyper - SMOOTH_SCROLL/1501@23, type = -999
03-09 20:40:58.714  1501  1501 I SemDvfsHyPerManager: acquire hyper - GESTURE_DETECTED/1501@27, type = -999
03-09 20:40:58.714  1501  1501 I SemDvfsHyPerManager: acquire hyper - GESTURE_DETECTED/1501@27, type = -999
03-09 20:40:58.714  1030  1081 I HYPER-HAL: [RequestManager.cpp]acquire(): Acquired ID : 1162073  [1501 / 23]    HINT : SMOOTH_SCROLL    list : 
03-09 20:40:58.715  1030  1081 I HYPER-HAL: [ResourceManager.cpp]updateResource(): [CPUMinFreq] UpdateResource Request ID : 1162073    Value : 1352000
03-09 20:40:58.715  1030  1081 I HYPER-HAL: [RequestManager.cpp]acquire(): Acquired ID : 1168183  [1501 / 27]    HINT : GESTURE_DETECTED    list : [TIMEOUT / 2659] 
03-09 20:40:58.715  1030  1081 I HYPER-HAL: [ResourceManager.cpp]updateResource(): [CPUMinFreq] UpdateResource Request ID : 1168183    Value : 1248000
03-09 20:40:58.715  1030  1081 I HYPER-HAL: [ResourceManager.cpp]removeResource(): [CPUMinFreq] RemoveResource Request ID : 1162073
03-09 20:40:58.715  1030  1081 I HYPER-HAL: [RequestManager.cpp]releaseLocked(): Released ID : 1162073
03-09 20:40:58.715  1030  1081 I HYPER-HAL: [RequestManager.cpp]acquire(): Acquired ID : 1168183  [1501 / 27]    HINT : GESTURE_DETECTED    list : [TIMEOUT / 2659] 
03-09 20:40:58.715  1030  1081 I HYPER-HAL: [ResourceManager.cpp]updateResource(): [CPUMinFreq] UpdateResource Request ID : 1168183    Value : 1248000
03-09 20:40:58.726  2605  2605 I HoneySpace.PageIndicatorView: change current page : 4, com.honeyspace.ui.common.pageindicator.PageIndicatorView{9357ff3 V.E...... .......D 0,1539-720,1600 #7f0a0093 app:id/applist_page_indicator}
03-09 20:40:58.726  2605  2605 I HoneySpace.PageIndicatorView: setActiveMarker : 4
03-09 20:40:58.726  2605  2605 I HoneySpace.PageIndicatorView: markers.size = 12
03-09 20:40:58.788  9056  9056 I CalendarProvider$ContactsBirthdaySync: [ContactsBirthdaySyncAdapter] Contacts permission is granted. observer is registered
03-09 20:40:58.788  9056  9104 I CalendarProvider$ContactsBirthdaySync: [ContactsBirthdayUpdater] Init birthdayAlarmOffset
03-09 20:40:58.788  9056  9056 I CalendarProvider$CalendarProvider2: Started observing the contact sync.
03-09 20:40:58.788  9056  9104 I CalendarProvider$ContactsBirthdaySync: [ContactsBirthdayUpdater] Already birthdayAlarmOffset synced.
03-09 20:40:58.826  2605  2605 I HoneySpace.DvfsManager: releasePageSwipe takenTime: 167
03-09 20:40:58.827  2289  2902 I BtGatt.ScanHelper: onScanResult to scannerId: 4- eventType=0x10, addressType=1, address=XX:XX:XX:XX:90:D5, primaryPhy=1, secondaryPhy=0, advertisingSid=0xff, txPower=127, rssi=-43, periodicAdvInt=0x0
03-09 20:40:58.827  1030  1081 I HYPER-HAL: [RequestManager.cpp]releaseLocked(): Released ID : 3402139
03-09 20:40:58.843  2605  2605 I HoneySpace.ApplistFastRecyclerView: updateCellLayoutAlpha() showAll: false
03-09 20:40:58.843  2605  2605 I HoneySpace.ApplistFastRecyclerView: Scroll Pos(ApplistFastRecyclerView) : (2099, 188811700)-(2177, 188811717)-(2318, 188811734)-(2545, 188811750)-(2546, 188811755)-(2645, 188811767)-(2723, 188811784)-(2756, 188811800)-(2768, 188811817)-(2772, 188811834)-End
03-09 20:40:58.859  2289  2933 D BtGatt.ScanManager: configureRegularScanParams() - queue=4
03-09 20:40:58.921  1501  1811 D InputReader: Btn_touch(9): value=1 when=188811.963281
03-09 20:40:58.921  1501  1811 I InputReader: Touch event's action is 0x0 (id=6, t=0) [pCnt=1, s=0.2942 ] when=188811.963281
03-09 20:40:58.922  1501  1810 I InputDispatcher: Delivering touch to (2090): action: 0x4, f=0x0, d=0, '226afb ', t=1 
03-09 20:40:58.922  1501  1810 I InputDispatcher: Delivering touch to (2605): action: 0x0, f=0x0, d=0, '56bf206', t=1 *(0.50)
03-09 20:40:58.922  2605  2605 I VRI[LauncherActivity]@a46cb51: ViewPostIme pointer 0
03-09 20:40:58.922  2605  2605 I HoneySpace.AppscreenContainerView: findActiveTouchController ev = 0
03-09 20:40:58.922  2605  2605 I HoneySpace.AppscreenHomeTouchController: onControllerInterceptTouchEvent ev = 0
03-09 20:40:58.922  2605  2605 I HoneySpace.AppscreenHomeTouchController: canIntercept = true
03-09 20:40:58.922  2605  2605 I HoneySpace.ApplistFastRecyclerView: dispatchTouchEvent() event.action=0
03-09 20:40:58.922  2605  2605 I HoneySpace.ApplistFastRecyclerView: processDownMotionEvent, index = 0, id = 0
03-09 20:40:58.922  2605  2605 I HoneySpace.ApplistFastRecyclerView: initTouchPoint, index = 0, id = 0
03-09 20:40:58.922  2605  2605 I HoneySpace.ApplistFastRecyclerView: processDownMotionEvent, index = 0, id = 0
03-09 20:40:58.923  1501  1585 I GestureDetector: obtain mCurrentDownEvent. id: 998100193 caller: com.android.server.wm.SystemGesturesPointerEventListener.onPointerEvent:17 com.android.server.wm.PointerEventDispatcher.onInputEvent:51 android.view.InputEventReceiver.dispatchInputEvent:385 
03-09 20:40:58.923  1501  1585 I GestureDetector: obtain mCurrentDownEvent. id: 998100193 caller: com.android.server.wm.SystemPerformancePointerEventListener.onPointerEvent:13 com.android.server.wm.PointerEventDispatcher.onInputEvent:51 android.view.InputEventReceiver.dispatchInputEvent:385 
03-09 20:40:58.930  1501  1585 I GestureDetector: obtain mCurrentMotionEventRaw. action: 2 id: 151870137
03-09 20:40:58.930  1501  1585 I GestureDetector: obtain mCurrentMotionEventRaw. action: 2 id: 151870137
03-09 20:40:58.942  2605  2605 I HoneySpace.AppscreenContainerView: findActiveTouchController ev = 2
03-09 20:40:58.942  2605  2605 I HoneySpace.AppscreenHomeTouchController: onControllerInterceptTouchEvent ev = 2
03-09 20:40:58.942  2605  2605 I HoneySpace.ApplistFastRecyclerView: updateIsBeingDraggedOnTouchDown touchSlop:18, diff:22, moved:true, useLongTouchSlop:false
03-09 20:40:58.942  2605  2605 I HoneySpace.ApplistFastRecyclerView: startScroll
03-09 20:40:58.942  2605  2605 I HoneySpace.ApplistFastRecyclerView: updateCellLayoutAlpha() showAll: true
03-09 20:40:58.942  2605  2605 I HoneySpace.DvfsManager: boostPageSwipe takenTime: 1773042058942
03-09 20:40:58.942  2605  2605 I SemDvfsHyPerManager: acquire hyper - LAUNCHER_TOUCH/2605@3, type = -999
03-09 20:40:58.943  1030  1081 I HYPER-HAL: [RequestManager.cpp]acquire(): Acquired ID : 3402139  [2605 / 3]    HINT : LAUNCHER_TOUCH    list : [TIMEOUT / 10000] 
03-09 20:40:58.980  1501  1811 D InputReader: Btn_touch(9): value=0 when=188812.021510
03-09 20:40:58.980  1501  1811 I InputReader: Touch event's action is 0x1 (id=6, t=0) [pCnt=1, s=] when=188812.021510
03-09 20:40:58.980  1501  1810 I InputDispatcher: Delivering touch to (2605): action: 0x1, f=0x0, d=0, '56bf206', t=1 *(0.50)
03-09 20:40:58.980  2605  2605 I VRI[LauncherActivity]@a46cb51: ViewPostIme pointer 1
03-09 20:40:58.980  2605  2605 I HoneySpace.ApplistFastRecyclerView: resetPageAndTouchState MotionEvent { action=ACTION_UP, actionButton=0, id[0]=0, x[0]=190.01953, y[0]=1177.3438, toolType[0]=TOOL_TYPE_FINGER, buttonState=0, classification=NONE, metaState=0, flags=0x0, edgeFlags=0x0, pointerCount=1, historySize=0, eventTime=188812021, downTime=188811963, deviceId=6, source=0x1002, displayId=0, eventId=331816981 }
03-09 20:40:58.980  2605  2605 I HoneySpace.ApplistFastRecyclerView: snapToPageForLooping() velocityX: -14489, isSignificantMove: true, isFling: true, isDeltaXLeft: true, isVelocityXLeft: true, supportInfiniteLoop: false, currentPage: 4, childCount: 12, visibleCount: 1
03-09 20:40:58.980  2605  2605 I HoneySpace.ApplistFastRecyclerView: getSnapToFinalPage() currentPage: 4, getNextPage(): 4, scrollDelta: 1
03-09 20:40:58.980  2605  2605 I HoneySpace.ApplistFastRecyclerView: snapToPage() currentPage: 4, toPage: 5
03-09 20:40:58.980  2605  2605 I HoneySpace.PageIndicatorViewModel: updateTargetPage 5
03-09 20:40:58.980  2605  2605 I HoneySpace.PageIndicatorViewModel: updateCurrentPage 5
03-09 20:40:58.980  2605  2605 I HoneySpace.PageIndicatorViewModel: updateCurrentPage: 5, forSync = 5
03-09 20:40:58.980  2605  2605 I HoneySpace.ApplistFastRecyclerView: Touch Pos(ApplistFastRecyclerView) : D-(515, 188811964)-D-(515, 188811964)-M-(493, 188811984)-S--M-(399.7461, 188812000)-M-(191.33789, 188812017)-M-(190.01953, 188812021)-U-(190, 188812022)-End
03-09 20:40:58.980  1501  1501 I SemDvfsHyPerManager: acquire hyper - SMOOTH_SCROLL/1501@23, type = -999
03-09 20:40:58.980  2605  2605 I HoneySpace.ApplistFastRecyclerView: resetTouchState
03-09 20:40:58.980  1501  1501 I SemDvfsHyPerManager: acquire hyper - GESTURE_DETECTED/1501@27, type = -999
03-09 20:40:58.980  2605  2690 I HoneySpace.SALoggingUtils: SA Logging screenID: 201 eventId: 1504 detail: {} value: 0
03-09 20:40:58.980  1501  1501 I SemDvfsHyPerManager: acquire hyper - GESTURE_DETECTED/1501@27, type = -999
03-09 20:40:58.980  1030  1081 I HYPER-HAL: [RequestManager.cpp]acquire(): Acquired ID : 1162073  [1501 / 23]    HINT : SMOOTH_SCROLL    list : 
03-09 20:40:58.981  1030  1081 I HYPER-HAL: [ResourceManager.cpp]updateResource(): [CPUMinFreq] UpdateResource Request ID : 1162073    Value : 1352000
03-09 20:40:58.981  1030  1081 I HYPER-HAL: [RequestManager.cpp]acquire(): Acquired ID : 1168183  [1501 / 27]    HINT : GESTURE_DETECTED    list : [TIMEOUT / 2614] 
03-09 20:40:58.981  1030  1081 I HYPER-HAL: [ResourceManager.cpp]updateResource(): [CPUMinFreq] UpdateResource Request ID : 1168183    Value : 1248000
03-09 20:40:58.981  1030  1081 I HYPER-HAL: [ResourceManager.cpp]removeResource(): [CPUMinFreq] RemoveResource Request ID : 1162073
03-09 20:40:58.981  1030  1081 I HYPER-HAL: [RequestManager.cpp]releaseLocked(): Released ID : 1162073
03-09 20:40:58.981  1030  1081 I HYPER-HAL: [RequestManager.cpp]acquire(): Acquired ID : 1168183  [1501 / 27]    HINT : GESTURE_DETECTED    list : [TIMEOUT / 2614] 
03-09 20:40:58.981  1030  1081 I HYPER-HAL: [ResourceManager.cpp]updateResource(): [CPUMinFreq] UpdateResource Request ID : 1168183    Value : 1248000
03-09 20:40:58.992  2605  2605 I HoneySpace.PageIndicatorView: change current page : 5, com.honeyspace.ui.common.pageindicator.PageIndicatorView{9357ff3 V.E...... .......D 0,1539-720,1600 #7f0a0093 app:id/applist_page_indicator}
03-09 20:40:58.992  2605  2605 I HoneySpace.PageIndicatorView: setActiveMarker : 5
03-09 20:40:58.992  2605  2605 I HoneySpace.PageIndicatorView: markers.size = 12
03-09 20:40:59.110  2605  2605 I HoneySpace.DvfsManager: releasePageSwipe takenTime: 168
03-09 20:40:59.111  1030  1081 I HYPER-HAL: [RequestManager.cpp]releaseLocked(): Released ID : 3402139
03-09 20:40:59.126  2605  2605 I HoneySpace.ApplistFastRecyclerView: updateCellLayoutAlpha() showAll: false
03-09 20:40:59.126  2605  2605 I HoneySpace.ApplistFastRecyclerView: Scroll Pos(ApplistFastRecyclerView) : (2794, 188811984)-(2887, 188812000)-(3096, 188812017)-(3097, 188812021)-(3243, 188812034)-(3361, 188812050)-(3425, 188812067)-(3452, 188812083)-(3462, 188812100)-(3465, 188812117)-End
03-09 20:40:59.141  1030  9036 I HYPER-HAL: [RequestManager.cpp]releaseLocked(): Released ID : 2262001
03-09 20:40:59.230  1501  1811 D InputReader: Btn_touch(9): value=1 when=188812.271575
03-09 20:40:59.230  1501  1811 I InputReader: Touch event's action is 0x0 (id=6, t=0) [pCnt=1, s=0.2943 ] when=188812.271575
03-09 20:40:59.230  1501  1810 I InputDispatcher: Delivering touch to (2090): action: 0x4, f=0x0, d=0, '226afb ', t=1 
03-09 20:40:59.230  1501  1810 I InputDispatcher: Delivering touch to (2605): action: 0x0, f=0x0, d=0, '56bf206', t=1 *(0.50)
03-09 20:40:59.231  2605  2605 I VRI[LauncherActivity]@a46cb51: ViewPostIme pointer 0
03-09 20:40:59.231  1501  1810 D PowerManagerService: [api] userActivityFromNative : touch displayId=0 eventTime=188812271
03-09 20:40:59.231  2605  2605 I HoneySpace.AppscreenContainerView: findActiveTouchController ev = 0
03-09 20:40:59.231  2605  2605 I HoneySpace.AppscreenHomeTouchController: onControllerInterceptTouchEvent ev = 0
03-09 20:40:59.231  2605  2605 I HoneySpace.AppscreenHomeTouchController: canIntercept = true
03-09 20:40:59.231  2605  2605 I HoneySpace.ApplistFastRecyclerView: dispatchTouchEvent() event.action=0
03-09 20:40:59.231  1501  1585 I GestureDetector: obtain mCurrentDownEvent. id: 205258167 caller: com.android.server.wm.SystemGesturesPointerEventListener.onPointerEvent:17 com.android.server.wm.PointerEventDispatcher.onInputEvent:51 android.view.InputEventReceiver.dispatchInputEvent:385 
03-09 20:40:59.231  2605  2605 I HoneySpace.ApplistFastRecyclerView: processDownMotionEvent, index = 0, id = 0
03-09 20:40:59.231  2605  2605 I HoneySpace.ApplistFastRecyclerView: initTouchPoint, index = 0, id = 0
03-09 20:40:59.232  1501  1585 I GestureDetector: obtain mCurrentDownEvent. id: 205258167 caller: com.android.server.wm.SystemPerformancePointerEventListener.onPointerEvent:13 com.android.server.wm.PointerEventDispatcher.onInputEvent:51 android.view.InputEventReceiver.dispatchInputEvent:385 
03-09 20:40:59.232  2605  2605 I HoneySpace.ApplistFastRecyclerView: processDownMotionEvent, index = 0, id = 0
03-09 20:40:59.235  1501  5729 D CompatChangeReporter: Compat change id reported: 311402873; UID 10198; state: ENABLED
03-09 20:40:59.235  1501  5729 D CompatChangeReporter: Compat change id reported: 323349338; UID 10198; state: ENABLED
03-09 20:40:59.237  9038  9038 I SamsungCalendar$DeviceIdHelper: initOAID
03-09 20:40:59.238  9038  9038 I SamsungCalendar$DeviceIdHelper: it is not china mcc or deviceidservice is not installed
03-09 20:40:59.239  1501  1585 I GestureDetector: obtain mCurrentMotionEventRaw. action: 2 id: 727995903
03-09 20:40:59.239  1501  1585 I GestureDetector: obtain mCurrentMotionEventRaw. action: 2 id: 727995903
03-09 20:40:59.245  9038  9107 I SamsungAnalytics605079: Tracker start:6.05.079
03-09 20:40:59.249  9038  9108 I SamsungAnalytics605079: register setting status
03-09 20:40:59.251  9038  9107 I DIAGMON_SDK[605079]: DiagMonAgent type: 2
03-09 20:40:59.251  9038  9107 I DIAGMON_SDK[605079][cfk7symzua] : generated SR object
03-09 20:40:59.259  2605  2605 I HoneySpace.AppscreenContainerView: findActiveTouchController ev = 2
03-09 20:40:59.259  2605  2605 I HoneySpace.AppscreenHomeTouchController: onControllerInterceptTouchEvent ev = 2
03-09 20:40:59.259  2605  2605 I HoneySpace.ApplistFastRecyclerView: updateIsBeingDraggedOnTouchDown touchSlop:18, diff:83, moved:true, useLongTouchSlop:false
03-09 20:40:59.259  2605  2605 I HoneySpace.ApplistFastRecyclerView: startScroll
03-09 20:40:59.259  2605  2605 I HoneySpace.ApplistFastRecyclerView: updateCellLayoutAlpha() showAll: true
03-09 20:40:59.259  2605  2605 I HoneySpace.DvfsManager: boostPageSwipe takenTime: 1773042059259
03-09 20:40:59.259  2605  2605 I SemDvfsHyPerManager: acquire hyper - LAUNCHER_TOUCH/2605@3, type = -999
03-09 20:40:59.260  1030  1081 I HYPER-HAL: [RequestManager.cpp]acquire(): Acquired ID : 3402139  [2605 / 3]    HINT : LAUNCHER_TOUCH    list : [TIMEOUT / 10000] 
03-09 20:40:59.285   674   674 D io_stats: !@   8,0 r 6850225 153121148 w 4897890 51949544 d 1172285 196070248 f 0 0 iot 3575664 0 th 0 0 0 pt 0 inp 0 0 188812.326
03-09 20:40:59.288  1501  1811 D InputReader: Btn_touch(9): value=0 when=188812.329787
03-09 20:40:59.288  1501  1811 I InputReader: Touch event's action is 0x1 (id=6, t=0) [pCnt=1, s=] when=188812.329787
03-09 20:40:59.288  1501  1810 I InputDispatcher: Delivering touch to (2605): action: 0x1, f=0x0, d=0, '56bf206', t=1 *(0.50)
03-09 20:40:59.289  2605  2605 I VRI[LauncherActivity]@a46cb51: ViewPostIme pointer 1
03-09 20:40:59.289  2605  2605 I HoneySpace.ApplistFastRecyclerView: resetPageAndTouchState MotionEvent { action=ACTION_UP, actionButton=0, id[0]=0, x[0]=298.47656, y[0]=1155.8594, toolType[0]=TOOL_TYPE_FINGER, buttonState=0, classification=NONE, metaState=0, flags=0x0, edgeFlags=0x0, pointerCount=1, historySize=0, eventTime=188812329, downTime=188812271, deviceId=6, source=0x1002, displayId=0, eventId=770886650 }
03-09 20:40:59.289  2605  2605 I HoneySpace.ApplistFastRecyclerView: snapToPageForLooping() velocityX: -15864, isSignificantMove: true, isFling: true, isDeltaXLeft: true, isVelocityXLeft: true, supportInfiniteLoop: false, currentPage: 5, childCount: 12, visibleCount: 1
03-09 20:40:59.289  2605  2605 I HoneySpace.ApplistFastRecyclerView: getSnapToFinalPage() currentPage: 5, getNextPage(): 5, scrollDelta: 1
03-09 20:40:59.289  2605  2605 I HoneySpace.ApplistFastRecyclerView: snapToPage() currentPage: 5, toPage: 6
03-09 20:40:59.289  2605  2605 I HoneySpace.PageIndicatorViewModel: updateTargetPage 6
03-09 20:40:59.289  2605  2605 I HoneySpace.PageIndicatorViewModel: updateCurrentPage 6
03-09 20:40:59.289  2605  2605 I HoneySpace.PageIndicatorViewModel: updateCurrentPage: 6, forSync = 6
03-09 20:40:59.289  2605  2605 I HoneySpace.ApplistFastRecyclerView: Touch Pos(ApplistFastRecyclerView) : D-(676, 188812273)-D-(676, 188812273)-M-(592, 188812300)-S--M-(446.24512, 188812317)-M-(298.47656, 188812330)-U-(298, 188812331)-End
03-09 20:40:59.289  2605  2605 I HoneySpace.ApplistFastRecyclerView: resetTouchState
03-09 20:40:59.289  2605  2690 I HoneySpace.SALoggingUtils: SA Logging screenID: 201 eventId: 1504 detail: {} value: 0
03-09 20:40:59.290  1501  1501 I SemDvfsHyPerManager: acquire hyper - SMOOTH_SCROLL/1501@23, type = -999
03-09 20:40:59.291  1030  1081 I HYPER-HAL: [RequestManager.cpp]acquire(): Acquired ID : 1162073  [1501 / 23]    HINT : SMOOTH_SCROLL    list : 
03-09 20:40:59.291  1501  1501 I SemDvfsHyPerManager: acquire hyper - GESTURE_DETECTED/1501@27, type = -999
03-09 20:40:59.291  1501  1501 I SemDvfsHyPerManager: acquire hyper - GESTURE_DETECTED/1501@27, type = -999
03-09 20:40:59.291  1030  1081 I HYPER-HAL: [ResourceManager.cpp]updateResource(): [CPUMinFreq] UpdateResource Request ID : 1162073    Value : 1352000
03-09 20:40:59.291  1030  1081 I HYPER-HAL: [ResourceManager.cpp]removeResource(): [CPUMinFreq] RemoveResource Request ID : 1162073
03-09 20:40:59.292  1030  1081 I HYPER-HAL: [RequestManager.cpp]releaseLocked(): Released ID : 1162073
03-09 20:40:59.292  1030  1081 I HYPER-HAL: [RequestManager.cpp]acquire(): Acquired ID : 1168183  [1501 / 27]    HINT : GESTURE_DETECTED    list : [TIMEOUT / 2748] 
03-09 20:40:59.292  1030  1081 I HYPER-HAL: [ResourceManager.cpp]updateResource(): [CPUMinFreq] UpdateResource Request ID : 1168183    Value : 1248000
03-09 20:40:59.292  1030  1081 I HYPER-HAL: [RequestManager.cpp]acquire(): Acquired ID : 1168183  [1501 / 27]    HINT : GESTURE_DETECTED    list : [TIMEOUT / 2748] 
03-09 20:40:59.292  1030  1081 I HYPER-HAL: [ResourceManager.cpp]updateResource(): [CPUMinFreq] UpdateResource Request ID : 1168183    Value : 1248000
03-09 20:40:59.292  2605  2605 I HoneySpace.PageIndicatorView: change current page : 6, com.honeyspace.ui.common.pageindicator.PageIndicatorView{9357ff3 V.E...... .......D 0,1539-720,1600 #7f0a0093 app:id/applist_page_indicator}
03-09 20:40:59.292  2605  2605 I HoneySpace.PageIndicatorView: setActiveMarker : 6
03-09 20:40:59.292  2605  2605 I HoneySpace.PageIndicatorView: markers.size = 12
03-09 20:40:59.345  2247 20691 D IpClient/wlan0: addressUpdated: 2401:7000:531c:2201:8074:e3ff:fe87:55e3/64 on ifindex 23 flags 0x00000100 scope 0
03-09 20:40:59.346  2247 20691 D IpClient/wlan0: addressUpdated: 2401:7000:531c:2201:18b2:1023:c2a0:66e9/64 on ifindex 23 flags 0x00000001 scope 0
03-09 20:40:59.346  2247 20691 W AlarmManager: Unrecognized alarm listener com.android.networkstack.android.net.ip.IpClientLinkObserver$Dhcp6PdPreferredPrefixAlarmListener@a83426b
03-09 20:40:59.346  2247 20691 D ApfFilter: (wlan0): Adding RA fe80::42ae:30ff:fe96:8fbf -> ff02::1 30s 2401:7000:531c:2201::/64 901s/900s RIO 30s 2401:7000:531c:2200::/56 
03-09 20:40:59.347  2247 20691 E ProcfsParsingUtils: failed to read /sys/class/net/wlan0/mtu
03-09 20:40:59.347  2247 20691 E ProcfsParsingUtils: java.nio.file.AccessDeniedException: /sys/class/net/wlan0/mtu
03-09 20:40:59.347  2247 20691 E ProcfsParsingUtils: 	at sun.nio.fs.UnixFileSystemProvider.newByteChannel(UnixFileSystemProvider.java:220)
03-09 20:40:59.347  2247 20691 E ProcfsParsingUtils: 	at java.nio.file.Files.newByteChannel(Files.java:371)
03-09 20:40:59.347  2247 20691 E ProcfsParsingUtils: 	at java.nio.file.Files.newByteChannel(Files.java:422)
03-09 20:40:59.347  2247 20691 E ProcfsParsingUtils: 	at java.nio.file.spi.FileSystemProvider.newInputStream(FileSystemProvider.java:420)
03-09 20:40:59.347  2247 20691 E ProcfsParsingUtils: 	at java.nio.file.Files.newInputStream(Files.java:156)
03-09 20:40:59.347  2247 20691 E ProcfsParsingUtils: 	at java.nio.file.Files.newBufferedReader(Files.java:2844)
03-09 20:40:59.347  2247 20691 E ProcfsParsingUtils: 	at com.android.networkstack.com.android.net.module.util.ProcfsParsingUtils.readFile(ProcfsParsingUtils.java:75)
03-09 20:40:59.347  2247 20691 E ProcfsParsingUtils: 	at com.android.networkstack.com.android.net.module.util.ProcfsParsingUtils.getInterfaceMtu(ProcfsParsingUtils.java:350)
03-09 20:40:59.347  2247 20691 E ProcfsParsingUtils: 	at com.android.networkstack.android.net.apf.ApfFilter$Dependencies.getInterfaceMtu(ApfFilter.java:823)
03-09 20:40:59.347  2247 20691 E ProcfsParsingUtils: 	at com.android.networkstack.android.net.apf.ApfFilter.installNewProgram(ApfFilter.java:4004)
03-09 20:40:59.347  2247 20691 E ProcfsParsingUtils: 	at com.android.networkstack.android.net.apf.ApfFilter.processRa(ApfFilter.java:4215)
03-09 20:40:59.347  2247 20691 E ProcfsParsingUtils: 	at com.android.networkstack.android.net.apf.ApfFilter$RaPacketReader.handlePacket(ApfFilter.java:374)
03-09 20:40:59.347  2247 20691 E ProcfsParsingUtils: 	at com.android.networkstack.android.net.apf.ApfFilter$RaPacketReader.handlePacket(ApfFilter.java:358)
03-09 20:40:59.347  2247 20691 E ProcfsParsingUtils: 	at com.android.networkstack.com.android.net.module.util.FdEventsReader.handleInput(FdEventsReader.java:277)
03-09 20:40:59.347  2247 20691 E ProcfsParsingUtils: 	at com.android.networkstack.com.android.net.module.util.FdEventsReader.lambda$createAndRegisterFd$0(FdEventsReader.java:233)
03-09 20:40:59.347  2247 20691 E ProcfsParsingUtils: 	at com.android.networkstack.com.android.net.module.util.FdEventsReader.$r8$lambda$jjSC4hVD2AlVH3T-DbWnF2T3fK8(FdEventsReader.java:0)
03-09 20:40:59.347  2247 20691 E ProcfsParsingUtils: 	at com.android.networkstack.com.android.net.module.util.FdEventsReader$$ExternalSyntheticLambda0.onFileDescriptorEvents(R8$$SyntheticClass:0)
03-09 20:40:59.347  2247 20691 E ProcfsParsingUtils: 	at android.os.MessageQueue.dispatchEvents(MessageQueue.java:304)
03-09 20:40:59.347  2247 20691 E ProcfsParsingUtils: 	at android.os.MessageQueue.nativePollOnce(Native Method)
03-09 20:40:59.347  2247 20691 E ProcfsParsingUtils: 	at android.os.MessageQueue.next(MessageQueue.java:346)
03-09 20:40:59.347  2247 20691 E ProcfsParsingUtils: 	at android.os.Looper.loopOnce(Looper.java:214)
03-09 20:40:59.347  2247 20691 E ProcfsParsingUtils: 	at android.os.Looper.loop(Looper.java:342)
03-09 20:40:59.347  2247 20691 E ProcfsParsingUtils: 	at android.os.HandlerThread.run(HandlerThread.java:85)
03-09 20:40:59.348  2267  2267 I EPDG -- SIM0 [EpdgIntfCont]: Not Mobile Interface. Ignoring Event
03-09 20:40:59.348  2267  2267 I EPDG -- SIM1 [EpdgIntfCont]: Not Mobile Interface. Ignoring Event
03-09 20:40:59.348  1022  1022 D WifiHAL : Setting APF program, halHandle = 0xb400007874b4a310
03-09 20:40:59.348  2267  2267 I EPDG -- SIM0 [EpdgIntfCont]: Not Mobile Interface. Ignoring Event
03-09 20:40:59.348  1022  1022 I WifiHAL : createRequest: APF set program request
03-09 20:40:59.348  2267  2267 I EPDG -- SIM1 [EpdgIntfCont]: Not Mobile Interface. Ignoring Event
03-09 20:40:59.382  1022  1022 I WifiHAL : Done!
03-09 20:40:59.409  2605  2605 I HoneySpace.DvfsManager: releasePageSwipe takenTime: 150
03-09 20:40:59.411  1030  1081 I HYPER-HAL: [RequestManager.cpp]releaseLocked(): Released ID : 3402139
03-09 20:40:59.426  2605  2605 I HoneySpace.ApplistFastRecyclerView: updateCellLayoutAlpha() showAll: false
03-09 20:40:59.426  2605  2605 I HoneySpace.ApplistFastRecyclerView: Scroll Pos(ApplistFastRecyclerView) : (3548, 188812300)-(3694, 188812317)-(3842, 188812330)-(3883, 188812333)-(4042, 188812350)-(4117, 188812367)-(4146, 188812383)-(4156, 188812400)-(4158, 188812417)-End
03-09 20:40:59.696  1501  1811 D InputReader: Btn_touch(9): value=1 when=188812.738048
03-09 20:40:59.696  1501  1811 I InputReader: Touch event's action is 0x0 (id=6, t=0) [pCnt=1, s=0.2944 ] when=188812.738048
03-09 20:40:59.697  1501  1810 I InputDispatcher: Delivering touch to (2090): action: 0x4, f=0x0, d=0, '226afb ', t=1 
03-09 20:40:59.697  1501  1810 I InputDispatcher: Delivering touch to (2605): action: 0x0, f=0x0, d=0, '56bf206', t=1 *(0.50)
03-09 20:40:59.697  2605  2605 I VRI[LauncherActivity]@a46cb51: ViewPostIme pointer 0
03-09 20:40:59.698  1501  1585 I GestureDetector: obtain mCurrentDownEvent. id: 942537188 caller: com.android.server.wm.SystemGesturesPointerEventListener.onPointerEvent:17 com.android.server.wm.PointerEventDispatcher.onInputEvent:51 android.view.InputEventReceiver.dispatchInputEvent:385 
03-09 20:40:59.698  1501  1585 I GestureDetector: obtain mCurrentDownEvent. id: 942537188 caller: com.android.server.wm.SystemPerformancePointerEventListener.onPointerEvent:13 com.android.server.wm.PointerEventDispatcher.onInputEvent:51 android.view.InputEventReceiver.dispatchInputEvent:385 
03-09 20:40:59.698  2605  2605 I HoneySpace.AppscreenContainerView: findActiveTouchController ev = 0
03-09 20:40:59.698  2605  2605 I HoneySpace.AppscreenHomeTouchController: onControllerInterceptTouchEvent ev = 0
03-09 20:40:59.699  2605  2605 I HoneySpace.AppscreenHomeTouchController: canIntercept = true
03-09 20:40:59.699  2605  2605 I HoneySpace.ApplistFastRecyclerView: dispatchTouchEvent() event.action=0
03-09 20:40:59.699  2605  2605 I HoneySpace.ApplistFastRecyclerView: processDownMotionEvent, index = 0, id = 0
03-09 20:40:59.699  2605  2605 I HoneySpace.ApplistFastRecyclerView: initTouchPoint, index = 0, id = 0
03-09 20:40:59.699  2605  2605 I HoneySpace.ApplistFastRecyclerView: processDownMotionEvent, index = 0, id = 0
03-09 20:40:59.705  1501  1585 I GestureDetector: obtain mCurrentMotionEventRaw. action: 2 id: 747328062
03-09 20:40:59.705  1501  1585 I GestureDetector: obtain mCurrentMotionEventRaw. action: 2 id: 747328062
03-09 20:40:59.725  2605  2605 I HoneySpace.AppscreenContainerView: findActiveTouchController ev = 2
03-09 20:40:59.725  2605  2605 I HoneySpace.AppscreenHomeTouchController: onControllerInterceptTouchEvent ev = 2
03-09 20:40:59.726  2605  2605 I HoneySpace.ApplistFastRecyclerView: updateIsBeingDraggedOnTouchDown touchSlop:18, diff:74, moved:true, useLongTouchSlop:false
03-09 20:40:59.726  2605  2605 I HoneySpace.ApplistFastRecyclerView: startScroll
03-09 20:40:59.726  2605  2605 I HoneySpace.ApplistFastRecyclerView: updateCellLayoutAlpha() showAll: true
03-09 20:40:59.726  2605  2605 I HoneySpace.DvfsManager: boostPageSwipe takenTime: 1773042059726
03-09 20:40:59.726  2605  2605 I SemDvfsHyPerManager: acquire hyper - LAUNCHER_TOUCH/2605@3, type = -999
03-09 20:40:59.727  1030  1081 I HYPER-HAL: [RequestManager.cpp]acquire(): Acquired ID : 3402139  [2605 / 3]    HINT : LAUNCHER_TOUCH    list : [TIMEOUT / 10000] 
03-09 20:40:59.754  1501  1811 D InputReader: Btn_touch(9): value=0 when=188812.796190
03-09 20:40:59.754  1501  1811 I InputReader: Touch event's action is 0x1 (id=6, t=0) [pCnt=1, s=] when=188812.796190
03-09 20:40:59.755  1501  1810 I InputDispatcher: Delivering touch to (2605): action: 0x1, f=0x0, d=0, '56bf206', t=1 *(0.50)
03-09 20:40:59.755  2605  2605 I VRI[LauncherActivity]@a46cb51: ViewPostIme pointer 1
03-09 20:40:59.755  2605  2605 I HoneySpace.ApplistFastRecyclerView: resetPageAndTouchState MotionEvent { action=ACTION_UP, actionButton=0, id[0]=0, x[0]=169.27734, y[0]=1250.0, toolType[0]=TOOL_TYPE_FINGER, buttonState=0, classification=NONE, metaState=0, flags=0x0, edgeFlags=0x0, pointerCount=1, historySize=0, eventTime=188812796, downTime=188812738, deviceId=6, source=0x1002, displayId=0, eventId=502429645 }
03-09 20:40:59.755  2605  2605 I HoneySpace.ApplistFastRecyclerView: snapToPageForLooping() velocityX: -17178, isSignificantMove: true, isFling: true, isDeltaXLeft: true, isVelocityXLeft: true, supportInfiniteLoop: false, currentPage: 6, childCount: 12, visibleCount: 1
03-09 20:40:59.755  2605  2605 I HoneySpace.ApplistFastRecyclerView: getSnapToFinalPage() currentPage: 6, getNextPage(): 6, scrollDelta: 1
03-09 20:40:59.755  2605  2605 I HoneySpace.ApplistFastRecyclerView: snapToPage() currentPage: 6, toPage: 7
03-09 20:40:59.755  2605  2605 I HoneySpace.PageIndicatorViewModel: updateTargetPage 7
03-09 20:40:59.755  2605  2605 I HoneySpace.PageIndicatorViewModel: updateCurrentPage 7
03-09 20:40:59.755  2605  2605 I HoneySpace.PageIndicatorViewModel: updateCurrentPage: 7, forSync = 7
03-09 20:40:59.756  2605  2605 I HoneySpace.ApplistFastRecyclerView: Touch Pos(ApplistFastRecyclerView) : D-(557, 188812740)-D-(557, 188812740)-M-(482, 188812767)-S--M-(326.2832, 188812783)-M-(169.27734, 188812796)-U-(169, 188812797)-End
03-09 20:40:59.756  2605  2605 I HoneySpace.ApplistFastRecyclerView: resetTouchState
03-09 20:40:59.756  2605  2690 I HoneySpace.SALoggingUtils: SA Logging screenID: 201 eventId: 1504 detail: {} value: 0
03-09 20:40:59.756  1501  1501 I SemDvfsHyPerManager: acquire hyper - GESTURE_DETECTED/1501@27, type = -999
03-09 20:40:59.757  1501  1501 I SemDvfsHyPerManager: acquire hyper - GESTURE_DETECTED/1501@27, type = -999
03-09 20:40:59.757  1501  1501 I SemDvfsHyPerManager: acquire hyper - SMOOTH_SCROLL/1501@23, type = -999
03-09 20:40:59.757  1030  1081 I HYPER-HAL: [RequestManager.cpp]acquire(): Acquired ID : 1168183  [1501 / 27]    HINT : GESTURE_DETECTED    list : [TIMEOUT / 2893] 
03-09 20:40:59.757  1030  1081 I HYPER-HAL: [ResourceManager.cpp]updateResource(): [CPUMinFreq] UpdateResource Request ID : 1168183    Value : 1248000
03-09 20:40:59.757  1030  1081 I HYPER-HAL: [RequestManager.cpp]acquire(): Acquired ID : 1168183  [1501 / 27]    HINT : GESTURE_DETECTED    list : [TIMEOUT / 2893] 
03-09 20:40:59.757  1030  1081 I HYPER-HAL: [ResourceManager.cpp]updateResource(): [CPUMinFreq] UpdateResource Request ID : 1168183    Value : 1248000
03-09 20:40:59.757  1030  1081 I HYPER-HAL: [RequestManager.cpp]acquire(): Acquired ID : 1162073  [1501 / 23]    HINT : SMOOTH_SCROLL    list : 
03-09 20:40:59.757  1030  1081 I HYPER-HAL: [ResourceManager.cpp]updateResource(): [CPUMinFreq] UpdateResource Request ID : 1162073    Value : 1352000
03-09 20:40:59.758  1030  1081 I HYPER-HAL: [ResourceManager.cpp]removeResource(): [CPUMinFreq] RemoveResource Request ID : 1162073
03-09 20:40:59.758  1030  1081 I HYPER-HAL: [RequestManager.cpp]releaseLocked(): Released ID : 1162073
03-09 20:40:59.759  2605  2605 I HoneySpace.PageIndicatorView: change current page : 7, com.honeyspace.ui.common.pageindicator.PageIndicatorView{9357ff3 V.E...... .......D 0,1539-720,1600 #7f0a0093 app:id/applist_page_indicator}
03-09 20:40:59.759  2605  2605 I HoneySpace.PageIndicatorView: setActiveMarker : 7
03-09 20:40:59.759  2605  2605 I HoneySpace.PageIndicatorView: markers.size = 12
03-09 20:40:59.789  9056  9104 I CalendarProvider$ContactsBirthdaySync: [ContactsBirthdayUpdater] Start contact birthday sync
03-09 20:40:59.789  9056  9104 I CalendarProvider$ContactsBirthdaySync: [ContactsBirthdayUpdater] No invalid contact event exist.
03-09 20:40:59.789  9056  9104 I CalendarProvider$ContactsBirthdaySync: [ContactsRepositoryImpl] [getDataIdSet] start. 1212
03-09 20:40:59.859  2605  2605 I HoneySpace.DvfsManager: releasePageSwipe takenTime: 133
03-09 20:40:59.861  1030  1081 I HYPER-HAL: [RequestManager.cpp]releaseLocked(): Released ID : 3402139
03-09 20:40:59.876  2605  2605 I HoneySpace.ApplistFastRecyclerView: updateCellLayoutAlpha() showAll: false
03-09 20:40:59.876  2605  2605 I HoneySpace.ApplistFastRecyclerView: Scroll Pos(ApplistFastRecyclerView) : (4232, 188812767)-(4388, 188812783)-(4545, 188812796)-(4588, 188812800)-(4751, 188812817)-(4818, 188812833)-(4844, 188812850)-(4850, 188812866)-(4851, 188812883)-End
03-09 20:40:59.880  2267  2267 I EPDG -- SIM0 [SMARTWIFI]: isProfiling, hash=10862378, started=true
03-09 20:40:59.880  2267  2267 W Settings: Setting wifi_on has moved from android.provider.Settings.System to android.provider.Settings.Secure, returning read-only value.
03-09 20:40:59.880  2267  2267 W Settings: Setting wifi_on has moved from android.provider.Settings.Secure to android.provider.Settings.Global.
03-09 20:40:59.881  1501  3616 D SemWifiUsabilityStatsMonitor: onWifiUsabilityStats - seqNum 56262, isSameBssidAndFreq true
03-09 20:40:59.881  2267  2267 I EPDG -- SIM0 [SMARTWIFI]: isProfiling, hash=10862378, started=true
03-09 20:40:59.881  2267  2267 I EPDG -- SIM0 [SMARTWIFI]: Rssi : -43 highrange : -76 lowrange : -85 mIsRssiInHystersis : false
03-09 20:40:59.881  2267  2267 I EPDG -- SIM0 [SMARTWIFI]: Rssi : -43 highrange : -76 lowrange : -85 mIsRssiInHystersis : false
03-09 20:40:59.881  2267  2267 I EPDG -- SIM0 [SMARTWIFI]: getHandoverThresholdMet: value is: false
03-09 20:41:00.002  1501  1501 I EyeComfortSolutionService: action  :  android.intent.action.TIME_TICK
03-09 20:41:00.003  1501  1890 I EyeComfortSolutionService: Week : Mon , Hour : 20 , Minute : 41 , TimeValue : 1241 , wakeup state, defaultBedTime : 0 , start sleep : -360
03-09 20:41:00.003  1501  1890 I EyeComfortSolutionService: currentWakeupStep : 17
03-09 20:41:00.003  2090  2675 I DateTimeView: updateAll - getTimeFormat
03-09 20:41:00.003  2090  2090 D FaceWidgetPagesController: onTimeChanged()
03-09 20:41:00.003  2090  2675 D QSClockBellTower: onReceive(android.intent.action.TIME_TICK) mTimeZoneString:Pacific/Auckland
03-09 20:41:00.005  2090  2090 D QSClockBellTower: He is ready to ring the bell. (((QSClockBellSound - TimeText:8:41, TimeContentDescription:8:41 pm, DateText:Mon, 9 March, ShortDateText:Mon, 9 Mar, Demo:false)))
03-09 20:41:00.006  2090  2090 D QSClock : StatusBar clock=8:41 notifyTimeChanged(QSClockBellSound - TimeText:8:41, TimeContentDescription:8:41 pm, DateText:Mon, 9 March, ShortDateText:Mon, 9 Mar, Demo:false) clockVisibleByPolicy=true, clockVisibleByUser=true, visible=true, parent=android.widget.LinearLayout{1dae0d9 V.E...... ......ID 0,0-61,40 #7f0a061e app:id/left_clock_container} caller=com.android.systemui.statusbar.phone.fragment.CollapsedStatusBarFragment.animateShow:47 com.android.systemui.statusbar.phone.fragment.CollapsedStatusBarFragment.updateStatusBarVisibilitiesInner:207 com.android.systemui.statusbar.phone.fragment.CollapsedStatusBarFragment$$ExternalSyntheticLambda3.run:5 com.android.systemui.statusbar.phone.fragment.CollapsedStatusBarFragment.updateStatusBarVisibilities:47 com.android.systemui.statusbar.phone.fragment.CollapsedStatusBarFragment$$ExternalSyntheticLambda0.onStatusBarWindowStateChanged:7  
03-09 20:41:00.006  2090  2090 D QSClockBellTower: Everyone heard the bell. run(currentTime:1773042060005, getTime():Mon Mar 09 20:41:00 GMT+13:00 2026, getTimeZone():libcore.util.ZoneInfo[mDstSavings=3600000,mUseDst=true,mDelegate=[id="Pacific/Auckland",mRawOffset=43200000,mEarliestRawOffset=41944000,transitions=280]])
03-09 20:41:00.038  9056  9104 I CalendarProvider$ContactsBirthdaySync: [ContactsRepositoryImpl] [getDataIdSet] finish : 0
03-09 20:41:00.065  2090  2090 I VRI[NavigationBar0]@f0fe08d: call setFrameRateCategory for touch hint category=no preference, reason=boost timeout, vri=VRI[NavigationBar0]@f0fe08d
03-09 20:41:00.075  1126  1126 I SurfaceFlinger: [NavigationBar0$_2090#89] setFrameRateCategory: NoPreference
03-09 20:41:00.113  1501  1811 D InputReader: Btn_touch(9): value=1 when=188813.154396
03-09 20:41:00.113  1501  1811 I InputReader: Touch event's action is 0x0 (id=6, t=0) [pCnt=1, s=0.2945 ] when=188813.154396
03-09 20:41:00.113  1501  1810 I InputDispatcher: Delivering touch to (2090): action: 0x4, f=0x0, d=0, '226afb ', t=1 
03-09 20:41:00.113  1501  1810 I InputDispatcher: Delivering touch to (2605): action: 0x0, f=0x0, d=0, '56bf206', t=1 *(0.50)
03-09 20:41:00.114  2605  2605 I VRI[LauncherActivity]@a46cb51: ViewPostIme pointer 0
03-09 20:41:00.114  2605  2605 I HoneySpace.AppscreenContainerView: findActiveTouchController ev = 0
03-09 20:41:00.114  1501  1585 I GestureDetector: obtain mCurrentDownEvent. id: 350604208 caller: com.android.server.wm.SystemGesturesPointerEventListener.onPointerEvent:17 com.android.server.wm.PointerEventDispatcher.onInputEvent:51 android.view.InputEventReceiver.dispatchInputEvent:385 
03-09 20:41:00.114  2605  2605 I HoneySpace.AppscreenHomeTouchController: onControllerInterceptTouchEvent ev = 0
03-09 20:41:00.114  2605  2605 I HoneySpace.AppscreenHomeTouchController: canIntercept = true
03-09 20:41:00.114  1501  1585 I GestureDetector: obtain mCurrentDownEvent. id: 350604208 caller: com.android.server.wm.SystemPerformancePointerEventListener.onPointerEvent:13 com.android.server.wm.PointerEventDispatcher.onInputEvent:51 android.view.InputEventReceiver.dispatchInputEvent:385 
03-09 20:41:00.114  2605  2605 I HoneySpace.ApplistFastRecyclerView: dispatchTouchEvent() event.action=0
03-09 20:41:00.114  2605  2605 I HoneySpace.ApplistFastRecyclerView: processDownMotionEvent, index = 0, id = 0
03-09 20:41:00.114  2605  2605 I HoneySpace.ApplistFastRecyclerView: initTouchPoint, index = 0, id = 0
03-09 20:41:00.115  2605  2605 I HoneySpace.ApplistFastRecyclerView: processDownMotionEvent, index = 0, id = 0
03-09 20:41:00.122  1501  1585 I GestureDetector: obtain mCurrentMotionEventRaw. action: 2 id: 252279084
03-09 20:41:00.122  1501  1585 I GestureDetector: obtain mCurrentMotionEventRaw. action: 2 id: 252279084
03-09 20:41:00.142  2605  2605 I HoneySpace.AppscreenContainerView: findActiveTouchController ev = 2
03-09 20:41:00.142  2605  2605 I HoneySpace.AppscreenHomeTouchController: onControllerInterceptTouchEvent ev = 2
03-09 20:41:00.142  2605  2605 I HoneySpace.ApplistFastRecyclerView: updateIsBeingDraggedOnTouchDown touchSlop:18, diff:67, moved:true, useLongTouchSlop:false
03-09 20:41:00.142  2605  2605 I HoneySpace.ApplistFastRecyclerView: startScroll
03-09 20:41:00.142  2605  2605 I HoneySpace.ApplistFastRecyclerView: updateCellLayoutAlpha() showAll: true
03-09 20:41:00.142  2605  2605 I HoneySpace.DvfsManager: boostPageSwipe takenTime: 1773042060142
03-09 20:41:00.142  2605  2605 I SemDvfsHyPerManager: acquire hyper - LAUNCHER_TOUCH/2605@3, type = -999
03-09 20:41:00.144  1030  1081 I HYPER-HAL: [RequestManager.cpp]acquire(): Acquired ID : 3402139  [2605 / 3]    HINT : LAUNCHER_TOUCH    list : [TIMEOUT / 10000] 
03-09 20:41:00.171  1501  1811 D InputReader: Btn_touch(9): value=0 when=188813.212564
03-09 20:41:00.171  1501  1811 I InputReader: Touch event's action is 0x1 (id=6, t=0) [pCnt=1, s=] when=188813.212564
03-09 20:41:00.171  1501  1810 I InputDispatcher: Delivering touch to (2605): action: 0x1, f=0x0, d=0, '56bf206', t=1 *(0.50)
03-09 20:41:00.171  2605  2605 I VRI[LauncherActivity]@a46cb51: ViewPostIme pointer 1
03-09 20:41:00.171  2605  2605 I HoneySpace.ApplistFastRecyclerView: resetPageAndTouchState MotionEvent { action=ACTION_UP, actionButton=0, id[0]=0, x[0]=187.20703, y[0]=1239.8438, toolType[0]=TOOL_TYPE_FINGER, buttonState=0, classification=NONE, metaState=0, flags=0x0, edgeFlags=0x0, pointerCount=1, historySize=0, eventTime=188813212, downTime=188813154, deviceId=6, source=0x1002, displayId=0, eventId=510939269 }
03-09 20:41:00.171  2605  2605 I HoneySpace.ApplistFastRecyclerView: snapToPageForLooping() velocityX: -15743, isSignificantMove: true, isFling: true, isDeltaXLeft: true, isVelocityXLeft: true, supportInfiniteLoop: false, currentPage: 7, childCount: 12, visibleCount: 1
03-09 20:41:00.171  2605  2605 I HoneySpace.ApplistFastRecyclerView: getSnapToFinalPage() currentPage: 7, getNextPage(): 7, scrollDelta: 1
03-09 20:41:00.172  2605  2605 I HoneySpace.ApplistFastRecyclerView: snapToPage() currentPage: 7, toPage: 8
03-09 20:41:00.172  2605  2605 I HoneySpace.PageIndicatorViewModel: updateTargetPage 8
03-09 20:41:00.172  2605  2605 I HoneySpace.PageIndicatorViewModel: updateCurrentPage 8
03-09 20:41:00.172  2605  2605 I HoneySpace.PageIndicatorViewModel: updateCurrentPage: 8, forSync = 8
03-09 20:41:00.172  2605  2605 I HoneySpace.ApplistFastRecyclerView: Touch Pos(ApplistFastRecyclerView) : D-(540, 188813156)-D-(540, 188813156)-M-(473, 188813183)-S--M-(330.24707, 188813200)-M-(187.20703, 188813213)-U-(187, 188813213)-End
03-09 20:41:00.172  2605  2605 I HoneySpace.ApplistFastRecyclerView: resetTouchState
03-09 20:41:00.172  2605  2690 I HoneySpace.SALoggingUtils: SA Logging screenID: 201 eventId: 1504 detail: {} value: 0
03-09 20:41:00.173  1501  1501 I SemDvfsHyPerManager: acquire hyper - SMOOTH_SCROLL/1501@23, type = -999
03-09 20:41:00.173  1501  1501 I SemDvfsHyPerManager: acquire hyper - GESTURE_DETECTED/1501@27, type = -999
03-09 20:41:00.173  1501  1501 I SemDvfsHyPerManager: acquire hyper - GESTURE_DETECTED/1501@27, type = -999
03-09 20:41:00.173  1030  1081 I HYPER-HAL: [RequestManager.cpp]acquire(): Acquired ID : 1162073  [1501 / 23]    HINT : SMOOTH_SCROLL    list : 
03-09 20:41:00.173  1030  1081 I HYPER-HAL: [ResourceManager.cpp]updateResource(): [CPUMinFreq] UpdateResource Request ID : 1162073    Value : 1352000
03-09 20:41:00.174  1030  1081 I HYPER-HAL: [RequestManager.cpp]acquire(): Acquired ID : 1168183  [1501 / 27]    HINT : GESTURE_DETECTED    list : [TIMEOUT / 2737] 
