03-09 20:41:03.791  8682  8687 I artd    : GetBestInfo: vdex next to the dex file (/data/app/~~f-JzxnA0gpA2j8ws6JEIeg==/com.rumble.battles-9bauSpTqyJNz8dvOUNTFyA==/oat/arm64/base.vdex) is kOatUpToDate with filter 'verify' executable 'false'
03-09 20:41:03.806  8682  8687 I artd    : GetBestInfo: vdex next to the dex file (/data/app/~~_5dRXHjFI2wQcTu3cY0_tA==/com.etsy.butter.sell_on_etsy-BVafmJKkF8SCFLgWaJ-gNQ==/oat/arm64/base.vdex) is kOatUpToDate with filter 'verify' executable 'false'
03-09 20:41:03.815  8682  8687 I artd    : GetBestInfo: vdex next to the dex file (/data/app/~~rRlRkxFVrw1bxDqb2onCSg==/com.samsung.android.scs-_QgIh_kwyzX7rd2KaCbanw==/oat/arm64/base.vdex) is kOatUpToDate with filter 'verify' executable 'false'
03-09 20:41:03.828 21708 21708 W Finsky  : [2] STU: Failed to get storage stats for package 'com.samsung.android.shell' (1601: Error getting stats: android.content.pm.PackageManager.NameNotFoundException)
03-09 20:41:03.831  1030  9146 I HYPER-HAL: [ResourceManager.cpp]removeResource(): [CPUMinFreq] RemoveResource Request ID : 1155979
03-09 20:41:03.835  1030  9146 I HYPER-HAL: [RequestManager.cpp]releaseLocked(): Released ID : 1155979
03-09 20:41:03.839  8682  8687 I artd    : GetBestInfo: odex next to the dex file (/data/app/~~efY-ckWcEP_MpAis5MyOMA==/com.samsung.android.calendar-7Y1WTQ93XmV_TPbJT21Ijw==/oat/arm64/base.odex) is kOatUpToDate with filter 'speed' executable 'false'
03-09 20:41:03.844  8682  8687 I artd    : GetBestInfo: odex next to the dex file (/data/app/~~7a5JLhebp7GhLRLq9bMPvQ==/zombie.survival.craft.z-qfWG1m1FKYVCjj410VoqzA==/oat/arm64/base.odex) is kOatUpToDate with filter 'verify' executable 'false'
03-09 20:41:03.868  8682  8687 I artd    : GetBestInfo: vdex next to the dex file (/data/app/~~BQ-thA2m-jmGux1DyiGM5Q==/com.brave.browser-Gu_F4_H1mc17WJI9EGLKKg==/oat/arm64/base.vdex) is kOatUpToDate with filter 'verify' executable 'false'
03-09 20:41:03.869  8682  8687 I artd    : GetBestInfo: vdex next to the dex file (/data/app/~~BQ-thA2m-jmGux1DyiGM5Q==/com.brave.browser-Gu_F4_H1mc17WJI9EGLKKg==/oat/arm64/split_chrome.vdex) is kOatUpToDate with filter 'verify' executable 'false'
03-09 20:41:03.897  8682  8687 I artd    : GetBestInfo: vdex next to the dex file (/data/app/~~LFYxVX2gjSyvKNYM1MOitQ==/com.google.android.apps.googleassistant-uH4XTHioI25hwatODMpxtQ==/oat/arm64/base.vdex) is kOatUpToDate with filter 'verify' executable 'false'
03-09 20:41:03.917  8682  8687 I artd    : GetBestInfo: vdex next to the dex file (/data/app/~~sIhxHduh9ZnUnBA3Yge9CQ==/com.zoho.crm-Mz_Y0q9rqmxFBZWbdcLGWw==/oat/arm64/base.vdex) is kOatUpToDate with filter 'verify' executable 'false'
03-09 20:41:03.942  8682  8687 I artd    : GetBestInfo: odex next to the dex file (/data/app/~~hQsbknCj_933iSmqp2pHJA==/com.google.android.apps.youtube.music-Dk6UtM5xva3emkbRH8v1Og==/oat/arm64/base.odex) is kOatUpToDate with filter 'speed-profile' executable 'false'
03-09 20:41:03.948  8682  8687 I artd    : GetBestInfo: vdex next to the dex file (/data/app/~~dQmNk95rZjBCatMkVVXlnA==/com.mapmywalk.android2-kft3F3ZgFzHn0bA_y8v2BA==/oat/arm64/base.vdex) is kOatUpToDate with filter 'verify' executable 'false'
03-09 20:41:03.967  8682  8687 I artd    : GetBestInfo: dm (/data/app/~~V9GdXsa5dKeecA_OsCZwog==/com.google.android.webview-Mdgc2PX8hOziQrpXJ3qu-g==/base.dm) is kOatUpToDate with filter 'verify' executable 'false'
03-09 20:41:03.968  8682  8687 I artd    : GetBestInfo: dm (/data/app/~~V9GdXsa5dKeecA_OsCZwog==/com.google.android.webview-Mdgc2PX8hOziQrpXJ3qu-g==/base.dm) is kOatUpToDate with filter 'verify' executable 'false'
03-09 20:41:03.995  1501  1587 D SGM:GameManager: identifyForegroundApp. com.presenceprotocol.app.server, mCurrentUserId: 0, callerUserId: 0
03-09 20:41:03.995  1501  1587 D SGM:SemGameManager: isForegroundGame(), ret=false
03-09 20:41:03.996  1501  9187 D SemInputDeviceManager: setProperty: (0) CMD,GRIP_DATA,1,60,10,20,960,20,3200
03-09 20:41:03.996  1501  9187 D TspStateManager: wrote command: cmd=1,60,10,20,960,20,3200, type=1
03-09 20:41:03.997  1501  1821 D SemInputDevice:TSP: SetPropertyTask: CMD,set_grip_data,1,60,10,20,960,20,3200 [03-09 20:41:03.996]
03-09 20:41:03.999  1091  1091 I sysinput:Touch: writeInformation:249, OK
03-09 20:41:03.999  1501  1821 D SysinputHAL_V1_3(V1_2): runTspCmdNoRead(TSP(1)): set_grip_data,1,60,10,20,960,20,3200 ret=0
03-09 20:41:04.007  8682  8687 I artd    : GetBestInfo: odex next to the dex file (/data/app/~~EPQhpbekFtZ-htQZOcGx0A==/org.thoughtcrime.securesms-jfo59IU4EI_C_pQk_SSpAg==/oat/arm64/base.odex) is kOatUpToDate with filter 'speed-profile' executable 'false'
03-09 20:41:04.014 27010 27010 I InputMethodService: removeImeSurface
03-09 20:41:04.014 27010 27010 I InputMethodService: cancelImeSurfaceRemoval: removeCallbacks
03-09 20:41:04.120  8682  8687 I artd    : GetBestInfo: odex next to the dex file (/data/app/~~N2hIX5R7dsui6D7lk02ZuA==/com.coinbase.android-MmL2MrSu6hMV3SStAawn-A==/oat/arm64/base.odex) is kOatUpToDate with filter 'speed-profile' executable 'false'
03-09 20:41:04.123  8682  8687 I artd    : GetBestInfo: vdex next to the dex file (/data/app/~~6c5NnWtkE9EY_zYkYkC40w==/com.samsung.android.ipsgeofence-IqoCWOEppGFLR5mUCJ_9lA==/oat/arm64/base.vdex) is kOatUpToDate with filter 'verify' executable 'false'
03-09 20:41:04.136  8682  8687 I artd    : GetBestInfo: vdex next to the dex file (/data/app/~~c9sH3WuZS7IMo0mYq2NM2Q==/com.samsung.android.service.stplatform-v_ZrBeTWv27c9fvzydpjLQ==/oat/arm64/base.vdex) is kOatUpToDate with filter 'verify' executable 'false'
03-09 20:41:04.157  8682  8687 I artd    : GetBestInfo: vdex next to the dex file (/data/app/~~IaY0zXXpTEbOR9Rap-dcjg==/com.the.pocketcowbell-HiilwSxVM-pwl4wwvgMz7A==/oat/arm64/base.vdex) is kOatUpToDate with filter 'verify' executable 'false'
03-09 20:41:04.168 21708 21708 W Finsky  : [2] STU: Failed to get storage stats for package 'com.android.apex.cts.shim' (1601: Error getting stats: android.content.pm.PackageManager.NameNotFoundException)
03-09 20:41:04.172  8682  8687 I artd    : GetBestInfo: vdex next to the dex file (/data/app/~~X44I6mw4DWWW5tc0PRDeCA==/com.samsung.android.mdx.kit-wZcG2Tc9aE5HVun0inLwWw==/oat/arm64/base.vdex) is kOatUpToDate with filter 'verify' executable 'false'
03-09 20:41:04.190  8682  8687 I artd    : GetBestInfo: odex next to the dex file (/data/app/~~rDvS1so2gLnpamyMz7F3mw==/com.einnovation.temu-xUuBGmYkErvgrdinvGQz6Q==/oat/arm64/base.odex) is kOatUpToDate with filter 'speed-profile' executable 'false'
03-09 20:41:04.194  8682  8687 I artd    : GetBestInfo: vdex next to the dex file (/data/app/~~JcWAgzHXO3sgYBJ1QgSCpg==/org.chromium.webapk.aca89628a93e697cb_v2-EH9ZriT0aqEitCBcjJbz_g==/oat/arm64/base.vdex) is kOatUpToDate with filter 'verify' executable 'false'
03-09 20:41:04.204  8682  8687 I artd    : GetBestInfo: odex next to the dex file (/data/app/~~y1cIpVGlPJCxUukp4XUZ2g==/org.chromium.webapk.a421b857b65890b8f_v2-pi3lQLMF9emRYLYRbShi-Q==/oat/arm64/base.odex) is kOatUpToDate with filter 'speed-profile' executable 'false'
03-09 20:41:04.205  8682  8687 I artd    : GetBestInfo: vdex next to the dex file (/data/user/0/org.chromium.webapk.a421b857b65890b8f_v2/app_dex/oat/arm64/webapk8.vdex) is kOatUpToDate with filter 'verify' executable 'false'
03-09 20:41:04.252  8682  8687 I artd    : GetBestInfo: odex next to the dex file (/data/app/~~P7dkDPoAvOeVJfRyk6iitg==/com.openai.chatgpt-tlGfqjNWggFDUcjahOLiPg==/oat/arm64/base.odex) is kOatUpToDate with filter 'speed-profile' executable 'false'
03-09 20:41:04.256  8682  8687 I artd    : GetBestInfo: vdex next to the dex file (/data/app/~~6-sFxctA-eYEejNrxHDm4g==/com.google.android.apps.docs-HTcPPrbdhZs4LLtb-JnMzQ==/oat/arm64/base.vdex) is kOatUpToDate with filter 'verify' executable 'false'
03-09 20:41:04.267  8682  8687 I artd    : GetBestInfo: odex next to the dex file (/data/app/~~dYc5o5p7Osl17Qt98_KpNQ==/exodusmovement.exodus-59p_ztWhF-jnp7FIKq17vw==/oat/arm64/base.odex) is kOatUpToDate with filter 'speed-profile' executable 'false'
03-09 20:41:04.272  8682  8687 I artd    : GetBestInfo: odex next to the dex file (/data/app/~~If_TP2EXCPof6yQNuOl4fA==/com.spotify.music-sXJmCG-_WHSKADq0INOemg==/oat/arm64/base.odex) is kOatUpToDate with filter 'speed-profile' executable 'false'
03-09 20:41:04.277  8682  8687 I artd    : GetBestInfo: odex next to the dex file (/data/app/~~oe07_27hBVtuf5iSP5gopQ==/com.authy.authy-Xw0ea13bKb-04AygtxiYVw==/oat/arm64/base.odex) is kOatUpToDate with filter 'speed-profile' executable 'false'
03-09 20:41:04.278 21708 21708 W Finsky  : [2] STU: Failed to get storage stats for package 'com.google.android.appsearch' (1601: Error getting stats: android.content.pm.PackageManager.NameNotFoundException)
03-09 20:41:04.281  8682  8687 I artd    : GetBestInfo: odex next to the dex file (/data/app/~~ypb90Y991IdBwZ-vv_rvVQ==/com.google.android.videos-NFhIfn4zkN47mzd9QTASrg==/oat/arm64/base.odex) is kOatUpToDate with filter 'speed-profile' executable 'false'
03-09 20:41:04.286  8682  8687 I artd    : GetBestInfo: vdex next to the dex file (/data/app/~~Y8v9AIWT4LAyx8EuTgJZ2w==/com.sec.penup-MQymf-EW6TCQw4SziCiDrQ==/oat/arm64/base.vdex) is kOatUpToDate with filter 'verify' executable 'false'
03-09 20:41:04.296 21708 21708 W Finsky  : [2] STU: Failed to get storage stats for package 'com.google.android.art' (1601: Error getting stats: android.content.pm.PackageManager.NameNotFoundException)
03-09 20:41:04.299  8682  8687 I artd    : GetBestInfo: dm (/data/app/~~mnPyRsAaU-lrJFQGctn7tQ==/com.microsoft.office.officehubrow-2-OMJKiccO4y2MBpB_MTIQ==/base.dm) is kOatUpToDate with filter 'verify' executable 'false'
03-09 20:41:04.301  8682  8687 I artd    : GetBestInfo: dm (/data/app/~~mnPyRsAaU-lrJFQGctn7tQ==/com.microsoft.office.officehubrow-2-OMJKiccO4y2MBpB_MTIQ==/split_dynamic_videoplayback_module.dm) is kOatUpToDate with filter 'verify' executable 'false'
03-09 20:41:04.320  8682  8687 I artd    : GetBestInfo: odex next to the dex file (/data/app/~~pgOTKY5oN0rQX4xQUb3g_g==/com.samsung.android.mydevice-NlxdX14R1yEmiKQu7w_OrQ==/oat/arm64/base.odex) is kOatUpToDate with filter 'speed-profile' executable 'false'
03-09 20:41:04.324  8682  8687 I artd    : GetBestInfo: odex next to the dex file (/data/app/~~nv_44gCX_OXBkp7AIqhw1g==/com.bp.bpmenz-bhxRPANPj06UMkhC70SJqg==/oat/arm64/base.odex) is kOatUpToDate with filter 'speed-profile' executable 'false'
03-09 20:41:04.326  1030  9144 I HYPER-HAL: [ResourceManager.cpp]removeResource(): [CPUMaxFreq] RemoveResource Request ID : 12362892
03-09 20:41:04.326  1030  9144 I HYPER-HAL: [RequestManager.cpp]releaseLocked(): Released ID : 12362892
03-09 20:41:04.329  8682  8687 I artd    : GetBestInfo: dm (/data/app/~~N-H0q41MqBDEsUlKiUG8cw==/com.samsung.SMT.lang_vi_vn_f00-IwtLw5cwP1qT0ftKZ7yIzA==/base.dm) is kOatUpToDate with filter 'verify' executable 'false'
03-09 20:41:04.356  8682  8687 I artd    : GetBestInfo: odex next to the dex file (/data/app/~~GdjPqOYUoy7BaxiboE9YrQ==/com.sec.android.app.sbrowser-mZROrG3IrQ2W51n7zAPZpA==/oat/arm64/base.odex) is kOatUpToDate with filter 'speed-profile' executable 'false'
03-09 20:41:04.367  8682  8687 I artd    : GetBestInfo: odex next to the dex file (/data/app/~~pJZs5_0-itak8aOYJe6iZA==/com.whatsapp-QIIpErWTfG-b4B7UVqAwhw==/oat/arm64/base.odex) is kOatUpToDate with filter 'speed-profile' executable 'false'
03-09 20:41:04.385  8682  8687 I artd    : GetBestInfo: odex next to the dex file (/data/app/~~poMg2MZAgjJ7OgeZi2NbPQ==/com.google.android.safetycore-pLxK3uLQ2Upm4cZsnUX42A==/oat/arm64/base.odex) is kOatUpToDate with filter 'speed-profile' executable 'false'
03-09 20:41:04.391  8682  8687 I artd    : GetBestInfo: vdex next to the dex file (/data/app/~~3vCP3CJ8Tb9sJqNwySxCog==/com.sec.android.app.samsungapps-dmF8mc7AdBwSOHf5oAdDzw==/oat/arm64/base.vdex) is kOatUpToDate with filter 'verify' executable 'false'
03-09 20:41:04.405  8682  8687 I artd    : GetBestInfo: vdex next to the dex file (/data/app/~~_U6JP2zl0OPMWy8bfyzJ2w==/com.audible.application-nHwKgYpvcs6AY1b4lTLraw==/oat/arm64/base.vdex) is kOatUpToDate with filter 'verify' executable 'false'
03-09 20:41:04.406  1030  9033 I HYPER-HAL: [ResourceManager.cpp]removeResource(): [CPUMinFreq] RemoveResource Request ID : 1168183
03-09 20:41:04.406  1030  9033 I HYPER-HAL: [RequestManager.cpp]releaseLocked(): Released ID : 1168183
03-09 20:41:04.424  8682  8687 I artd    : GetBestInfo: vdex next to the dex file (/data/app/~~ifO5erQMesml12dZPD26nw==/com.samsung.android.bixbyvision.framework-55idZ8iZWWtTnNFQ30Xjbw==/oat/arm64/base.vdex) is kOatUpToDate with filter 'verify' executable 'false'
03-09 20:41:04.441 21708 21708 W Finsky  : [2] STU: Failed to get storage stats for package 'com.google.android.mediaprovider' (1601: Error getting stats: android.content.pm.PackageManager.NameNotFoundException)
03-09 20:41:04.443  8682  8687 I artd    : GetBestInfo: vdex next to the dex file (/data/app/~~283gS8IQ6hVFb5T6sdiHsw==/com.starbucks.nz-ujOGc-qB3qFIolNJ87tcoQ==/oat/arm64/base.vdex) is kOatUpToDate with filter 'verify' executable 'false'
03-09 20:41:04.454  8682  8687 I artd    : GetBestInfo: vdex next to the dex file (/data/app/~~zkrJH4ujIkNpwSzJaTRfbw==/com.google.android.apps.magazines-dJGFr13-bcUJaYPPTgf9MQ==/oat/arm64/base.vdex) is kOatUpToDate with filter 'verify' executable 'false'
03-09 20:41:04.469  8682  8687 I artd    : GetBestInfo: vdex next to the dex file (/data/app/~~4BHCuJFQ1HjG451hOKGU0A==/com.samsung.android.themestore-wYDbtdWYkgVaGE6jmdDzQQ==/oat/arm64/base.vdex) is kOatUpToDate with filter 'verify' executable 'false'
03-09 20:41:04.479  8682  8687 I artd    : GetBestInfo: dm (/data/app/~~8bFi8IJ4TA0EiLIgehA2Ow==/com.samsung.SMT.lang_hi_in_f00-MTkPqmftLBqi5Aa4QuMaYA==/base.dm) is kOatUpToDate with filter 'verify' executable 'false'
03-09 20:41:04.491  8682  8687 I artd    : GetBestInfo: odex next to the dex file (/data/app/~~-eR5g-Ds1mBwIxA8q6cnqA==/com.gamma.scan-wmSgrGtlVsIYtnc0rkMtnQ==/oat/arm64/base.odex) is kOatUpToDate with filter 'speed-profile' executable 'false'
03-09 20:41:04.493  8682  8687 I artd    : GetBestInfo: odex next to the dex file (/data/user/0/com.gamma.scan/app_pccache/5/8C5AE28E06233ED046257CCB628AC34047ABB1F1/oat/arm64/pcam.odex) is kOatUpToDate with filter 'verify' executable 'false'
03-09 20:41:04.495  8682  8687 I artd    : GetBestInfo: vdex next to the dex file (/data/user/0/com.gamma.scan/app_pccache/5/B50369294326BFF0174667F212A2A9F2E573CFE1/oat/arm64/pcam.vdex) is kOatUpToDate with filter 'verify' executable 'false'
03-09 20:41:04.501  8682  8687 I artd    : GetBestInfo: vdex next to the dex file (/data/app/~~3Vn22lElfp4qRec7QuOs3g==/com.samsung.android.kmxservice-r2VBZEHPaG20B6T0d9giwg==/oat/arm64/base.vdex) is kOatUpToDate with filter 'verify' executable 'false'
03-09 20:41:04.524  8682  8687 I artd    : GetBestInfo: vdex next to the dex file (/data/app/~~xME2qjTve2d8D83mAaIy6w==/com.samsung.android.spay-P24BQl5srx_A_lIws1Ca3A==/oat/arm64/base.vdex) is kOatUpToDate with filter 'verify' executable 'false'
03-09 20:41:04.551 21708 21708 W Finsky  : [2] STU: Failed to get storage stats for package 'com.android.virt' (1601: Error getting stats: android.content.pm.PackageManager.NameNotFoundException)
03-09 20:41:04.552 21708 21708 W Finsky  : [2] STU: Failed to get storage stats for package 'com.android.btservices' (1601: Error getting stats: android.content.pm.PackageManager.NameNotFoundException)
03-09 20:41:04.554  8682  8687 I artd    : GetBestInfo: vdex next to the dex file (/data/app/~~twCf3WWXsK77iTIHrPdVsQ==/com.samsung.android.app.spage-MQV6EqrsB9dr3IE3x1_W3w==/oat/arm64/base.vdex) is kOatUpToDate with filter 'verify' executable 'false'
03-09 20:41:04.568 21708 21708 W Finsky  : [2] STU: Failed to get storage stats for package 'com.google.android.resolv' (1601: Error getting stats: android.content.pm.PackageManager.NameNotFoundException)
03-09 20:41:04.569  8682  8687 I artd    : GetBestInfo: vdex next to the dex file (/data/app/~~0UPfOo7cfDz8I_NOmK3R0Q==/com.trivago-IF3J8JHSa0sD59UL9vTKBg==/oat/arm64/base.vdex) is kOatUpToDate with filter 'verify' executable 'false'
03-09 20:41:04.579  8682  8687 I artd    : GetBestInfo: vdex next to the dex file (/data/app/~~78ATAgI7uylxsSrc7f4yqg==/com.google.android.apps.bard-Ck8IgnJYFGUyUt3T8FN-aA==/oat/arm64/base.vdex) is kOatUpToDate with filter 'verify' executable 'false'
03-09 20:41:04.591  8682  8687 I artd    : GetBestInfo: vdex next to the dex file (/data/app/~~h6imhgVqXmfGqjQwpTY5Cg==/com.strava-HpmLB9PlX96yl08oSNZXuQ==/oat/arm64/base.vdex) is kOatUpToDate with filter 'verify' executable 'false'
03-09 20:41:04.602  8682  8687 I artd    : GetBestInfo: odex next to the dex file (/data/app/~~7SI4bJ2xWzTj37I60BJGlw==/com.wallet.crypto.trustapp-io4ZqmJRghzTZPZxKq3pfg==/oat/arm64/base.odex) is kOatUpToDate with filter 'speed-profile' executable 'false'
03-09 20:41:04.606  8682  8687 I artd    : GetBestInfo: odex next to the dex file (/data/app/~~oJQNHVM6zt1gg_1tuALzJQ==/com.sec.android.app.clockpackage-DJ_-3jbPhuNXjbDA-ChyDw==/oat/arm64/base.odex) is kOatUpToDate with filter 'speed' executable 'false'
03-09 20:41:04.615 21708 21708 W Finsky  : [2] STU: Failed to get storage stats for package 'com.google.android.configinfrastructure' (1601: Error getting stats: android.content.pm.PackageManager.NameNotFoundException)
03-09 20:41:04.615 21708 21708 W Finsky  : [2] STU: Failed to get storage stats for package 'com.google.android.media' (1601: Error getting stats: android.content.pm.PackageManager.NameNotFoundException)
03-09 20:41:04.617  8682  8687 I artd    : GetBestInfo: odex next to the dex file (/data/app/~~Tcm0Yd7KLnV1Bi73Dc7cTg==/com.google.android.apps.maps-q1KCsT8SGnI3Opoy-8QTjA==/oat/arm64/base.odex) is kOatUpToDate with filter 'speed-profile' executable 'false'
03-09 20:41:04.619  8682  8687 I artd    : GetBestInfo: vdex next to the dex file (/data/app/~~iWQe2nRrnT3QxczPLOmCiQ==/com.samsung.android.dkey-G4N01NRmjSckDmm3waZLNQ==/oat/arm64/base.vdex) is kOatUpToDate with filter 'verify' executable 'false'
03-09 20:41:04.634  8682  8687 I artd    : GetBestInfo: vdex next to the dex file (/data/app/~~n5xuy9SaWJ6-icN6GwuUHQ==/nz.com.kmart--prgytbjDYoZkD923STJHA==/oat/arm64/base.vdex) is kOatUpToDate with filter 'verify' executable 'false'
03-09 20:41:04.647  8682  8687 I artd    : GetBestInfo: odex next to the dex file (/data/app/~~JA_kQUJ3YBuNsRUh5yth9Q==/com.google.android.apps.messaging-LlSm6jzN2MQMdamnSccclA==/oat/arm64/base.odex) is kOatUpToDate with filter 'speed-profile' executable 'false'
03-09 20:41:04.649  8682  8687 I artd    : GetBestInfo: odex next to the dex file (/data/user/0/com.google.android.apps.messaging/app_dg_cache/7D5C9405A3D81C422016C0CF22E38A12D08182E8/oat/arm64/the.odex) is kOatUpToDate with filter 'verify' executable 'false'
03-09 20:41:04.654  8682  8687 I artd    : GetBestInfo: odex next to the dex file (/data/app/~~S7is0OT1Urk2WafiBjp7ow==/com.google.android.googlequicksearchbox-1VlqdBuywC8WM4oj7FZMVg==/oat/arm64/base.odex) is kOatUpToDate with filter 'speed-profile' executable 'false'
03-09 20:41:04.658  8682  8687 I artd    : GetBestInfo: vdex next to the dex file (/data/app/~~WiwQwHvYqeSTOE-axfqFOg==/com.samsung.sree-jeepzgm6MGYVh0SopGuv1w==/oat/arm64/base.vdex) is kOatUpToDate with filter 'verify' executable 'false'
03-09 20:41:04.667 21708 21708 W Finsky  : [2] STU: Failed to get storage stats for package 'com.android.vndk.v30' (1601: Error getting stats: android.content.pm.PackageManager.NameNotFoundException)
03-09 20:41:04.671  8682  8687 I artd    : GetBestInfo: vdex next to the dex file (/data/app/~~qKASM1PrnkaTYsi7kOkwsQ==/org.chromium.webapk.ac85e4f34fc9f17eb_v2-N0GjTOacl2vAJXHJPwGg_g==/oat/arm64/base.vdex) is kOatUpToDate with filter 'verify' executable 'false'
03-09 20:41:04.682  8682  8687 I artd    : GetBestInfo: vdex next to the dex file (/data/app/~~X2Wtt2USl0NegCQX9zkbhQ==/com.starlink.mobile-5pph-1OtSu02PJM8CarZwg==/oat/arm64/base.vdex) is kOatUpToDate with filter 'verify' executable 'false'
03-09 20:41:04.701  8682  8687 I artd    : GetBestInfo: vdex next to the dex file (/data/app/~~x0BZx4wxlK_IsVjA1KQcXQ==/org.toshi-kJ27YUv3YeiiUf-smjnTag==/oat/arm64/base.vdex) is kOatUpToDate with filter 'verify' executable 'false'
03-09 20:41:04.712  8682  8687 I artd    : GetBestInfo: odex next to the dex file (/data/app/~~F-R5SNCUWsIohjPKV4X09Q==/com.google.android.documentsui-xUa2RPuy0E72wIAjOLR4og==/oat/arm64/base.odex) is kOatUpToDate with filter 'speed-profile' executable 'false'
03-09 20:41:04.718  8682  8687 I artd    : GetBestInfo: vdex next to the dex file (/data/app/~~omliNGRKw82TNTih3ClC8g==/com.facebook.pages.app-0-juUthiQHg8Rx7L3BgIag==/oat/arm64/base.vdex) is kOatUpToDate with filter 'verify' executable 'false'
03-09 20:41:04.731  8682  8687 I artd    : GetBestInfo: dm (/data/app/~~KFCCidYBOfKgSvnbCtrJfw==/com.samsung.SMT.lang_ru_ru_f00-Hf1CIvjaAHj9Uv9EjAn8HA==/base.dm) is kOatUpToDate with filter 'verify' executable 'false'
03-09 20:41:04.743  8682  8687 I artd    : GetBestInfo: vdex next to the dex file (/data/app/~~M7gOYtP8MCo7rOVlmkbtHg==/com.osp.app.signin-fRedCzPU8SNU2-Y9a1U_tQ==/oat/arm64/base.vdex) is kOatUpToDate with filter 'verify' executable 'false'
03-09 20:41:04.757  8682  8687 I artd    : GetBestInfo: odex next to the dex file (/data/app/~~xCh19sc1w1QqvjdDlOsHCQ==/nz.co.kiwibank.mobile-ZFAAU3VmKGvYJvCYUoBdnQ==/oat/arm64/base.odex) is kOatUpToDate with filter 'speed-profile' executable 'false'
03-09 20:41:04.760  8682  8687 I artd    : GetBestInfo: vdex next to the dex file (/data/app/~~eBv9yl2ty72G8atR7djdkg==/com.scentregroup.westfield-8PWuDesI1rwidjH6HI3x1g==/oat/arm64/base.vdex) is kOatUpToDate with filter 'verify' executable 'false'
03-09 20:41:04.770  8682  8687 I artd    : GetBestInfo: odex next to the dex file (/data/app/~~16F6cj78tAk2VO-ZzChCDA==/com.microsoft.appmanager-Wf42G2B1wxBK469N-KNz1g==/oat/arm64/base.odex) is kOatUpToDate with filter 'speed-profile' executable 'false'
03-09 20:41:04.778  8682  8687 I artd    : GetBestInfo: odex next to the dex file (/data/app/~~_DilfXpp1yxymWbsEj-LYA==/com.microsoft.teams-C8tG9FneXcj-pbntcJjzJg==/oat/arm64/base.odex) is kOatUpToDate with filter 'speed-profile' executable 'false'
03-09 20:41:04.782  8682  8687 I artd    : GetBestInfo: odex next to the dex file (/data/app/~~Awi9r4F1cVJLd5x1XNfs9Q==/cz.acrobits.softphone.aliengroundwire-Ar8ApHMIFSI7FqKF1aqRzQ==/oat/arm64/base.odex) is kOatUpToDate with filter 'speed-profile' executable 'false'
03-09 20:41:04.785  8682  8687 I artd    : GetBestInfo: vdex next to the dex file (/data/app/~~tH1369aNdG3NqSGpMk7Txw==/co.nz.meanpies--V-re_d74n57fp-6gFvGTA==/oat/arm64/base.vdex) is kOatUpToDate with filter 'verify' executable 'false'
03-09 20:41:04.794 21708 21708 W Finsky  : [2] STU: Failed to get storage stats for package 'com.google.android.sdkext' (1601: Error getting stats: android.content.pm.PackageManager.NameNotFoundException)
03-09 20:41:04.802  8682  8687 I artd    : GetBestInfo: vdex next to the dex file (/data/app/~~9xPxfCHiK3ZmHMuhJo5Jzw==/com.samsung.android.app.parentalcare-D6bHfZ9TZQBwbMXAaqOJyw==/oat/arm64/base.vdex) is kOatUpToDate with filter 'verify' executable 'false'
03-09 20:41:04.816  8682  8687 I artd    : GetBestInfo: vdex next to the dex file (/data/app/~~aahCX_DDvP5N8827vCEuYQ==/com.instagram.android-hBuSF1VJCh5x0YXI3Ywaow==/oat/arm64/base.vdex) is kOatUpToDate with filter 'verify' executable 'false'
03-09 20:41:04.831  8682  8687 I artd    : GetBestInfo: vdex next to the dex file (/data/app/~~9gAVRsVy5gCnTOL62q8-kg==/com.etsy.android-F-Z3RHVFyjiAAkSYo9jXTA==/oat/arm64/base.vdex) is kOatUpToDate with filter 'verify' executable 'false'
03-09 20:41:04.839 21708 21708 W Finsky  : [2] STU: Failed to get storage stats for package 'com.samsung.android.biometrics.face' (1601: Error getting stats: android.content.pm.PackageManager.NameNotFoundException)
03-09 20:41:04.839 21708 21708 W Finsky  : [2] STU: Failed to get storage stats for package 'com.google.android.adservices' (1601: Error getting stats: android.content.pm.PackageManager.NameNotFoundException)
03-09 20:41:04.845  8682  8687 I artd    : GetBestInfo: vdex next to the dex file (/data/app/~~uf9-kh4ujqjsWpafVefa-Q==/com.samsung.android.authfw-ITve1Gm5GJ13pXKui9-8YQ==/oat/arm64/base.vdex) is kOatUpToDate with filter 'verify' executable 'false'
03-09 20:41:04.856 21708 21708 W Finsky  : [2] STU: Failed to get storage stats for package 'com.google.android.tethering' (1601: Error getting stats: android.content.pm.PackageManager.NameNotFoundException)
03-09 20:41:04.875  8682  8687 I artd    : GetBestInfo: odex next to the dex file (/data/app/~~d1yTKUSWjwIMTJR_E5HYOA==/com.sec.android.easyMover-7ElWmpz5AzC0TWsBMsp6RQ==/oat/arm64/base.odex) is kOatUpToDate with filter 'speed-profile' executable 'false'
03-09 20:41:04.879  8682  8687 I artd    : GetBestInfo: odex next to the dex file (/data/app/~~flX-iUu_q0qR8mbJNzvyQw==/com.google.android.captiveportallogin-9kFck4I3deNWGJbSGZXWeQ==/oat/arm64/base.odex) is kOatUpToDate with filter 'speed-profile' executable 'false'
03-09 20:41:04.883  8682  8687 I artd    : GetBestInfo: vdex next to the dex file (/data/app/~~7y1buaxFTsLj22ZzUrIdNQ==/com.sec.android.app.kidshome-5ZlSAHrpf4kzwuyGlsYAcw==/oat/arm64/base.vdex) is kOatUpToDate with filter 'verify' executable 'false'
03-09 20:41:04.898  8682  8687 I artd    : GetBestInfo: vdex next to the dex file (/data/app/~~0h6sd-9jJeERsnxIYGWQ_g==/com.clearchannel.iheartradio.controller-yF9FjnIghd9f94Sa4ew1jw==/oat/arm64/base.vdex) is kOatUpToDate with filter 'verify' executable 'false'
03-09 20:41:04.910  8682  8687 I artd    : GetBestInfo: vdex next to the dex file (/data/app/~~O3AHfy_kveTzh3FfU0bdYQ==/com.playrix.township.samsung-TKTe_oADwNkoSt80NzaD4Q==/oat/arm64/base.vdex) is kOatUpToDate with filter 'verify' executable 'false'
03-09 20:41:04.920  8682  8687 I artd    : GetBestInfo: odex next to the dex file (/data/app/~~x8lud1CIvs9KYmYdgtkQJw==/com.android.chrome-AXEA7x6XPFtwAd6s2-1IPg==/oat/arm64/base.odex) is kOatUpToDate with filter 'speed-profile' executable 'false'
03-09 20:41:04.921  8682  8687 I artd    : GetBestInfo: dm (/data/app/~~x8lud1CIvs9KYmYdgtkQJw==/com.android.chrome-AXEA7x6XPFtwAd6s2-1IPg==/split_chrome.dm) is kOatUpToDate with filter 'verify' executable 'false'
03-09 20:41:04.922  8682  8687 I artd    : GetBestInfo: dm (/data/app/~~x8lud1CIvs9KYmYdgtkQJw==/com.android.chrome-AXEA7x6XPFtwAd6s2-1IPg==/split_dev_ui.dm) is kOatUpToDate with filter 'verify' executable 'false'
03-09 20:41:04.923  8682  8687 I artd    : GetBestInfo: dm (/data/app/~~x8lud1CIvs9KYmYdgtkQJw==/com.android.chrome-AXEA7x6XPFtwAd6s2-1IPg==/split_on_demand.dm) is kOatUpToDate with filter 'verify' executable 'false'
03-09 20:41:04.924  8682  8687 I artd    : GetBestInfo: dm (/data/app/~~x8lud1CIvs9KYmYdgtkQJw==/com.android.chrome-AXEA7x6XPFtwAd6s2-1IPg==/split_stack_unwinder.dm) is kOatUpToDate with filter 'verify' executable 'false'
03-09 20:41:04.925  8682  8687 I artd    : GetBestInfo: dm (/data/app/~~x8lud1CIvs9KYmYdgtkQJw==/com.android.chrome-AXEA7x6XPFtwAd6s2-1IPg==/split_test_dummy.dm) is kOatUpToDate with filter 'verify' executable 'false'
03-09 20:41:04.948  1030  9150 I HYPER-HAL: [RequestManager.cpp]releaseLocked(): Released ID : 2262001
03-09 20:41:04.976  8682  8687 I artd    : GetBestInfo: vdex next to the dex file (/data/app/~~D6AON-6eojDYBNkGVnHHug==/com.samsung.android.inputshare-1Ao6j1ruDBY_pInVCJqWzw==/oat/arm64/base.vdex) is kOatUpToDate with filter 'verify' executable 'false'
03-09 20:41:04.987  8682  8687 I artd    : GetBestInfo: vdex next to the dex file (/data/app/~~j5Pc-GdbEEiLtNyjcppGNQ==/com.ddict.dictionary.translator.english-AWFHNwhdjFlvy61zTCuzVA==/oat/arm64/base.vdex) is kOatUpToDate with filter 'verify' executable 'false'
03-09 20:41:04.997  8682  8687 I artd    : GetBestInfo: vdex next to the dex file (/data/app/~~nvQJhLd2PY7JnanR6Tso5Q==/nz.gull.app-r0BHy0wq_PsOL4H0acQhCg==/oat/arm64/base.vdex) is kOatUpToDate with filter 'verify' executable 'false'
03-09 20:41:05.008  8682  8687 I artd    : GetBestInfo: vdex next to the dex file (/data/app/~~xxBlQDiuD4crr69Go--e1A==/com.ubercab.eats-A_tJ0NGCHmL_zTfMcLQ9jA==/oat/arm64/base.vdex) is kOatUpToDate with filter 'verify' executable 'false'
03-09 20:41:05.011  8682  8687 I artd    : GetBestInfo: dm (/data/app/~~xxBlQDiuD4crr69Go--e1A==/com.ubercab.eats-A_tJ0NGCHmL_zTfMcLQ9jA==/split_GooglePaySdk.dm) is kOatUpToDate with filter 'verify' executable 'false'
03-09 20:41:05.013  8682  8687 I artd    : GetBestInfo: dm (/data/app/~~xxBlQDiuD4crr69Go--e1A==/com.ubercab.eats-A_tJ0NGCHmL_zTfMcLQ9jA==/split_cubes.dm) is kOatUpToDate with filter 'verify' executable 'false'
03-09 20:41:05.034 21708 21708 W Finsky  : [2] STU: Failed to get storage stats for package 'com.android.runtime' (1601: Error getting stats: android.content.pm.PackageManager.NameNotFoundException)
03-09 20:41:05.036  8682  8687 I artd    : GetBestInfo: vdex next to the dex file (/data/app/~~_5OpHeuXX1iGyFNLFSb7Bw==/com.google.android.gms.supervision-umaOci-92Pr5Q5TQ7fUA3g==/oat/arm64/base.vdex) is kOatUpToDate with filter 'verify' executable 'false'
03-09 20:41:05.056  8682  8687 I artd    : GetBestInfo: odex next to the dex file (/data/app/~~h77vNIRpm_BKLjXkWcjV0Q==/com.oculus.twilight-cDuMe6Bthv_5Hz4TcuEsnA==/oat/arm64/base.odex) is kOatUpToDate with filter 'speed-profile' executable 'false'
03-09 20:41:05.061  8682  8687 I artd    : GetBestInfo: odex next to the dex file (/data/app/~~0QR_nYUMiZfUyDPIlIOaZg==/com.netflix.mediaclient-VgmV6uA7JLAE4vCRhe0jFQ==/oat/arm64/base.odex) is kOatUpToDate with filter 'speed-profile' executable 'false'
03-09 20:41:05.072  8682  8687 I artd    : GetBestInfo: vdex next to the dex file (/data/app/~~Do0oYmNUMi9Z5lDHiRWXVg==/com.skype.raider-tMWQqZ4oKsFOA6R83Ijs9w==/oat/arm64/base.vdex) is kOatUpToDate with filter 'verify' executable 'false'
03-09 20:41:05.085 21708 21708 W Finsky  : [2] STU: Failed to get storage stats for package 'com.google.android.cellbroadcast' (1601: Error getting stats: android.content.pm.PackageManager.NameNotFoundException)
03-09 20:41:05.086  8682  8687 I artd    : GetBestInfo: /data/app/~~HFim_pOAaN38JGwaOSxs8A==/com.presenceprotocol.app.server-udJe2ZiXBkeoqKksvlUA0w==/base.apk has no usable artifacts
03-09 20:41:05.096  8682  8687 I artd    : GetBestInfo: vdex next to the dex file (/data/app/~~0sSfYELgJd1uCPORILJifQ==/com.mediaworks.therock-qbl5sXHAtKr4kiHViN-AGA==/oat/arm64/base.vdex) is kOatUpToDate with filter 'verify' executable 'false'
03-09 20:41:05.110  8682  8687 I artd    : GetBestInfo: odex next to the dex file (/data/app/~~-rbNxT0bs4EPW3KPUO0Kyw==/com.casinocooks.rewards-mSST8Z4_9KXQgdn4dhFU_g==/oat/arm64/base.odex) is kOatUpToDate with filter 'speed-profile' executable 'false'
03-09 20:41:05.122  8682  8687 I artd    : GetBestInfo: vdex next to the dex file (/data/app/~~uUWn7r_XiG5E1str0olxhw==/com.samsung.android.bixby.ondevice.engb-X_Or89DUDNe90YBgYEDGVQ==/oat/arm64/base.vdex) is kOatUpToDate with filter 'verify' executable 'false'
03-09 20:41:05.139  8682  8687 I artd    : GetBestInfo: vdex next to the dex file (/data/app/~~VGLOLCV7RKQx5uql_N-XWA==/com.samsung.android.mdx-zc4aXil9s5JvjRnhu3Nnig==/oat/arm64/base.vdex) is kOatUpToDate with filter 'verify' executable 'false'
03-09 20:41:05.151  8682  8687 I artd    : GetBestInfo: vdex next to the dex file (/data/app/~~XBDfJCMcf0BoIODmEJJPYA==/cn.danatech.xingseus-7xkhUc3gSk6mDcLEu6xFYg==/oat/arm64/base.vdex) is kOatUpToDate with filter 'verify' executable 'false'
03-09 20:41:05.167  8682  8687 I artd    : GetBestInfo: vdex next to the dex file (/data/app/~~f_nzGgKJz9PTuFIdFezH9g==/com.samsung.android.rampart-Gr7rIcJxXg0f1IcAhyWp1g==/oat/arm64/base.vdex) is kOatUpToDate with filter 'verify' executable 'false'
03-09 20:41:05.179  8682  8687 I artd    : GetBestInfo: vdex next to the dex file (/data/app/~~weIZkQnAYKUXgMhEdY4lNw==/com.samsung.android.carkey-KflnVbe6xNZ9rk6MKcHSNg==/oat/arm64/base.vdex) is kOatUpToDate with filter 'verify' executable 'false'
03-09 20:41:05.197  8682  8687 I artd    : GetBestInfo: vdex next to the dex file (/data/app/~~E7_6Z7VChMVo4Ra0yWfD2A==/com.threepm.chamber-gdeXMnIMx2wSP2Oc4z81hg==/oat/arm64/base.vdex) is kOatUpToDate with filter 'verify' executable 'false'
03-09 20:41:05.207  8682  8687 I artd    : GetBestInfo: odex next to the dex file (/data/app/~~skHOy7TOqMK_Gy_huaumoA==/com.google.android.apps.carrier.carrierwifi-HV8ksnwnZ8CnRfBL383p6w==/oat/arm64/base.odex) is kOatUpToDate with filter 'speed-profile' executable 'false'
03-09 20:41:05.211  8682  8687 I artd    : GetBestInfo: odex next to the dex file (/data/app/~~oDNUxu-DkljXZavEdzPZ5w==/com.sec.android.app.myfiles-8jpq8DfQUaF0ab9MIcgFNA==/oat/arm64/base.odex) is kOatUpToDate with filter 'speed-profile' executable 'false'
03-09 20:41:05.223  8682  8687 I artd    : GetBestInfo: vdex next to the dex file (/data/app/~~gTjmz7Av3dygqG9w5SB-ag==/com.coffeebeanventures.easyvoicerecorder-bHoKNfMnw-_C4yljt9WbNg==/oat/arm64/base.vdex) is kOatUpToDate with filter 'verify' executable 'false'
03-09 20:41:05.239  8682  8687 I artd    : GetBestInfo: odex next to the dex file (/data/app/~~9i5ZWTyhuCpGKbsyqsQUmQ==/com.google.android.apps.restore-S5Lx3TFfQ4u7oIulAksuoQ==/oat/arm64/base.odex) is kOatUpToDate with filter 'speed-profile' executable 'false'
03-09 20:41:05.246  8682  8687 I artd    : GetBestInfo: vdex next to the dex file (/data/app/~~BWub8fAG1aDwPizZYCbHsg==/org.chromium.webapk.ade684c375b7d1e75_v2-ZQujM893SFwMcnpCFzMTQA==/oat/arm64/base.vdex) is kOatUpToDate with filter 'verify' executable 'false'
03-09 20:41:05.256  8682  8687 I artd    : GetBestInfo: vdex next to the dex file (/data/app/~~WttTwQKSpkDEf6VOTx8v_A==/com.etraveli.android-zy0ecvgf8uUhVmcVSVddvw==/oat/arm64/base.vdex) is kOatUpToDate with filter 'verify' executable 'false'
03-09 20:41:05.267  8682  8687 I artd    : GetBestInfo: vdex next to the dex file (/data/app/~~WZ_qgJ8fmmvjpG024DONOQ==/com.mediaworks.android-FWqEfCL-t3EyfOOSbtUW6A==/oat/arm64/base.vdex) is kOatUpToDate with filter 'verify' executable 'false'
03-09 20:41:05.278  8682  8687 I artd    : GetBestInfo: vdex next to the dex file (/data/app/~~1FQK8EOr9Nxkx7sIOG5X1w==/bodyfast.zero.fastingtracker.weightloss-2XuHSB1K4Grn4hBwtz9R8Q==/oat/arm64/base.vdex) is kOatUpToDate with filter 'verify' executable 'false'
03-09 20:41:05.287  8682  8687 I artd    : GetBestInfo: vdex next to the dex file (/data/app/~~6-h9Ceu3EgftB2mnuwuNPg==/com.samsung.android.fast-h-pvcKR00hfF8KQm_ptDcg==/oat/arm64/base.vdex) is kOatUpToDate with filter 'verify' executable 'false'
03-09 20:41:05.287   674   674 D io_stats: !@   8,0 r 6852442 153138028 w 4897981 51951012 d 1172285 196070248 f 0 0 iot 3577152 0 th 0 0 0 pt 0 inp 0 0 188818.329
03-09 20:41:05.287   674   674 D io_stats: !@ Read_top(KB): binder:8682_2(8682) 9916 binder:1288_2(1288) 5748 loop46(3192) 512
03-09 20:41:05.287   674   674 D io_stats: !@ Write_top(KB): android.vending(21708) 68 id.diagmonagent(4825) 24 .gms.persistent(22300) 8
03-09 20:41:05.297  8682  8687 I artd    : GetBestInfo: odex next to the dex file (/data/app/~~1ZOqY0gQYV5afMblfCKhzw==/com.substack.app-L01x1yA5aJXycMgdZ7fdvA==/oat/arm64/base.odex) is kOatUpToDate with filter 'speed-profile' executable 'false'
03-09 20:41:05.301  8682  8687 I artd    : GetBestInfo: vdex next to the dex file (/data/app/~~rLbUASKkO29b3FxsPSmGqg==/com.diotek.diodict3.lookup.adddict.engeng-tIPU4n27Z9q30FahFt2Sbg==/oat/arm64/base.vdex) is kOatUpToDate with filter 'verify' executable 'false'
03-09 20:41:05.312  8682  8687 I artd    : GetBestInfo: odex next to the dex file (/data/app/~~x-jfMmqHLyOaPt9oc_adHg==/com.google.android.apps.photos-8n4NMKOkxj7MuevFk2Nm6g==/oat/arm64/base.odex) is kOatUpToDate with filter 'speed-profile' executable 'false'
03-09 20:41:05.315  8682  8687 I artd    : GetBestInfo: vdex next to the dex file (/data/app/~~VKz0IMA2W3bBRH2qqeuDWA==/musicplayer.musicapps.music.mp3player-wC8GM5IDftClX-O3wOc8bQ==/oat/arm64/base.vdex) is kOatUpToDate with filter 'verify' executable 'false'
03-09 20:41:05.329  8682  8687 I artd    : GetBestInfo: vdex next to the dex file (/data/app/~~lYw6-iYDhQNmgwe2ovTFqQ==/com.samsung.android.oneconnect-a8PQ4M2B--R09ShRweD21A==/oat/arm64/base.vdex) is kOatUpToDate with filter 'verify' executable 'false'
03-09 20:41:05.343  8682  8687 I artd    : GetBestInfo: odex next to the dex file (/data/app/~~8R14jCutr5zbeyNEcF7rJA==/com.samsung.android.app.tips-WCKA1n6Dv_xYdFAJT4FB7g==/oat/arm64/base.odex) is kOatUpToDate with filter 'speed-profile' executable 'false'
03-09 20:41:05.351  8682  8687 I artd    : GetBestInfo: vdex next to the dex file (/data/app/~~wwhRyXPa_gnGq39gyAltdg==/com.discord-aXmyLPDPG5U_F1UtZqZCow==/oat/arm64/base.vdex) is kOatUpToDate with filter 'verify' executable 'false'
03-09 20:41:05.362  8682  8687 I artd    : GetBestInfo: vdex next to the dex file (/data/app/~~dPzZ4s12btQxKt1Fc3ojkQ==/com.samsung.android.app.sharelive-bxPdK2pTlnIau-7KMmeCGg==/oat/arm64/base.vdex) is kOatUpToDate with filter 'verify' executable 'false'
03-09 20:41:05.373  8682  8687 I artd    : GetBestInfo: vdex next to the dex file (/data/app/~~NNx-C3_bVU__FVn0L3ujjg==/com.sec.spp.push-V8fSCpjQzkbNKQgv_DABxQ==/oat/arm64/base.vdex) is kOatUpToDate with filter 'verify' executable 'false'
03-09 20:41:05.385  8682  8687 I artd    : GetBestInfo: vdex next to the dex file (/data/app/~~okPZgyR2nobW8JfNLlsWXQ==/com.google.android.ims-yPFe2bqeRfYa7jBBdieIaw==/oat/arm64/base.vdex) is kOatUpToDate with filter 'verify' executable 'false'
03-09 20:41:05.395  8682  8687 I artd    : GetBestInfo: vdex next to the dex file (/data/app/~~jQ6QaOvMyaJYaL39QDfxtg==/net.metaquotes.metatrader4-Ls4opKZGJFbzXp7ib7st0Q==/oat/arm64/base.vdex) is kOatUpToDate with filter 'verify' executable 'false'
03-09 20:41:05.406 21708 21708 W Finsky  : [2] STU: Failed to get storage stats for package 'com.google.android.tzdata6' (1601: Error getting stats: android.content.pm.PackageManager.NameNotFoundException)
03-09 20:41:05.416  8682  8687 I artd    : GetBestInfo: dm (/data/app/~~R3M32I071odpDfgZS3V1jQ==/com.gemini.android.app-x4on3eUd6kXzyJonTCoJjA==/base.dm) is kOatUpToDate with filter 'verify' executable 'false'
03-09 20:41:05.426 21708 21708 W Finsky  : [2] STU: Failed to get storage stats for package 'com.google.android.permission' (1601: Error getting stats: android.content.pm.PackageManager.NameNotFoundException)
03-09 20:41:05.428  8682  8687 I artd    : GetBestInfo: vdex next to the dex file (/data/app/~~NamtuNft_prhkEWMkO3Sow==/nz.co.telecom.smartphone.android-OGrsyg5MmRpVPPl0aCJBnQ==/oat/arm64/base.vdex) is kOatUpToDate with filter 'verify' executable 'false'
03-09 20:41:05.438  8682  8687 I artd    : GetBestInfo: dm (/data/app/~~g772ZcwIM8PM1m_FK3PBrA==/com.samsung.SMT.lang_th_th_f00-7GfSv0UPLe2PbR-TD01z-g==/base.dm) is kOatUpToDate with filter 'verify' executable 'false'
03-09 20:41:05.450  8682  8687 I artd    : GetBestInfo: vdex next to the dex file (/data/app/~~_cMIhPbaTKsx44bPlvOCyg==/com.pyrsoftware.pokerstars.eu-ZEXuZysNxhBM5qakv9qQrw==/oat/arm64/base.vdex) is kOatUpToDate with filter 'verify' executable 'false'
03-09 20:41:05.462  8682  8687 I artd    : GetBestInfo: odex next to the dex file (/data/app/~~CbFo_nea2vbBQWJvDmVqeQ==/ai.x.grok-Jj-lrJMNY_l2fmnSlHxxDw==/oat/arm64/base.odex) is kOatUpToDate with filter 'speed-profile' executable 'false'
03-09 20:41:05.472  8682  8687 I artd    : GetBestInfo: odex next to the dex file (/data/app/~~I3bEHHOzwSsBSngLvM81ow==/com.facebook.katana-IV0UBXsLX_q0obqSgtaeIg==/oat/arm64/base.odex) is kOatUpToDate with filter 'speed-profile' executable 'false'
03-09 20:41:05.475  8682  8687 I artd    : GetBestInfo: vdex next to the dex file (/data/app/~~XbTwaVOyLLPzLVzM3ekJew==/com.samsung.android.app.reminder-XAMFbyWfAn_bw2dVeKR6BQ==/oat/arm64/base.vdex) is kOatUpToDate with filter 'verify' executable 'false'
03-09 20:41:05.487  8682  8687 I artd    : GetBestInfo: odex next to the dex file (/data/app/~~fUt5dHF2ts8zC-Ou-vVW3Q==/ai.perplexity.app.android-Er8qBsUXnrvaFXyLNwU2SA==/oat/arm64/base.odex) is kOatUpToDate with filter 'speed-profile' executable 'false'
03-09 20:41:05.493  8682  8687 I artd    : GetBestInfo: odex next to the dex file (/data/app/~~5G82a6Zs_DTzqThU8pFV-A==/steptracker.healthandfitness.walkingtracker.pedometer-_MeFGFMf4SlQpq1-G1--qA==/oat/arm64/base.odex) is kOatUpToDate with filter 'speed-profile' executable 'false'
03-09 20:41:05.499  8682  8687 I artd    : GetBestInfo: vdex next to the dex file (/data/app/~~wtwOn5fYxY_ZKD2-nstWKQ==/com.samsung.android.app.smartcapture-qMDFhyMwBlQizCBNNVpTnA==/oat/arm64/base.vdex) is kOatUpToDate with filter 'verify' executable 'false'
03-09 20:41:05.513  8682  8687 I artd    : GetBestInfo: vdex next to the dex file (/data/app/~~8wSW3Elvi7-scKtzX6awPg==/com.airbnb.android-0WWV_J58ES0N8dPD_zomVA==/oat/arm64/base.vdex) is kOatUpToDate with filter 'verify' executable 'false'
03-09 20:41:05.515  8682  8687 I artd    : GetBestInfo: dm (/data/app/~~8wSW3Elvi7-scKtzX6awPg==/com.airbnb.android-0WWV_J58ES0N8dPD_zomVA==/split_dynamic_china.dm) is kOatUpToDate with filter 'verify' executable 'false'
03-09 20:41:05.531  8682  8687 I artd    : GetBestInfo: vdex next to the dex file (/data/app/~~m5aLwt3uyQogEAH0Z_EkkQ==/com.nzta.consumerhub.android.prod-_aI5GrU94cPqJFoE7ANFzg==/oat/arm64/base.vdex) is kOatUpToDate with filter 'verify' executable 'false'
03-09 20:41:05.551  8682  8687 I artd    : GetBestInfo: odex next to the dex file (/data/app/~~0sOiHtlFl9VE7lQlOr7OgQ==/com.sec.android.app.shealth-8Alqa6Lcsub3w9EiFmClCQ==/oat/arm64/base.odex) is kOatUpToDate with filter 'speed-profile' executable 'false'
03-09 20:41:05.554  8682  8687 I artd    : GetBestInfo: odex next to the dex file (/data/app/~~gbbIOguY9eu1StVfnHLPnw==/com.google.android.apps.translate-HzhzSApO9N1rVfhE4BgH9A==/oat/arm64/base.odex) is kOatUpToDate with filter 'speed-profile' executable 'false'
03-09 20:41:05.562  8682  8687 I artd    : GetBestInfo: vdex next to the dex file (/data/app/~~bdbF1nVPA8eBXzlFTBhaow==/com.samsung.android.samsungpass-5bmP_tj9afprVb2F_et8xg==/oat/arm64/base.vdex) is kOatUpToDate with filter 'verify' executable 'false'
03-09 20:41:05.579  8682  8687 I artd    : GetBestInfo: vdex next to the dex file (/data/app/~~IyQyL3qGx5AVqqolnhjMyw==/nz.co.newworld.clubcard-ErLo4wZV7fDvHCpnk91Htg==/oat/arm64/base.vdex) is kOatUpToDate with filter 'verify' executable 'false'
03-09 20:41:05.590  8682  8687 I artd    : GetBestInfo: odex next to the dex file (/data/app/~~J1LRToj4O4jn39pcTyZgvg==/com.samsung.android.appseparation-0MBnU9lETbsdFnZiws344w==/oat/arm64/base.odex) is kOatUpToDate with filter 'speed-profile' executable 'false'
03-09 20:41:05.598  8682  8687 I artd    : GetBestInfo: dm (/data/app/~~0gQhVfgRjHMqvOiiL6NRZA==/com.samsung.SMT.lang_en_us_l03-_RmXPerKYD6oCbqpuoJ-1Q==/base.dm) is kOatUpToDate with filter 'verify' executable 'false'
03-09 20:41:05.612  8682  8687 I artd    : GetBestInfo: odex next to the dex file (/data/app/~~sXHyfc1IdVFg0MDKxlpXmA==/com.linkedin.android-FIEfuqJjZy28-9GY5ur-Yg==/oat/arm64/base.odex) is kOatUpToDate with filter 'speed-profile' executable 'false'
03-09 20:41:05.614  8682  8687 I artd    : GetBestInfo: dm (/data/app/~~sXHyfc1IdVFg0MDKxlpXmA==/com.linkedin.android-FIEfuqJjZy28-9GY5ur-Yg==/split_idverification.dm) is kOatUpToDate with filter 'verify' executable 'false'
03-09 20:41:05.627  8682  8687 I artd    : GetBestInfo: vdex next to the dex file (/data/app/~~pCucuqc7F_0Gelq04cjoDA==/com.samsung.android.aware.service-0QsbBRmkjrscKK9zT3hdQg==/oat/arm64/base.vdex) is kOatUpToDate with filter 'verify' executable 'false'
03-09 20:41:05.645  8682  8687 I artd    : GetBestInfo: vdex next to the dex file (/data/app/~~fzzs9erQoZ8BKPgDnZBpnw==/com.Slack--b0Eq-_4tzjq0GOJXMMAig==/oat/arm64/base.vdex) is kOatUpToDate with filter 'verify' executable 'false'
03-09 20:41:05.657  8682  8687 I artd    : GetBestInfo: vdex next to the dex file (/data/app/~~66VV1wIaqwYpyewWCq-qtA==/com.samsung.android.video-5Qqyy0k-vcf5_lugPzLa-w==/oat/arm64/base.vdex) is kOatUpToDate with filter 'verify' executable 'false'
03-09 20:41:05.683  8682  8687 I artd    : GetBestInfo: odex next to the dex file (/data/app/~~ig5SB-u3CWaCdCrzNIecSg==/com.samsung.android.app.notes-PphVCZo5-1SbTF9mIR15pw==/oat/arm64/base.odex) is kOatUpToDate with filter 'speed-profile' executable 'false'
03-09 20:41:05.687  8682  8687 I artd    : GetBestInfo: vdex next to the dex file (/data/app/~~uBMGgZGusmVrwPRaM4u_tQ==/com.sec.android.app.popupcalculator-kg5t_ORAmPKMwDULQHUjYQ==/oat/arm64/base.vdex) is kOatUpToDate with filter 'verify' executable 'false'
03-09 20:41:05.696 21708 21708 W Finsky  : [2] STU: Failed to get storage stats for package 'com.samsung.android.biometrics.fingerprint' (1601: Error getting stats: android.content.pm.PackageManager.NameNotFoundException)
03-09 20:41:05.698  8682  8687 I artd    : GetBestInfo: odex next to the dex file (/data/app/~~bHsdar2XtE70cp5C14nfZg==/com.azure.authenticator-cxAzgNkd9BHdVHdgFdQm8g==/oat/arm64/base.odex) is kOatUpToDate with filter 'speed-profile' executable 'false'
03-09 20:41:05.741  1501  1621 D PowerManagerService: UserActivityStateListenerState: 0
03-09 20:41:05.802  1501  1811 D InputReader: Btn_touch(9): value=1 when=188818.843985
03-09 20:41:05.802  1501  1811 I InputReader: Touch event's action is 0x0 (id=6, t=0) [pCnt=1, s=0.2950 ] when=188818.843985
03-09 20:41:05.803  1501  1810 I InputDispatcher: Delivering touch to (2090): action: 0x4, f=0x0, d=0, '226afb ', t=1 
03-09 20:41:05.803  1501  1810 I InputDispatcher: Delivering touch to (9130): action: 0x0, f=0x0, d=0, 'ecd2419', t=1 *(0.50)
03-09 20:41:05.803  1501  1810 D PowerManagerService: [api] userActivityFromNative : touch displayId=0 eventTime=188818843
03-09 20:41:05.804  9130  9130 I VRI[MainActivity]@5b19a0c: ViewPostIme pointer 0
03-09 20:41:05.804  1501  1585 I GestureDetector: obtain mCurrentDownEvent. id: 105181726 caller: com.android.server.wm.SystemGesturesPointerEventListener.onPointerEvent:17 com.android.server.wm.PointerEventDispatcher.onInputEvent:51 android.view.InputEventReceiver.dispatchInputEvent:385 
03-09 20:41:05.804  1501  1810 D PowerManagerService: UserActivityStateListenerState: 1
03-09 20:41:05.804  1501  1585 I GestureDetector: obtain mCurrentDownEvent. id: 105181726 caller: com.android.server.wm.SystemPerformancePointerEventListener.onPointerEvent:13 com.android.server.wm.PointerEventDispatcher.onInputEvent:51 android.view.InputEventReceiver.dispatchInputEvent:385 
03-09 20:41:05.810  9130  9130 I VRI[MainActivity]@5b19a0c: call setFrameRateCategory for touch hint category=high hint, reason=touch, vri=VRI[MainActivity]@5b19a0c
03-09 20:41:05.811  1501  1585 I GestureDetector: obtain mCurrentMotionEventRaw. action: 2 id: 995703942
03-09 20:41:05.811  1501  1585 I GestureDetector: obtain mCurrentMotionEventRaw. action: 2 id: 995703942
03-09 20:41:05.823  1126  1126 I SurfaceFlinger: [com.presenceprotocol.app.server/com.presenceprotocol.app.ui.MainActivity$_9130#6422] setFrameRateCategory: HighHint
03-09 20:41:05.877  1501  1811 D InputReader: Btn_touch(9): value=0 when=188818.918898
03-09 20:41:05.877  1501  1811 I InputReader: Touch event's action is 0x1 (id=6, t=0) [pCnt=1, s=] when=188818.918898
03-09 20:41:05.877  1501  1810 I InputDispatcher: Delivering touch to (9130): action: 0x1, f=0x0, d=0, 'ecd2419', t=1 *(0.50)
03-09 20:41:05.878  9130  9130 I VRI[MainActivity]@5b19a0c: ViewPostIme pointer 1
03-09 20:41:05.879  9130  9130 E PP_BLE  : VM: toggle handler entered
03-09 20:41:05.879  9130  9130 E PP_BLE  : VM: BLE_ROLE=SERVER_ONLY next=true
03-09 20:41:05.879  9130  9130 E PP_BLE  : VM: starting GATT SERVER + DISCOVERY
03-09 20:41:05.879  9130  9130 D PresenceGatt: GATT_SERVER_START_BEGIN
03-09 20:41:05.880  2090  2198 D SRotationLockTile:  mRotationLocked: false handleUpdateState: true orientation = true
03-09 20:41:05.881  2090  2198 D SRotationLockTile:  mRotationLocked: false handleUpdateState: true orientation = true
03-09 20:41:05.881  2090  2198 D SRotationLockTile:  mRotationLocked: false handleUpdateState: true orientation = true
03-09 20:41:05.881  9130  9130 D BluetoothAdapter: isLeEnabled(): ON
03-09 20:41:05.882  9130  9130 D BluetoothGattServer: registerCallback()
03-09 20:41:05.882  9130  9130 D BluetoothGattServer: registerCallback() - UUID=ddd6a995-fbf8-4828-a547-7a36905a3502
03-09 20:41:05.883  2289 12699 D BtGatt.GattService: registerServer() - UUID=ddd6a995-fbf8-4828-a547-7a36905a3502
03-09 20:41:05.883  2289 12699 D BtGatt.ContextMap: add() - appUid: 10538, appPid: 9130, appName: com.presenceprotocol.app.server, uuid : ddd6a995-fbf8-4828-a547-7a36905a3502
03-09 20:41:05.883  2289  2428 I bluetooth: system/bta/gatt/bta_gatts_act.cc:203 bta_gatts_register: register application first_unuse rcb_idx=1
03-09 20:41:05.883  2289  2428 W gatt_api: system/stack/gatt/gatt_api.cc:1304 GATT_Register: Allocated name:GattServer uuid:ddd6a995-fbf8-4828-a547-7a36905a3502 gatt_if:7 eatt_support:false
03-09 20:41:05.883  2289  2428 D gatt_api: system/stack/gatt/gatt_api.cc:1424 GATT_StartIf: Starting GATT interface gatt_if_:7
03-09 20:41:05.883  2289  2428 D gatt_utils: system/stack/gatt/gatt_utils.cc:294 gatt_find_the_connected_bda: start_idx=0
03-09 20:41:05.884  2289  2902 D BtGatt.GattService: onServerRegistered() - UUID=ddd6a995-fbf8-4828-a547-7a36905a3502, serverIf=7, status: 0
03-09 20:41:05.884  2289  2428 D gatt_utils: system/stack/gatt/gatt_utils.cc:306 gatt_find_the_connected_bda: found=false found_idx=16
03-09 20:41:05.884  9130  9139 D BluetoothGattServer: onServerRegistered() - status=0 serverIf=7
03-09 20:41:05.884  9130  9130 D BluetoothGattServer: addService() - service: 7d3a2d6b-9b7a-4f2a-9e5e-0c9d6f1b1c01
03-09 20:41:05.885  2289 12699 D BtGatt.GattService: addService() - uuid=7d3a2d6b-9b7a-4f2a-9e5e-0c9d6f1b1c01
03-09 20:41:05.885  2289  2428 I bluetooth: system/bta/gatt/bta_gatts_api.cc:131 bta_gatts_add_service_impl: rcb_idx=1
